[{"filePath":"C:\\Users\\Cleber\\Documents\\EASY FLY\\SISTEMA\\Easy Fly\\app\\api\\lookup-flight\\route.ts","messages":[],"suppressedMessages":[],"errorCount":0,"fatalErrorCount":0,"warningCount":0,"fixableErrorCount":0,"fixableWarningCount":0,"usedDeprecatedRules":[]},{"filePath":"C:\\Users\\Cleber\\Documents\\EASY FLY\\SISTEMA\\Easy Fly\\app\\api\\lookup-hotel\\route.ts","messages":[],"suppressedMessages":[],"errorCount":0,"fatalErrorCount":0,"warningCount":0,"fixableErrorCount":0,"fixableWarningCount":0,"usedDeprecatedRules":[]},{"filePath":"C:\\Users\\Cleber\\Documents\\EASY FLY\\SISTEMA\\Easy Fly\\app\\cotacao\\[id]\\page.tsx","messages":[{"ruleId":"react-hooks/set-state-in-effect","severity":2,"message":"Error: Calling setState synchronously within an effect can trigger cascading renders\n\nEffects are intended to synchronize state between React and external systems such as manually updating the DOM, state management libraries, or other platform APIs. In general, the body of an effect should do one or both of the following:\n* Update external systems with the latest state from React.\n* Subscribe for updates from some external system, calling setState in a callback function when external state changes.\n\nCalling setState synchronously within an effect body causes cascading renders that can hurt performance, and is not recommended. (https://react.dev/learn/you-might-not-need-an-effect).\n\nC:\\Users\\Cleber\\Documents\\EASY FLY\\SISTEMA\\Easy Fly\\app\\cotacao\\[id]\\page.tsx:415:7\n  413 |   useEffect(() => {\n  414 |     if ((window as any).L) {\n> 415 |       setLeafletReady(true);\n      |       ^^^^^^^^^^^^^^^ Avoid calling setState() directly within an effect\n  416 |       return;\n  417 |     }\n  418 |     const interval = setInterval(() => {","line":415,"column":7,"nodeType":null,"endLine":415,"endColumn":22},{"ruleId":"@next/next/no-img-element","severity":1,"message":"Using `<img>` could result in slower LCP and higher bandwidth. Consider using `<Image />` from `next/image` or a custom image loader to automatically optimize images. This may incur additional usage or cost from your provider. See: https://nextjs.org/docs/messages/no-img-element","line":639,"column":9,"nodeType":"JSXOpeningElement","endLine":644,"endColumn":11},{"ruleId":"@next/next/no-img-element","severity":1,"message":"Using `<img>` could result in slower LCP and higher bandwidth. Consider using `<Image />` from `next/image` or a custom image loader to automatically optimize images. This may incur additional usage or cost from your provider. See: https://nextjs.org/docs/messages/no-img-element","line":1041,"column":11,"nodeType":"JSXOpeningElement","endLine":1045,"endColumn":13},{"ruleId":"@next/next/no-img-element","severity":1,"message":"Using `<img>` could result in slower LCP and higher bandwidth. Consider using `<Image />` from `next/image` or a custom image loader to automatically optimize images. This may incur additional usage or cost from your provider. See: https://nextjs.org/docs/messages/no-img-element","line":1064,"column":17,"nodeType":"JSXOpeningElement","endLine":1064,"endColumn":82},{"ruleId":"@next/next/no-img-element","severity":1,"message":"Using `<img>` could result in slower LCP and higher bandwidth. Consider using `<Image />` from `next/image` or a custom image loader to automatically optimize images. This may incur additional usage or cost from your provider. See: https://nextjs.org/docs/messages/no-img-element","line":1173,"column":11,"nodeType":"JSXOpeningElement","endLine":1177,"endColumn":13},{"ruleId":"@next/next/no-img-element","severity":1,"message":"Using `<img>` could result in slower LCP and higher bandwidth. Consider using `<Image />` from `next/image` or a custom image loader to automatically optimize images. This may incur additional usage or cost from your provider. See: https://nextjs.org/docs/messages/no-img-element","line":1264,"column":19,"nodeType":"JSXOpeningElement","endLine":1264,"endColumn":155},{"ruleId":"react-hooks/exhaustive-deps","severity":1,"message":"React Hook useEffect has a missing dependency: 'fetchLead'. Either include it or remove the dependency array.","line":1339,"column":6,"nodeType":"ArrayExpression","endLine":1339,"endColumn":10,"suggestions":[{"desc":"Update the dependencies array to be: [fetchLead, id]","fix":{"range":[67456,67460],"text":"[fetchLead, id]"}}]},{"ruleId":"@next/next/no-img-element","severity":1,"message":"Using `<img>` could result in slower LCP and higher bandwidth. Consider using `<Image />` from `next/image` or a custom image loader to automatically optimize images. This may incur additional usage or cost from your provider. See: https://nextjs.org/docs/messages/no-img-element","line":1397,"column":13,"nodeType":"JSXOpeningElement","endLine":1397,"endColumn":93},{"ruleId":"@next/next/no-img-element","severity":1,"message":"Using `<img>` could result in slower LCP and higher bandwidth. Consider using `<Image />` from `next/image` or a custom image loader to automatically optimize images. This may incur additional usage or cost from your provider. See: https://nextjs.org/docs/messages/no-img-element","line":1413,"column":13,"nodeType":"JSXOpeningElement","endLine":1413,"endColumn":93},{"ruleId":"@next/next/no-img-element","severity":1,"message":"Using `<img>` could result in slower LCP and higher bandwidth. Consider using `<Image />` from `next/image` or a custom image loader to automatically optimize images. This may incur additional usage or cost from your provider. See: https://nextjs.org/docs/messages/no-img-element","line":1531,"column":16,"nodeType":"JSXOpeningElement","endLine":1531,"endColumn":92},{"ruleId":"@next/next/no-img-element","severity":1,"message":"Using `<img>` could result in slower LCP and higher bandwidth. Consider using `<Image />` from `next/image` or a custom image loader to automatically optimize images. This may incur additional usage or cost from your provider. See: https://nextjs.org/docs/messages/no-img-element","line":1558,"column":17,"nodeType":"JSXOpeningElement","endLine":1558,"endColumn":101},{"ruleId":"@next/next/no-img-element","severity":1,"message":"Using `<img>` could result in slower LCP and higher bandwidth. Consider using `<Image />` from `next/image` or a custom image loader to automatically optimize images. This may incur additional usage or cost from your provider. See: https://nextjs.org/docs/messages/no-img-element","line":1832,"column":23,"nodeType":"JSXOpeningElement","endLine":1832,"endColumn":107}],"suppressedMessages":[],"errorCount":1,"fatalErrorCount":0,"warningCount":11,"fixableErrorCount":0,"fixableWarningCount":0,"source":"'use client';\n\nimport { useEffect, useState, useRef } from 'react';\nimport { useParams } from 'next/navigation';\nimport { createClient } from '@supabase/supabase-js';\nimport Script from 'next/script';\nimport {\n  Plane, Hotel, Shield, Car, Package, Calendar, Users, Briefcase,\n  Phone, MessageCircle, CheckCircle, Clock, CreditCard, ArrowRight,\n  MapPin, ChevronDown, ChevronUp, Info, Map, TrendingDown, Backpack, Luggage, Instagram, RefreshCw, DollarSign,\n  Printer, ShieldAlert, Download, FileText, Star, X\n} from 'lucide-react';\nimport { motion, AnimatePresence } from 'framer-motion';\n\nconst supabase = createClient(\n  process.env.NEXT_PUBLIC_SUPABASE_URL || '',\n  process.env.NEXT_PUBLIC_SUPABASE_ANON_KEY || ''\n);\n\nconst AGENCY = {\n  name: 'Easy Fly Ag├¬ncia de Viagens',\n  legalName: 'EASY FLY AGENCIA DE VIAGENS LTDA',\n  cnpj: '45.480.207/0001-49',\n  phone: '(87) 99952-5083',\n  whatsapp: '5587999525083',\n  email: 'contato@easyflyagency.com.br',\n  instagram: '@easyflly',\n  address: 'Engenheiro brandao cavalcante, 224, Casa, Quadra 01, Petrol├óndia - PE, 56460-000',\n  logoUrl: '/logo2.png',\n};\n\nconst INSTALLMENTS = [1, 2, 3, 4, 6, 10, 12];\n\nconst formatCurrency = (value: number) =>\n  new Intl.NumberFormat('pt-BR', { style: 'currency', currency: 'BRL' }).format(value);\n\nconst formatDate = (dateStr?: string) => {\n  if (!dateStr) return 'ÔÇö';\n  try {\n    const [year, month, day] = dateStr.split('-');\n    return `${day}/${month}/${year}`;\n  } catch { return dateStr; }\n};\n\nconst BRAZILIAN_STATES = [\n  'AC', 'AL', 'AP', 'AM', 'BA', 'CE', 'DF', 'ES', 'GO', 'MA', 'MT', 'MS', 'MG', \n  'PA', 'PB', 'PR', 'PE', 'PI', 'RJ', 'RN', 'RS', 'RO', 'RR', 'SC', 'SP', 'SE', 'TO',\n  'BRASIL', 'BRAZIL'\n];\n\nconst checkInternational = (lead?: Lead) => {\n  if (!lead) return { isIntl: false, region: 'Nacional' };\n  \n  const items = lead.items;\n  let region = 'Nacional';\n  let isIntl = false;\n\n  const MERCOSUL = [\n    { name: 'Argentina', keys: ['ARGENTINA', 'BUENOS AIRES', 'MENDOZA', 'BARILOCHE', 'USHUAIA', 'EZE', 'AEP', 'MDZ', 'BRC', 'USH', 'IGR'] },\n    { name: 'Chile', keys: ['CHILE', 'SANTIAGO', 'SANTIAGO DO CHILE', 'VALPARAISO', 'VI├æA DEL MAR', 'PASCUA', 'SCL'] },\n    { name: 'Uruguai', keys: ['URUGUAI', 'MONTEVIDEO', 'PUNTA DEL ESTE', 'COLONIA'] },\n    { name: 'Paraguai', keys: ['PARAGUAI', 'ASUNCAO', 'CIUDAD DEL ESTE'] },\n    { name: 'Peru', keys: ['PERU', 'LIMA', 'CUSCO', 'MACHU PICCHU'] },\n    { name: 'Colombia', keys: ['COLOMBIA', 'BOGOTA', 'CARTAGENA', 'MEDELLIN'] }\n  ];\n\n  const EUROPA = ['PORTUGAL', 'ESPANHA', 'FRAN├çA', 'ITALIA', 'ALEMANHA', 'REINO UNIDO', 'INGLATERRA', 'LISBOA', 'MADRID', 'PARIS', 'ROMA', 'LONDRES', 'BERLIM', 'AMSTERDAM', 'SUI├çA', 'EUROPA', 'LIS', 'MAD', 'CDG', 'ORY', 'LHR', 'LGW', 'LCY', 'CIA', 'FCO', 'BCN'];\n  const EUA = ['EUA', 'USA', 'ESTADOS UNIDOS', 'UNITED STATES', 'MIAMI', 'ORLANDO', 'NY', 'NEW YORK', 'LAS VEGAS', 'CHICAGO', 'LOS ANGELES', 'MIA', 'MCO', 'JFK', 'EWR', 'LAX', 'SFO', 'LAS'];\n  const MEXICO = ['MEXICO', 'CANCUN', 'RIVIERA MAYA', 'TULUM', 'CIDADE DO MEXICO', 'MEX', 'CUN'];\n  const DUBAI = ['DUBAI', 'UAE', 'EMIRADOS ARABES', 'ABU DHABI'];\n\n  const getCleanText = (t?: string) => (t || '').toUpperCase().normalize(\"NFD\").replace(/[\\u0300-\\u036f]/g, \"\").trim();\n\n  // 1. Verificar itens de passagem (Maior precis├úo)\n  if (items) {\n    for (const item of items) {\n      if (item.type !== 'passagem') continue;\n      const dest = getCleanText(item.destination);\n      \n      if (dest && !BRAZILIAN_STATES.includes(dest) && dest !== 'BRASIL' && dest !== 'BRAZIL' && dest.length > 2) {\n        isIntl = true;\n        if (EUA.some(k => dest.includes(k))) return { isIntl: true, region: 'Estados Unidos' };\n        if (EUROPA.some(k => dest.includes(k))) return { isIntl: true, region: 'Europa' };\n        if (MEXICO.some(k => dest.includes(k))) return { isIntl: true, region: 'M├®xico' };\n        if (DUBAI.some(k => dest.includes(k))) return { isIntl: true, region: 'Dubai' };\n        \n        const merc = MERCOSUL.find(m => m.keys.some(k => dest.includes(k)));\n        if (merc) return { isIntl: true, region: merc.name };\n        \n        return { isIntl: true, region: 'Internacional' };\n      }\n    }\n  }\n\n  // 2. Fallback: T├¡tulo ou Tags\n  const context = getCleanText(lead.title + (lead.tags?.join(' ') || ''));\n  if (EUA.some(k => context.includes(k))) return { isIntl: true, region: 'Estados Unidos' };\n  if (EUROPA.some(k => context.includes(k))) return { isIntl: true, region: 'Europa' };\n  if (MEXICO.some(k => context.includes(k))) return { isIntl: true, region: 'M├®xico' };\n  if (DUBAI.some(k => context.includes(k))) return { isIntl: true, region: 'Dubai' };\n  \n  const mercFallback = MERCOSUL.find(m => m.keys.some(k => context.includes(k)));\n  if (mercFallback) return { isIntl: true, region: mercFallback.name };\n\n  return { isIntl, region };\n};\n\ntype ItemType = 'passagem' | 'hospedagem' | 'seguro' | 'carro' | 'adicionais';\n\ninterface LeadItem {\n  id: string;\n  type: ItemType;\n  flightType?: 'ida' | 'ida_volta';\n  origin?: string;\n  destination?: string;\n  departureDate?: string;\n  departureTime?: string;\n  arrivalDate?: string;\n  arrivalTime?: string;\n  returnDate?: string;\n  returnTime?: string;\n  returnArrivalDate?: string;\n  returnArrivalTime?: string;\n  flightNumber?: string;\n  returnFlightNumber?: string;\n  airline?: string;\n  duration?: string;\n  locator?: string;\n  purchaseNumber?: string;\n  flightClass?: string;\n  connections?: string;\n  checkinNotif?: string;\n  personalItem?: number;\n  carryOn?: number;\n  checkedBag23kg?: number;\n  outboundSegments?: any[];\n  inboundSegments?: any[];\n  returnDuration?: string;\n  hotelName?: string;\n  hotelAddress?: string;\n  hotelPhotos?: string[];\n  hotelId?: string;\n  hotelDescription?: string;\n  hotelAmenities?: string[];\n  checkInDate?: string;\n  checkOutDate?: string;\n  value?: number;\n  description?: string;\n  vendor?: string;\n}\n\ninterface Lead {\n  id: string;\n  title?: string;\n  name: string;\n  value: number;\n  status: string;\n  items?: LeadItem[];\n  tags?: string[];\n  duration?: string;\n  adults?: number;\n  children?: number;\n  babies?: number;\n  luggage23kg?: number;\n  emissor?: string;\n  notes?: string;\n  phone?: string;\n  usd_rate: number;\n  eur_rate: number;\n  gbp_rate: number;\n}\n\nfunction TypeIcon({ type }: { type: string }) {\n  switch (type) {\n    case 'passagem': return <Plane className=\"w-5 h-5\" />;\n    case 'hospedagem': return <Hotel className=\"w-5 h-5\" />;\n    case 'seguro': return <Shield className=\"w-5 h-5\" />;\n    case 'carro': return <Car className=\"w-5 h-5\" />;\n    default: return <Package className=\"w-5 h-5\" />;\n  }\n}\n\nfunction TypeGradient(type: string) {\n  switch (type) {\n    case 'passagem': return 'from-blue-500 to-cyan-500';\n    case 'hospedagem': return 'from-purple-500 to-pink-500';\n    case 'seguro': return 'from-green-500 to-emerald-500';\n    case 'carro': return 'from-orange-500 to-amber-500';\n    default: return 'from-gray-500 to-slate-500';\n  }\n}\n\nfunction TypeLabel({ type }: { type: string }) {\n  const map: Record<string, string> = {\n    passagem: 'Passagem A├®rea', hospedagem: 'Hospedagem',\n    seguro: 'Seguro Viagem', carro: 'Aluguel de Carro', adicionais: 'Adicionais'\n  };\n  return <>{map[type] || type}</>;\n}\n\nfunction SectionTitle({ icon, title }: { icon: React.ReactNode; title: string }) {\n  return (\n    <div className=\"flex items-center gap-3 mb-4\">\n      <div className=\"w-8 h-8 bg-[#19727d]/10 rounded-xl flex items-center justify-center text-[#19727d]\">\n        {icon}\n      </div>\n      <h2 className=\"text-lg font-black text-gray-800 tracking-tight\">{title}</h2>\n    </div>\n  );\n}\n\nfunction TravelChecklist({ isIntl, region }: { isIntl: boolean, region: string }) {\n  const getItems = () => {\n    if (region === 'Argentina') {\n      return [\n        { icon: <Briefcase className=\"w-4 h-4\" />, title: \"RG Original (ID)\", desc: \"RG f├¡sico original com menos de 10 anos e em bom estado. CNH N├âO ├® aceita na imigra├º├úo.\" },\n        { icon: <Shield className=\"w-4 h-4\" />, title: \"Seguro Viagem Obrigat├│rio\", desc: \"Exig├¬ncia legal (Decreto 2025). O seguro m├®dico ├® indispens├ível para entrar na Argentina.\" },\n        { icon: <CheckCircle className=\"w-4 h-4\" />, title: \"Passaporte Opcional\", desc: \"Embora o RG seja suficiente, o passaporte ├® aceito e recomendado.\" },\n        { icon: <Users className=\"w-4 h-4\" />, title: \"Menores de Idade\", desc: \"RG original + autoriza├º├úo se viajar com apenas um dos pais.\" }\n      ];\n    }\n    if (region === 'Chile') {\n      return [\n        { icon: <Briefcase className=\"w-4 h-4\" />, title: \"RG Original (ID)\", desc: \"RG f├¡sico original com menos de 10 anos e em bom estado. CNH N├âO ├® aceita na imigra├º├úo.\" },\n        { icon: <Shield className=\"w-4 h-4\" />, title: \"Seguro Viagem\", desc: \"Altamente recomendado devido aos elevados custos da sa├║de privada no Chile.\" },\n        { icon: <CheckCircle className=\"w-4 h-4\" />, title: \"Passaporte Opcional\", desc: \"Brasileiros podem entrar no Chile apenas com o RG em bom estado.\" },\n        { icon: <Users className=\"w-4 h-4\" />, title: \"Menores de Idade\", desc: \"RG original + autoriza├º├úo se viajar com apenas um dos pais.\" }\n      ];\n    }\n    if (['Uruguai', 'Paraguai', 'Peru', 'Colombia'].includes(region)) {\n      return [\n        { icon: <Briefcase className=\"w-4 h-4\" />, title: \"RG Original (ID)\", desc: \"RG f├¡sico original com menos de 10 anos. CNH n├úo possui validade para imigra├º├úo no Mercosul.\" },\n        { icon: <CheckCircle className=\"w-4 h-4\" />, title: \"Passaporte Opcional\", desc: \"Como pa├¡s do Mercosul, o passaporte n├úo ├® obrigat├│rio, mas recomendado.\" },\n        { icon: <Shield className=\"w-4 h-4\" />, title: \"Seguro Viagem\", desc: \"Recomendado para garantir atendimento m├®dico hospitalar seguro durante sua estadia.\" },\n        { icon: <Users className=\"w-4 h-4\" />, title: \"Menores de Idade\", desc: \"Documenta├º├úo original e autoriza├º├Áes de viagem obrigat├│rias.\" }\n      ];\n    }\n    \n    switch(region) {\n      case 'Estados Unidos':\n        return [\n          { icon: <Briefcase className=\"w-4 h-4\" />, title: \"Visto Americano\", desc: \"Obrigat├│rio Visto B1/B2 ou ESTA aprovado. Verifique a validade do seu visto atual.\" },\n          { icon: <Clock className=\"w-4 h-4\" />, title: \"Passaporte 6 Meses\", desc: \"O passaporte deve ter validade m├¡nima de 6 meses no momento da entrada.\" },\n          { icon: <Shield className=\"w-4 h-4\" />, title: \"Seguro de Sa├║de\", desc: \"Altamente recomendado. Custos m├®dicos nos EUA s├úo extremamente elevados.\" },\n          { icon: <CheckCircle className=\"w-4 h-4\" />, title: \"Endere├ºo nos EUA\", desc: \"Tenha em m├úos o endere├ºo completo da sua primeira hospedagem para a imigra├º├úo.\" }\n        ];\n      case 'Europa':\n        return [\n          { icon: <Shield className=\"w-4 h-4\" />, title: \"Seguro Schengen\", desc: \"Obrigat├│rio seguro com cobertura m├¡nima de Ôé¼30.000 para despesas m├®dicas.\" },\n          { icon: <Briefcase className=\"w-4 h-4\" />, title: \"Passaporte 3-6 Meses\", desc: \"Validade m├¡nima conforme o pa├¡s da UE (recomenda-se 6 meses p├│s-retorno).\" },\n          { icon: <CheckCircle className=\"w-4 h-4\" />, title: \"Isento de Visto\", desc: \"Brasileiros n├úo precisam de visto para turismo at├® 90 dias (ETIAS inicia em 2026).\" },\n          { icon: <Package className=\"w-4 h-4\" />, title: \"Comprovante Financeiro\", desc: \"Podem solicitar comprovante de fundos (dinheiro/cart├úo) para estadia di├íria.\" }\n        ];\n      case 'M├®xico':\n        return [\n          { icon: <Briefcase className=\"w-4 h-4\" />, title: \"Visto Mexicano\", desc: \"Obrigat├│rio Visto F├¡sico ou e-Visa (dispon├¡vel Fevereiro/2026). Isento se tiver Visto EUA.\" },\n          { icon: <CheckCircle className=\"w-4 h-4\" />, title: \"Isen├º├úo Visto EUA\", desc: \"Se possui Visto Americano v├ílido, voc├¬ N├âO precisa do Visto Mexicano.\" },\n          { icon: <Briefcase className=\"w-4 h-4\" />, title: \"Passaporte Original\", desc: \"Validade m├¡nima de 6 meses. Documentos f├¡sicos s├úo priorit├írios.\" },\n          { icon: <Info className=\"w-4 h-4\" />, title: \"Formul├írio de Imigra├º├úo\", desc: \"Pode ser solicitado o preenchimento da migra├º├úo eletr├┤nica antecipadamente.\" }\n        ];\n      case 'Dubai':\n        return [\n          { icon: <CheckCircle className=\"w-4 h-4\" />, title: \"Visto Gr├ítis (90 dias)\", desc: \"Brasileiros t├¬m isen├º├úo de visto para turismo em Dubai/Abu Dhabi por at├® 90 dias.\" },\n          { icon: <Briefcase className=\"w-4 h-4\" />, title: \"Passaporte (6 meses)\", desc: \"Obrigat├│rio passaporte original com validade de pelo menos 6 meses.\" },\n          { icon: <Clock className=\"w-4 h-4\" />, title: \"Seguro Local\", desc: \"Recomendado Seguro Viagem com cobertura para grandes hospitais privados.\" },\n          { icon: <Plane className=\"w-4 h-4\" />, title: \"Passagem de Retorno\", desc: \"Tenha em m├úos a confirma├º├úo da passagem de volta ou sa├¡da dos Emirados.\" }\n        ];\n      case 'Internacional':\n        return [\n          { icon: <Briefcase className=\"w-4 h-4\" />, title: \"Passaporte Original\", desc: \"Deve ter validade m├¡nima de 6 meses a partir da data de embarque.\" },\n          { icon: <ShieldAlert className=\"w-4 h-4\" />, title: \"Vistos e Taxas\", desc: \"Verifique se o destino exige visto e se h├í taxas de turismo de entrada/sa├¡da.\" },\n          { icon: <Shield className=\"w-4 h-4\" />, title: \"Seguro Internacional\", desc: \"Essencial para garantir atendimento m├®dico e repatria├º├úo em caso de emerg├¬ncia.\" },\n          { icon: <CheckCircle className=\"w-4 h-4\" />, title: \"Sa├║de e Vacinas\", desc: \"Certificado Internacional de Vacina├º├úo (Febre Amarela) se solicitado.\" }\n        ];\n      default:\n        return [\n          { icon: <Briefcase className=\"w-4 h-4\" />, title: \"Documento Oficial\", desc: \"RG ou CNH original dentro da validade para embarque nacional.\" },\n          { icon: <Users className=\"w-4 h-4\" />, title: \"Menores de Idade\", desc: \"RG ou Certid├úo de Nascimento original. Verifique autoriza├º├Áes se viajar sem os pais.\" },\n          { icon: <Package className=\"w-4 h-4\" />, title: \"Franquia de Bagagem\", desc: \"Confirme se o seu bilhete inclui bagagem de m├úo (10kg) e despachada (23kg).\" },\n          { icon: <MapPin className=\"w-4 h-4\" />, title: \"Localiza├º├úo\", desc: \"Confirme o endere├ºo de hospedagem e pontos de interesse pr├│ximos.\" }\n        ];\n    }\n  };\n\n  const items = getItems();\n\n  return (\n    <div className=\"bg-white rounded-[32px] border border-slate-100 p-8 shadow-sm relative overflow-hidden group/card shadow-emerald-900/5\">\n      <div className=\"absolute top-0 right-0 py-1 px-4 bg-emerald-500 text-white text-[8px] font-black uppercase tracking-widest rounded-bl-xl shadow-lg no-print\">\n        Informa├º├Áes Atualizadas 2025/26\n      </div>\n\n      <div className=\"flex items-center gap-3 mb-8\">\n        <div className=\"w-12 h-12 bg-[#19727d]/10 rounded-2xl flex items-center justify-center text-[#19727d] border border-[#19727d]/10 group-hover/card:scale-110 transition-transform duration-500\">\n          <ShieldAlert className=\"w-6 h-6\" />\n        </div>\n        <div>\n          <h3 className=\"text-xl font-black text-slate-900 tracking-tight leading-none mb-1.5 uppercase\">Checklist de Seguran├ºa</h3>\n          <div className=\"flex items-center gap-2\">\n            <span className={`px-2 py-0.5 rounded-md text-[8px] font-black uppercase tracking-widest ${isIntl ? 'bg-amber-100 text-amber-700' : 'bg-blue-100 text-blue-700'}`}>\n              {isIntl ? 'Viagem Internacional' : 'Viagem Nacional'}\n            </span>\n            <p className=\"text-[10px] font-bold text-slate-400 uppercase tracking-widest italic leading-none\">\n              Configurado para: <span className=\"text-slate-900 not-italic\">{region}</span>\n            </p>\n          </div>\n        </div>\n      </div>\n\n      <div className=\"grid grid-cols-1 md:grid-cols-2 gap-4\">\n        {items.map((item, idx) => (\n          <div key={idx} className=\"flex gap-4 p-5 rounded-2xl bg-slate-50/50 border border-slate-100/50 hover:bg-white hover:border-[#19727d]/20 transition-all duration-300 group cursor-default\">\n            <div className=\"shrink-0 w-6 h-6 border-2 border-slate-200 rounded-lg group-hover:border-[#19727d] transition-colors flex items-center justify-center\">\n               <CheckCircle className=\"w-4 h-4 text-emerald-500 opacity-0 group-hover:opacity-10 transition-opacity\" />\n            </div>\n\n            <div className=\"flex-1\">\n              <div className=\"flex items-center gap-2 mb-1\">\n                <div className=\"text-[#19727d] group-hover:scale-110 transition-transform\">\n                  {item.icon}\n                </div>\n                <p className=\"text-[11px] font-black text-slate-800 uppercase tracking-tight\">{item.title}</p>\n              </div>\n              <p className=\"text-[10px] font-medium text-slate-500 leading-relaxed font-sans\">{item.desc}</p>\n            </div>\n          </div>\n        ))}\n      </div>\n\n      <div className=\"mt-8 pt-8 border-t border-slate-50 flex flex-col md:flex-row items-center justify-between gap-6\">\n        <div className=\"flex-1 opacity-60\">\n            <p className=\"text-[10px] font-bold text-slate-400 leading-relaxed italic uppercase tracking-wider flex items-center gap-2\">\n               <Info className=\"w-3.5 h-3.5\" />\n               A ag├¬ncia n├úo se responsabiliza por documentos inv├ílidos ou falta de vistos. Verifique sempre os canais oficiais do pa├¡s de destino.\n            </p>\n        </div>\n        \n        {isIntl && (\n          <a \n            href={`https://apply.joinsherpa.com/travel-restrictions?language=pt-BR&destination=${region === 'Chile' ? 'CHL' : region === 'Argentina' ? 'ARG' : region === 'Estados Unidos' ? 'USA' : region === 'Europa' ? 'ESP' : region === 'M├®xico' ? 'MEX' : region === 'Dubai' ? 'ARE' : ''}`}\n            target=\"_blank\" \n            rel=\"noopener noreferrer\"\n            className=\"group relative flex items-center gap-3 bg-slate-900 hover:bg-slate-800 text-white px-8 py-4 rounded-2xl text-[10px] font-black uppercase tracking-widest transition-all hover:scale-105 active:scale-95 shadow-xl shadow-slate-200\"\n          >\n            <div className=\"bg-cyan-400 p-2 rounded-xl group-hover:rotate-12 transition-transform shadow-lg shadow-cyan-400/20\">\n               <Map className=\"w-4 h-4 text-slate-900\" />\n            </div>\n            Verificar Exig├¬ncias em Tempo Real (Sherpa)\n          </a>\n        )}\n      </div>\n    </div>\n  );\n}\n\nconst AIRPORT_INFO: Record<string, { coords: [number, number], name: string }> = {\n  'REC': { coords: [-8.1264, -34.9228], name: 'Guararapes - Recife' },\n  'GIG': { coords: [-22.8100, -43.2506], name: 'Gale├úo - Rio de Janeiro' },\n  'GRU': { coords: [-23.4356, -46.4731], name: 'Guarulhos - S├úo Paulo' },\n  'CGH': { coords: [-23.6273, -46.6566], name: 'Congonhas - S├úo Paulo' },\n  'BSB': { coords: [-15.8711, -47.9186], name: 'Juscelino Kubitschek - Bras├¡lia' },\n  'VCP': { coords: [-23.0069, -47.1344], name: 'Viracopos - Campinas' },\n  'CNF': { coords: [-19.6244, -43.9719], name: 'Confins - Belo Horizonte' },\n  'SSA': { coords: [-12.9111, -38.3308], name: 'Dep. Lu├¡s Eduardo Magalh├úes - Salvador' },\n  'FOR': { coords: [-3.7763, -38.5326], name: 'Pinto Martins - Fortaleza' },\n  'CWB': { coords: [-25.5317, -49.1758], name: 'Afonso Pena - Curitiba' },\n  'POA': { coords: [-29.9939, -51.1711], name: 'Salgado Filho - Porto Alegre' },\n  'SDU': { coords: [-22.9102, -43.1631], name: 'Santos Dumont - Rio de Janeiro' },\n  'FLN': { coords: [-27.6701, -48.5525], name: 'Herc├¡lio Luz - Florian├│polis' },\n  'MCZ': { coords: [-9.5108, -35.7917], name: 'Zumbi dos Palmares - Macei├│' },\n  'NAT': { coords: [-5.9114, -35.2477], name: 'Alu├¡zio Alves - Natal' },\n  'VIX': { coords: [-20.2576, -40.2864], name: 'Eurico de Aguiar Salles - Vit├│ria' },\n  'GYN': { coords: [-16.6322, -49.2214], name: 'Santa Genoveva - Goi├ónia' },\n  'MAO': { coords: [-3.0358, -60.0506], name: 'Eduardo Gomes - Manaus' },\n  'BEL': { coords: [-1.3847, -48.4788], name: 'Val-de-Cans - Bel├®m' },\n  'CGB': { coords: [-15.6529, -56.1167], name: 'Marechal Rondon - Cuiab├í' },\n  'JPA': { coords: [-7.1483, -34.9503], name: 'Castro Pinto - Jo├úo Pessoa' },\n  'SLZ': { coords: [-2.5869, -44.2361], name: 'Marechal Cunha Machado - S├úo Lu├¡s' },\n  'IGU': { coords: [-25.5977, -54.4853], name: 'Cataratas - Foz do Igua├ºu' },\n  'AJU': { coords: [-10.9852, -37.0733], name: 'Santa Maria - Aracaju' },\n  'MIA': { coords: [25.7959, -80.2870], name: 'Miami International' },\n  'MCO': { coords: [28.4312, -81.3081], name: 'Orlando International' },\n  'JFK': { coords: [40.6413, -73.7781], name: 'John F. Kennedy - New York' },\n  'LIS': { coords: [38.7756, -9.1354], name: 'Humberto Delgado - Lisboa' },\n  'CDG': { coords: [49.0097, 2.5479], name: 'Charles de Gaulle - Paris' },\n  'MAD': { coords: [40.4839, -3.5680], name: 'Barajas - Madrid' },\n  'LHR': { coords: [51.4700, -0.4543], name: 'Heathrow - London' },\n  'EZE': { coords: [-34.8222, -58.5358], name: 'Ministro Pistarini - Buenos Aires' },\n  'SCL': { coords: [-33.3930, -70.7858], name: 'Arturo Merino Ben├¡tez - Santiago' },\n  'BOG': { coords: [4.7016, -74.1469], name: 'El Dorado - Bogot├í' },\n  'PTY': { coords: [9.0714, -79.3835], name: 'Tocumen - Panama City' },\n  'MEX': { coords: [19.4361, -99.0719], name: 'Benito Ju├írez - Mexico City' },\n  'LCY': { coords: [51.5048, 0.0503], name: 'London City Airport' },\n  'ORY': { coords: [48.7262, 2.3652], name: 'Orly - Paris' },\n  'CIA': { coords: [41.7994, 12.5949], name: 'Ciampino - Roma' },\n  'LAX': { coords: [33.9416, -118.4085], name: 'Los Angeles International' },\n  'SFO': { coords: [37.6191, -122.3749], name: 'San Francisco International' },\n  'LAS': { coords: [36.0840, -115.1537], name: 'Las Vegas - Harry Reid' },\n  'CUN': { coords: [21.0365, -86.8771], name: 'Canc├║n International' },\n  'PUJ': { coords: [18.5674, -68.3634], name: 'Punta Cana International' },\n  'USH': { coords: [-54.8433, -68.2958], name: 'Ushuaia International' },\n  'BRC': { coords: [-41.1511, -71.1394], name: 'Teniente L. Candelaria - Bariloche' },\n  'MDZ': { coords: [-32.8317, -68.7928], name: 'El Plumerillo - Mendoza' },\n  'IGR': { coords: [-25.7372, -54.4733], name: 'Cataratas del Iguaz├║ - Argentina' },\n  'VVI': { coords: [-17.6447, -63.1353], name: 'Viru Viru - Santa Cruz' }\n};\n\nfunction InteractiveMap({ lead, flights }: { lead: Lead; flights: LeadItem[] }) {\n  const mapRef = useRef<any>(null);\n  const containerRef = useRef<HTMLDivElement>(null);\n  const [isLeafletReady, setLeafletReady] = useState(false);\n\n  useEffect(() => {\n    if ((window as any).L) {\n      setLeafletReady(true);\n      return;\n    }\n    const interval = setInterval(() => {\n       if ((window as any).L) {\n         setLeafletReady(true);\n         clearInterval(interval);\n       }\n    }, 100);\n    return () => clearInterval(interval);\n  }, []);\n\n  useEffect(() => {\n    if (!isLeafletReady || !containerRef.current || flights.length === 0) return;\n    const L = (window as any).L;\n    \n    if (mapRef.current) {\n      mapRef.current.remove();\n    }\n\n    const firstFlight = flights[0];\n    const outbound = firstFlight.outboundSegments || [];\n    const isIdaVolta = firstFlight.flightType === 'ida_volta';\n    \n    const ori = outbound[0]?.origin || 'REC';\n    const des = outbound[outbound.length - 1]?.destination || 'GIG';\n    const p1 = AIRPORT_INFO[ori]?.coords || [-15, -47];\n    const p2 = AIRPORT_INFO[des]?.coords || [-23, -46];\n\n    const map = L.map(containerRef.current, {\n      zoomControl: false,\n      attributionControl: false\n    }).setView([ (p1[0]+p2[0])/2, (p1[1]+p2[1])/2 ], 4);\n    \n    mapRef.current = map;\n\n    L.tileLayer('https://{s}.basemaps.cartocdn.com/light_all/{z}/{x}/{y}{r}.png', {\n      maxZoom: 19\n    }).addTo(map);\n\n    L.control.zoom({ position: 'topleft' }).addTo(map);\n    \n    const getCurvePoints = (start: [number, number], end: [number, number], arcIntensity = 0.2) => {\n      const points: [number, number][] = [];\n      const steps = 30;\n      for (let i = 0; i <= steps; i++) {\n        const t = i / steps;\n        const lat = start[0] + (end[0] - start[0]) * t;\n        const lng = start[1] + (end[1] - start[1]) * t;\n        const offset = Math.sin(t * Math.PI) * arcIntensity * Math.sqrt(Math.pow(end[0]-start[0], 2) + Math.pow(end[1]-start[1], 2));\n        points.push([lat + offset, lng]);\n      }\n      return points;\n    };\n\n    const createDot = (color: string) => L.divIcon({\n      className: 'custom-div-icon',\n      html: `<div style=\"background-color: ${color}; width: 10px; height: 10px; border: 2.5px solid white; border-radius: 50%; box-shadow: 0 0 10px ${color}80;\"></div>`,\n      iconSize: [10, 10],\n      iconAnchor: [5, 5]\n    });\n\n    const allPoints: [number, number][] = [];\n\n    // --- IDA ---\n    if (outbound.length > 0) {\n      outbound.forEach((seg: any, idx: number) => {\n        const pStart = AIRPORT_INFO[seg.origin]?.coords || [-15, -47];\n        const pEnd = AIRPORT_INFO[seg.destination]?.coords || [-23, -46];\n        \n        allPoints.push(pStart);\n        if (idx === outbound.length - 1) allPoints.push(pEnd);\n\n        // Draw Arc\n        const pts = getCurvePoints(pStart, pEnd, 0.15);\n        L.polyline(pts, {\n          color: '#0891b2',\n          weight: 3,\n          dashArray: '8, 8',\n          lineCap: 'round',\n          lineJoin: 'round'\n        }).addTo(map);\n\n        // Marker for each point in IDA\n        L.marker(pStart, { icon: createDot('#0891b2') }).addTo(map);\n        if (idx === outbound.length - 1) {\n          L.marker(pEnd, { icon: createDot('#0891b2') }).addTo(map);\n        }\n      });\n    }\n\n    // --- VOLTA ---\n    const inbound = firstFlight.inboundSegments || [];\n    if (isIdaVolta && inbound.length > 0) {\n      inbound.forEach((seg: any, idx: number) => {\n        const pStart = AIRPORT_INFO[seg.origin]?.coords || [-23, -46];\n        const pEnd = AIRPORT_INFO[seg.destination]?.coords || [-15, -47];\n        \n        allPoints.push(pStart);\n        if (idx === inbound.length - 1) allPoints.push(pEnd);\n\n        // Draw Arc\n        const pts = getCurvePoints(pStart, pEnd, -0.1);\n        L.polyline(pts, {\n          color: '#9333ea',\n          weight: 2,\n          dashArray: '5, 10',\n          opacity: 0.8\n        }).addTo(map);\n\n        // Marker for each point in VOLTA\n        L.marker(pStart, { icon: createDot('#9333ea') }).addTo(map);\n        if (idx === inbound.length - 1) {\n          L.marker(pEnd, { icon: createDot('#9333ea') }).addTo(map);\n        }\n      });\n    }\n\n    if (allPoints.length > 0) {\n       const bounds = L.latLngBounds(allPoints);\n       map.fitBounds(bounds, { padding: [50, 50] });\n    }\n\n    return () => {\n      if (mapRef.current) {\n        mapRef.current.remove();\n        mapRef.current = null;\n      }\n    };\n  }, [isLeafletReady, flights]);\n\n  return (\n    <div className=\"mb-12 no-print\">\n      <div id=\"main-travel-map\" className=\"relative w-full h-[400px] sm:h-[450px] rounded-[32px] overflow-hidden border border-slate-100 shadow-xl shadow-slate-200/40 bg-[#f8f9fa] group\">\n        {/* Container Leaflet */}\n        <div ref={containerRef} className=\"w-full h-full z-0\" />\n        \n        {!isLeafletReady && (\n          <div className=\"absolute inset-0 flex items-center justify-center bg-slate-50/50 backdrop-blur-sm z-50\">\n             <div className=\"animate-spin w-8 h-8 border-4 border-purple-500 border-t-transparent rounded-full\" />\n          </div>\n        )}\n\n        {/* Legend Overlay INSIDE Map */}\n        <div className=\"absolute bottom-3 left-3 right-3 z-[400] flex items-center justify-between gap-4 pointer-events-none\">\n           <p className=\"text-[7px] sm:text-[8px] text-slate-400 font-bold italic leading-none truncate flex-1 opacity-80\">\n              *As linhas do trajeto exibidas s├úo ilustrativas e podem n├úo representar o trajeto exato da aeronave.\n           </p>\n\n           <div className=\"bg-white/70 backdrop-blur-md px-3 py-1.5 rounded-xl border border-white/40 flex items-center gap-4 shadow-sm pointer-events-auto scale-90 origin-right transition-transform hover:scale-95\">\n              <div className=\"flex items-center gap-2\">\n                 <div className=\"w-3 h-1 rounded-full bg-[#0891b2] shadow-[0_0_8px_rgba(8,145,178,0.5)]\" />\n                 <span className=\"text-[9px] font-black text-slate-600 uppercase tracking-widest whitespace-nowrap\">Ida</span>\n              </div>\n              {flights[0]?.flightType === 'ida_volta' && (\n                <div className=\"flex items-center gap-2 border-l border-slate-200/50 pl-3\">\n                   <div className=\"w-3 h-1 rounded-full bg-[#9333ea] shadow-[0_0_8px_rgba(147,51,234,0.5)]\" />\n                   <span className=\"text-[9px] font-black text-slate-600 uppercase tracking-widest whitespace-nowrap\">Volta</span>\n                </div>\n              )}\n           </div>\n        </div>\n\n        {/* Custom Style for Zoom Controls (No Borders) */}\n        <style jsx global>{`\n          .leaflet-bar {\n            border: none !important;\n            box-shadow: 0 4px 12px rgba(0,0,0,0.08) !important;\n            border-radius: 12px !important;\n            overflow: hidden;\n            margin-top: 10px !important;\n            margin-left: 10px !important;\n          }\n          .leaflet-bar a {\n            border: none !important;\n            background-color: white !important;\n            color: #475569 !important;\n            font-weight: bold !important;\n            width: 36px !important;\n            height: 36px !important;\n            line-height: 36px !important;\n            transition: all 0.2s;\n          }\n          .leaflet-bar a:hover {\n            background-color: #f8fafc !important;\n            color: #1e293b !important;\n          }\n        `}</style>\n      </div>\n    </div>\n  );\n}\n\nfunction MainTravelMap({ lead, flights }: { lead: Lead; flights: LeadItem[] }) {\n  return <InteractiveMap lead={lead} flights={flights} />;\n}\n\nfunction AirlineLogo({ name }: { name: string }) {\n  const airlineMap: Record<string, string> = {\n    'latam': 'latam.com',\n    'gol': 'voegol.com.br',\n    'azul': 'voeazul.com.br',\n    'tap': 'flytap.com',\n    'american': 'aa.com',\n    'delta': 'delta.com',\n    'united': 'united.com',\n    'lufthansa': 'lufthansa.com',\n    'emirates': 'emirates.com',\n    'qatar': 'qatarairways.com',\n    'copa': 'copaair.com',\n    'avianca': 'avianca.com',\n    'british': 'britishairways.com',\n    'air france': 'airfrance.com',\n    'klm': 'klm.com',\n    'iberia': 'iberia.com',\n    'aerolineas': 'aerolineas.com.ar',\n    'sky': 'skyairline.com'\n  };\n\n  const domain = Object.entries(airlineMap).find(([k]) => name.toLowerCase().includes(k))?.[1];\n  \n  if (domain) {\n    return (\n      <div className=\"flex items-center gap-2 bg-white px-2 py-1 rounded-lg border border-slate-100 shadow-sm shrink-0\">\n        <img \n          src={`https://logo.clearbit.com/${domain}`} \n          alt={name}\n          className=\"w-6 h-6 object-contain\"\n          onError={(e) => (e.currentTarget.style.display = 'none')}\n        />\n        <span className=\"text-[10px] font-black text-slate-800 uppercase tracking-tighter\">{name}</span>\n      </div>\n    );\n  }\n\n  return (\n    <span className=\"bg-slate-100 text-slate-600 px-2 py-1 rounded-lg text-[10px] font-black uppercase tracking-tighter border border-slate-200\">\n      {name}\n    </span>\n  );\n}\n\nfunction FlightLegCard({ \n  segments, \n  type, \n  lead, \n  itemDuration \n}: { \n  segments: any[]; \n  type: 'Ida' | 'Volta'; \n  lead: Lead; \n  itemDuration?: string;\n}) {\n  const [isExpanded, setIsExpanded] = useState(false);\n  const fmt = (t?: string) => {\n    if (!t) return null;\n    const [h, m] = t.split(':');\n    return `${h}h${m}`;\n  };\n\n  const calculateConnectionTime = (arrival: string, departure: string) => {\n    try {\n      const [h1, m1] = arrival.split(':').map(Number);\n      const [h2, m2] = departure.split(':').map(Number);\n      let diff = (h2 * 60 + m2) - (h1 * 60 + m1);\n      if (diff < 0) diff += 1440; // Next day\n      const h = Math.floor(diff / 60);\n      const m = diff % 60;\n      return `${h}h ${m}min`;\n    } catch (e) {\n      return null;\n    }\n  };\n\n  if (!segments || segments.length === 0) return null;\n\n  const firstSeg = segments[0];\n  const lastSeg = segments[segments.length - 1];\n  const hasConnections = segments.length > 1;\n\n  return (\n    <div className=\"bg-white rounded-[24px] border border-gray-100 overflow-hidden shadow-xl shadow-slate-200/50 hover:shadow-2xl hover:shadow-cyan-500/10 transition-all duration-500 group mb-8\">\n      <div className=\"p-0\">\n        <div className=\"p-6\">\n          <div className=\"flex items-center justify-between mb-2\">\n            <div className=\"flex items-center gap-3\">\n              <div className={`w-10 h-10 ${type === 'Ida' ? 'bg-cyan-50' : 'bg-purple-50'} rounded-2xl flex items-center justify-center`}>\n                 <Plane className={`w-5 h-5 ${type === 'Ida' ? 'text-cyan-600' : 'text-purple-600'}`} />\n              </div>\n              <div>\n                <h3 className=\"text-sm font-black text-slate-800 uppercase tracking-widest leading-none mb-1\">Voo de {type}</h3>\n                {firstSeg && <p className=\"text-xs font-bold text-slate-400\">{formatDate(firstSeg.departureDate)}</p>}\n              </div>\n            </div>\n            <button \n              onClick={() => setIsExpanded(!isExpanded)}\n              className=\"flex items-center gap-1.5 px-4 py-2 bg-slate-50 hover:bg-cyan-50 text-slate-500 hover:text-cyan-600 rounded-xl text-xs font-black transition-all border border-transparent hover:border-cyan-100\"\n            >\n              {isExpanded ? 'Menos detalhes' : 'Mais detalhes'}\n              {isExpanded ? <ChevronUp className=\"w-4 h-4\" /> : <ChevronDown className=\"w-4 h-4\" />}\n            </button>\n          </div>\n\n          <div className=\"flex items-center justify-between mt-8 mb-4 px-2\">\n            {/* Left Block - Departure */}\n            <div className=\"text-left w-[200px] flex flex-col justify-start\">\n              <p className=\"text-3xl font-black text-slate-900 leading-none\">{firstSeg?.departureTime ? fmt(firstSeg.departureTime) : '--:--'}</p>\n              <div className=\"mt-1.5 h-7 flex items-start overflow-hidden\">\n                <p className=\"text-[10px] font-bold text-slate-400 leading-tight tracking-tight uppercase\">\n                  {AIRPORT_INFO[firstSeg?.origin || '']?.name || firstSeg?.origin || '---'}\n                </p>\n              </div>\n            </div>\n\n            {/* Middle Block - Timeline */}\n            <div className=\"flex-1 flex flex-col items-center relative h-12 group self-center\">\n               {/* Journey Duration above badge */}\n               <div className=\"absolute top-[-8px] left-1/2 -translate-x-1/2 flex items-center gap-1.5 whitespace-nowrap\">\n                  <Clock className=\"w-3 h-3 text-slate-300\" />\n                  <span className=\"text-[11px] font-bold text-slate-500 uppercase tracking-widest tabular-nums leading-none\">\n                    {(() => {\n                      try {\n                        const getNums = (val: any) => {\n                          if (typeof val === 'number') return [val];\n                          if (typeof val !== 'string' || !val) return [];\n                          return val.match(/\\d+/g)?.map((n: string) => parseInt(n, 10)) || [];\n                        };\n\n                        // 1. Try SUM of segments + connections (Most accurate for International)\n                        if (segments.length > 1) {\n                          let totalMinutes = 0;\n                          let validSum = true;\n\n                          segments.forEach((seg, idx) => {\n                            const sNum = getNums(seg.duration);\n                            if (sNum.length >= 2) {\n                              totalMinutes += (sNum[0] * 60) + sNum[1];\n                            } else {\n                              validSum = false;\n                            }\n\n                            // Add connection if not last segment\n                            if (idx < segments.length - 1) {\n                              const connStr = calculateConnectionTime(seg.arrivalTime, segments[idx + 1].departureTime);\n                              const cNum = getNums(connStr);\n                              if (cNum.length >= 2) {\n                                totalMinutes += (cNum[0] * 60) + cNum[1];\n                              }\n                            }\n                          });\n\n                          if (validSum && totalMinutes > 0) {\n                            return `${Math.floor(totalMinutes / 60).toString().padStart(2, '0')}h ${(totalMinutes % 60).toString().padStart(2, '0')} min`;\n                          }\n                        }\n\n                        // 2. Single segment or fallback for length 1\n                        if (segments.length === 1 && segments[0].duration) {\n                          const nums = getNums(segments[0].duration);\n                          if (nums.length >= 2) {\n                             return `${nums[0].toString().padStart(2, '0')}h ${nums[1].toString().padStart(2, '0')} min`;\n                          }\n                          return segments[0].duration;\n                        }\n\n                        // 3. Last fallback (itemDuration if provided)\n                        if (itemDuration && typeof itemDuration === 'string') {\n                          const nums = getNums(itemDuration);\n                          if (nums.length >= 2) {\n                            return `${nums[0].toString().padStart(2, '0')}h ${nums[1].toString().padStart(2, '0')} min`;\n                          }\n                        }\n                      } catch (err) {}\n                      return '--:--';\n                    })()}\n                  </span>\n               </div>\n\n               {/* Timeline Line */}\n               <div className=\"absolute top-1/2 left-0 right-0 h-px bg-slate-100 flex items-center justify-around translate-y-[-50%]\">\n                  <div className=\"w-2 h-2 rounded-full border-2 border-slate-200 bg-white\" />\n                  {hasConnections && (\n                    <div className={`w-2 h-2 rounded-full ${type === 'Ida' ? 'bg-cyan-400 shadow-cyan-400/50' : 'bg-purple-400 shadow-purple-400/50'} shadow-sm`} />\n                  )}\n                  <div className=\"w-2 h-2 rounded-full border-2 border-slate-200 bg-white\" />\n               </div>\n               \n               {/* Badge centered absolutely */}\n               <div className=\"absolute top-1/2 left-1/2 -translate-x-1/2 -translate-y-1/2 pt-1\">\n                  <span className=\"relative z-10 text-[9px] font-black uppercase text-slate-400 bg-white px-3 py-1 border border-slate-100 rounded-full tracking-[0.15em] whitespace-nowrap shadow-sm\">\n                    {hasConnections ? 'Com Conex├úo' : 'Voo Direto'}\n                  </span>\n               </div>\n            </div>\n\n            {/* Right Block - Arrival */}\n            <div className=\"text-right w-[200px] flex flex-col items-end justify-start\">\n              <p className=\"text-3xl font-black text-slate-900 leading-none\">{lastSeg?.arrivalTime ? fmt(lastSeg.arrivalTime) : '--:--'}</p>\n              <div className=\"mt-1.5 h-7 flex items-start justify-end overflow-hidden\">\n                <p className=\"text-[10px] font-bold text-slate-400 leading-tight tracking-tight uppercase text-right\">\n                  {AIRPORT_INFO[lastSeg?.destination || '']?.name || lastSeg?.destination || '---'}\n                </p>\n              </div>\n            </div>\n          </div>\n        </div>\n\n        {isExpanded && (\n          <div className=\"p-6 pt-4 border-t border-slate-50 bg-[#fafbfc] animate-in fade-in slide-in-from-top-4 duration-500\">\n             <div className=\"relative\">\n                {/* Timeline Line */}\n                <div className=\"absolute left-[23px] top-6 bottom-6 w-0.5 bg-gradient-to-b from-slate-200 via-slate-200 to-slate-200 border-l border-white shadow-sm\" />\n\n                <div className=\"space-y-8\">\n                  {segments.map((seg, sidx) => {\n                    const nextSeg = segments[sidx + 1];\n                    const connectionTime = nextSeg ? calculateConnectionTime(seg.arrivalTime, nextSeg.departureTime) : null;\n\n                    return (\n                      <div key={sidx} className=\"relative group/seg\">\n                        {/* Segment Timeline Block */}\n                        <div className=\"flex gap-8 items-start\">\n                           {/* Dots Column */}\n                           <div className=\"flex flex-col items-center gap-1 mt-1 shrink-0 z-10\">\n                              <div className=\"w-12 h-12 bg-white rounded-2xl border-2 border-slate-100 shadow-sm flex items-center justify-center group-hover/seg:border-cyan-300 transition-colors\">\n                                 <Plane className=\"w-5 h-5 text-slate-400 group-hover/seg:text-cyan-500 transition-colors\" />\n                              </div>\n                           </div>\n\n                           {/* Info Column */}\n                           <div className=\"flex-1\">\n                              <div className=\"bg-white rounded-[24px] border border-slate-100 shadow-sm p-5 hover:shadow-md transition-all duration-300\">\n                                 <div className=\"flex flex-col md:flex-row md:items-center justify-between gap-6 mb-6\">\n                                    <div className=\"flex items-center gap-4\">\n                                       <AirlineLogo name={seg.airline || 'LATAM'} />\n                                       <div className=\"h-6 w-px bg-slate-100 hidden md:block\" />\n                                       <div className=\"flex flex-col\">\n                                          <p className=\"text-[10px] font-black text-slate-400 uppercase tracking-tighter\">Voo</p>\n                                          <p className=\"text-sm font-black text-slate-800 font-mono tracking-tighter\">{seg.flightNumber || '---'}</p>\n                                       </div>\n                                       <div className=\"h-6 w-px bg-slate-100 hidden md:block\" />\n                                       <div className=\"flex flex-col\">\n                                          <p className=\"text-[10px] font-black text-slate-400 uppercase tracking-tighter\">Classe</p>\n                                          <p className=\"text-sm font-black text-slate-800\">{seg.flightClass || 'Econ├┤mica'}</p>\n                                       </div>\n                                    </div>\n                                    <div className=\"flex items-center gap-2 bg-slate-50 px-3 py-1.5 rounded-xl border border-slate-100/50\">\n                                       <Clock className=\"w-3.5 h-3.5 text-slate-400\" />\n                                       <span className=\"text-xs font-black text-slate-600 uppercase tracking-tighter\">Dura├º├úo: {seg.duration || '--'}</span>\n                                    </div>\n                                 </div>\n\n                                 <div className=\"grid grid-cols-1 md:grid-cols-2 gap-8\">\n                                    <div className=\"flex gap-4\">\n                                       <div className=\"flex flex-col items-center\">\n                                          <div className=\"w-2.5 h-2.5 rounded-full bg-slate-300 border-2 border-white ring-4 ring-slate-100/30\" />\n                                       </div>\n                                       <div className=\"space-y-1\">\n                                          <p className=\"text-[11px] font-black text-slate-400 uppercase tracking-widest\">{formatDate(seg.departureDate)}</p>\n                                          <div className=\"flex items-baseline gap-2\">\n                                             <span className=\"text-2xl font-black text-slate-900\">{fmt(seg.departureTime) || '--:--'}</span>\n                                             <span className=\"text-base font-black text-slate-400\">{seg.origin}</span>\n                                          </div>\n                                          <p className=\"text-xs font-bold text-slate-500 opacity-60\">\n                                             {AIRPORT_INFO[seg.origin]?.name || `Aeroporto ${seg.origin}`}\n                                          </p>\n                                       </div>\n                                    </div>\n\n                                    <div className=\"flex gap-4\">\n                                       <div className=\"flex flex-col items-center\">\n                                          <div className=\"w-2.5 h-2.5 rounded-full bg-cyan-400 border-2 border-white ring-4 ring-cyan-100/30\" />\n                                       </div>\n                                       <div className=\"space-y-1\">\n                                          <p className=\"text-[11px] font-black text-slate-400 uppercase tracking-widest\">{seg.arrivalDate ? formatDate(seg.arrivalDate) : formatDate(seg.departureDate)}</p>\n                                          <div className=\"flex items-baseline gap-2\">\n                                             <span className=\"text-2xl font-black text-slate-900\">{fmt(seg.arrivalTime) || '--:--'}</span>\n                                             <span className=\"text-base font-black text-slate-400\">{seg.destination}</span>\n                                          </div>\n                                          <p className=\"text-xs font-bold text-slate-500 opacity-60\">\n                                             {AIRPORT_INFO[seg.destination]?.name || `Aeroporto ${seg.destination}`}\n                                          </p>\n                                       </div>\n                                    </div>\n                                 </div>\n                              </div>\n\n                              {/* Connection Display */}\n                              {connectionTime && (\n                                <div className=\"my-8 relative\">\n                                   <div className=\"absolute left-[-23px] top-1/2 w-[23px] h-px border-t-2 border-dashed border-slate-200\" />\n                                   <div className=\"bg-orange-50/80 backdrop-blur-sm border border-orange-100 rounded-2xl p-4 flex items-center justify-between shadow-sm\">\n                                      <div className=\"flex items-center gap-3\">\n                                         <div className=\"w-10 h-10 bg-orange-100/50 rounded-xl flex items-center justify-center\">\n                                            <Clock className=\"w-5 h-5 text-orange-600\" />\n                                         </div>\n                                         <div>\n                                            <p className=\"text-[10px] font-black text-orange-400 uppercase tracking-widest leading-none mb-1\">Conex├úo em {seg.destination}</p>\n                                            <p className=\"text-sm font-black text-orange-900 uppercase\">Aguarde por {connectionTime}</p>\n                                         </div>\n                                      </div>\n                                      <Info className=\"w-4 h-4 text-orange-300\" />\n                                   </div>\n                                </div>\n                              )}\n                           </div>\n                        </div>\n                      </div>\n                    );\n                  })}\n                </div>\n             </div>\n\n             <div className=\"mt-8 bg-slate-50/50 rounded-[28px] p-5 border border-slate-100 shadow-inner group/baggage\">\n                <div className=\"flex items-center gap-3 mb-5 px-1\">\n                   <div className=\"w-8 h-8 rounded-xl bg-white shadow-sm flex items-center justify-center text-cyan-600 border border-cyan-100\">\n                      <Luggage className=\"w-4 h-4\" />\n                   </div>\n                   <div>\n                      <p className=\"text-[10px] font-black text-slate-400 uppercase tracking-[0.2em] leading-none mb-1\">Confira sua franquia</p>\n                      <p className=\"text-sm font-black text-slate-800 uppercase tracking-tight\">POL├ìTICA DE BAGAGENS INCLUSAS</p>\n                   </div>\n                </div>\n\n                <div className=\"grid grid-cols-1 md:grid-cols-3 gap-3\">\n                   {(() => {\n                      const airline = segments[0]?.airline?.toLowerCase() || '';\n                      const isLatamGol = airline.includes('latam') || airline.includes('gol');\n                      \n                      const baggageRules = [\n                        { \n                          label: 'Item Pessoal', \n                          weight: isLatamGol ? '10kg' : '5kg',\n                          val: segments[0]?.personalItem ?? 1,\n                          icon: <Briefcase className=\"w-5 h-5\" />,\n                          desc: 'Abaixo do assento'\n                        },\n                        { \n                          label: 'Mochila / M├úo', \n                          weight: isLatamGol ? '12kg' : '10kg',\n                          val: segments[0]?.carryOn ?? 1,\n                          icon: <Backpack className=\"w-5 h-5\" />,\n                          desc: 'Bagageiro superior'\n                        },\n                        { \n                          label: 'Despachada', \n                          weight: '23kg',\n                          val: segments[0]?.checkedBag23kg ?? 0,\n                          icon: <Luggage className=\"w-5 h-5\" />,\n                          desc: 'No por├úo do avi├úo'\n                        }\n                      ];\n\n                      return baggageRules.map((b) => (\n                        <div key={b.label} className={`relative p-4 rounded-2xl border transition-all duration-300 ${b.val > 0 ? 'bg-white border-slate-100 shadow-sm' : 'bg-slate-100/30 border-dashed border-slate-200 opacity-60'}`}>\n                           <div className=\"flex justify-between items-start mb-3\">\n                              <div className={`w-10 h-10 rounded-xl flex items-center justify-center transition-colors ${b.val > 0 ? 'bg-cyan-50 text-cyan-600' : 'bg-slate-100 text-slate-400'}`}>\n                                 {b.icon}\n                              </div>\n                              <div className={`px-2.5 py-1 rounded-lg text-[10px] font-black tracking-tight ${b.val > 0 ? 'bg-emerald-50 text-emerald-600 border border-emerald-100' : 'bg-slate-200 text-slate-500'}`}>\n                                 {b.val > 0 ? `${b.val}x Incluso` : 'N├úo incluso'}\n                              </div>\n                           </div>\n                           <div>\n                              <div className=\"flex items-baseline gap-1.5 mb-1\">\n                                 <h4 className={`text-[11px] font-black uppercase tracking-tight ${b.val > 0 ? 'text-slate-800' : 'text-slate-400'}`}>{b.label}</h4>\n                                 <span className={`text-[13px] font-black ${b.val > 0 ? 'text-cyan-600' : 'text-slate-400'}`}>{b.weight}</span>\n                              </div>\n                              <p className=\"text-[9px] font-bold text-slate-400 uppercase tracking-tighter\">{b.desc}</p>\n                           </div>\n                        </div>\n                      ));\n                   })()}\n                </div>\n                \n                <div className=\"mt-4 pt-4 border-t border-slate-100 flex items-center justify-center gap-2\">\n                   <Info className=\"w-3 h-3 text-slate-300\" />\n                   <p className=\"text-[9px] text-slate-400 font-bold italic uppercase tracking-tighter\">Franquia por passageiro adulto. Sujeito ├ás regras tarif├írias da Cia A├®rea.</p>\n                </div>\n             </div>\n          </div>\n        )}\n      </div>\n    </div>\n  );\n}\n\nfunction FlightItemCard({ item, lead }: { item: LeadItem; lead: Lead }) {\n  const outbound = item.outboundSegments || [];\n  const inbound = item.inboundSegments || [];\n\n  return (\n    <div className=\"space-y-6\">\n       {outbound.length > 0 && (\n         <FlightLegCard \n            segments={outbound} \n            type=\"Ida\" \n            lead={lead} \n            itemDuration={item.duration} \n         />\n       )}\n       {item.flightType === 'ida_volta' && inbound.length > 0 && (\n         <FlightLegCard \n            segments={inbound} \n            type=\"Volta\" \n            lead={lead} \n            itemDuration={item.returnDuration} \n         />\n       )}\n       \n    </div>\n  );\n}\n\nfunction HotelItemCard({ item }: { item: LeadItem }) {\n  const [activePhoto, setActivePhoto] = useState(0);\n  const [showDetails, setShowDetails] = useState(false);\n\n  return (\n    <>\n    <div className=\"bg-white rounded-[32px] border border-gray-100 overflow-hidden shadow-sm hover:shadow-xl hover:shadow-purple-500/5 transition-all duration-500 group/hotel\">\n      <div className={`h-1.5 w-full bg-gradient-to-r ${TypeGradient(item.type)}`} />\n      \n      {/* CARROSSEL DE FOTOS DO HOTEL */}\n      {item.hotelPhotos && item.hotelPhotos.length > 0 && (\n        <div className=\"relative h-64 sm:h-72 w-full overflow-hidden bg-gray-100\">\n          <img \n            src={item.hotelPhotos[activePhoto]} \n            alt={item.hotelName} \n            className=\"w-full h-full object-cover transition-transform duration-700 group-hover/hotel:scale-105\"\n          />\n          <div className=\"absolute inset-x-0 bottom-0 h-24 bg-gradient-to-t from-black/60 to-transparent pointer-events-none\" />\n          \n          {/* Badge de Fotos */}\n          <div className=\"absolute top-4 right-4 bg-black/40 backdrop-blur-md px-3 py-1.5 rounded-full border border-white/20 text-white text-[9px] font-black uppercase tracking-widest flex items-center gap-1.5\">\n             <Package className=\"w-3 h-3 text-purple-400\" />\n             {activePhoto + 1} / {item.hotelPhotos.length}\n          </div>\n\n          {/* Miniaturas Seletoras */}\n          <div className=\"absolute bottom-4 left-4 right-4 flex gap-2 overflow-x-auto pb-1 custom-scrollbar no-print\">\n            {item.hotelPhotos.map((photo, idx) => (\n              <button \n                key={idx}\n                onClick={() => setActivePhoto(idx)}\n                className={`relative w-14 h-10 rounded-lg overflow-hidden border-2 transition-all shrink-0 ${\n                  activePhoto === idx ? 'border-purple-500 scale-110 shadow-lg' : 'border-white/40 hover:border-white opacity-70 hover:opacity-100'\n                }`}\n              >\n                <img src={photo} className=\"w-full h-full object-cover\" alt=\"\" />\n              </button>\n            ))}\n          </div>\n        </div>\n      )}\n\n      <div className=\"p-6 space-y-5\">\n        <div className=\"flex items-start justify-between gap-4\">\n          <div className=\"flex items-center gap-3\">\n            <div className={`w-12 h-12 rounded-2xl bg-gradient-to-br ${TypeGradient(item.type)} flex items-center justify-center text-white shadow-lg group-hover/hotel:rotate-6 transition-transform`}>\n              <Hotel className=\"w-6 h-6\" />\n            </div>\n            <div>\n              <p className=\"text-[10px] font-black text-gray-400 uppercase tracking-[0.2em] leading-none mb-1.5\">Hospedagem Confirmada</p>\n              <h3 className=\"font-black text-xl text-gray-900 tracking-tight leading-tight\">{item.hotelName || 'Nome do Hotel'}</h3>\n            </div>\n          </div>\n          {item.value && item.value > 0 && (\n            <div className=\"text-right\">\n              <p className=\"text-[9px] font-black text-purple-400 uppercase tracking-widest mb-1\">Valor do Item</p>\n              <span className=\"px-4 py-1.5 bg-purple-50 text-purple-600 rounded-2xl text-lg font-black border border-purple-100 shadow-sm\">\n                {formatCurrency(item.value)}\n              </span>\n            </div>\n          )}\n        </div>\n\n        <div className=\"flex flex-col gap-3\">\n          {item.hotelAddress && (\n            <div className=\"flex items-start gap-2.5 bg-slate-50/80 p-3 rounded-2xl border border-slate-100/50\">\n              <MapPin className=\"w-4 h-4 text-purple-400 mt-0.5 shrink-0\" />\n              <p className=\"text-[11px] font-bold text-slate-600 leading-relaxed font-sans\">{item.hotelAddress}</p>\n            </div>\n          )}\n\n          <div className=\"grid grid-cols-2 gap-4\">\n            {item.checkInDate && (\n              <div className=\"flex items-center gap-3 bg-white border border-slate-100 rounded-[20px] p-4 shadow-sm\">\n                <div className=\"w-8 h-8 rounded-xl bg-purple-50 flex items-center justify-center text-purple-500\">\n                  <Calendar className=\"w-4 h-4\" />\n                </div>\n                <div>\n                  <p className=\"text-[9px] text-purple-400 font-black uppercase tracking-widest leading-none mb-1\">Check-in</p>\n                  <p className=\"text-sm font-black text-gray-800\">{formatDate(item.checkInDate)}</p>\n                </div>\n              </div>\n            )}\n            {item.checkOutDate && (\n              <div className=\"flex items-center gap-3 bg-white border border-slate-100 rounded-[20px] p-4 shadow-sm\">\n                <div className=\"w-8 h-8 rounded-xl bg-pink-50 flex items-center justify-center text-pink-500\">\n                  <Calendar className=\"w-4 h-4\" />\n                </div>\n                <div>\n                  <p className=\"text-[9px] text-pink-400 font-black uppercase tracking-widest leading-none mb-1\">Check-out</p>\n                  <p className=\"text-sm font-black text-gray-800\">{formatDate(item.checkOutDate)}</p>\n                </div>\n              </div>\n            )}\n          </div>\n        </div>\n\n        {/* BOT├âO MAIS DETALHES */}\n        <div className=\"px-6 pb-6 pt-2\">\n          <button \n            onClick={() => setShowDetails(true)}\n            className=\"w-full py-4 bg-gradient-to-r from-purple-600 to-pink-600 hover:from-purple-700 hover:to-pink-700 text-white rounded-2xl font-black text-sm shadow-lg shadow-purple-500/20 active:scale-[0.98] transition-all flex items-center justify-center gap-2 group/btn\"\n          >\n            <Star className=\"w-4 h-4 text-yellow-300 fill-yellow-300 group-hover/btn:rotate-12 transition-transform\" />\n            Mais Detalhes & Galeria Completa\n            <ArrowRight className=\"w-4 h-4 group-hover/btn:translate-x-1 transition-transform\" />\n          </button>\n        </div>\n      </div>\n    </div>\n\n      <AnimatePresence>\n        {showDetails && (\n          <HotelDetailsModal \n            item={item} \n            onClose={() => setShowDetails(false)} \n          />\n        )}\n      </AnimatePresence>\n    </>\n  );\n}\n\nfunction HotelDetailsModal({ item, onClose }: { item: LeadItem, onClose: () => void }) {\n  const [activeTab, setActiveTab] = useState<'info' | 'galeria'>('info');\n  const [selectedImage, setSelectedImage] = useState<string | null>(null);\n\n  return (\n    <motion.div\n      initial={{ opacity: 0 }}\n      animate={{ opacity: 1 }}\n      exit={{ opacity: 0 }}\n      className=\"fixed inset-0 z-[100] flex items-center justify-center p-4 sm:p-6 no-print\"\n    >\n      <div className=\"absolute inset-0 bg-black/90 backdrop-blur-xl\" onClick={onClose} />\n      \n      <motion.div\n        initial={{ scale: 0.9, opacity: 0, y: 20 }}\n        animate={{ scale: 1, opacity: 1, y: 0 }}\n        exit={{ scale: 0.9, opacity: 0, y: 20 }}\n        className=\"relative w-full max-w-6xl bg-white rounded-[40px] shadow-2xl overflow-hidden flex flex-col max-h-[90vh]\"\n      >\n        {/* HEADER MODAL */}\n        <div className=\"relative h-48 sm:h-64 flex-shrink-0\">\n          <img \n            src={item.hotelPhotos?.[0] || ''} \n            className=\"w-full h-full object-cover\" \n            alt={item.hotelName} \n          />\n          <div className=\"absolute inset-0 bg-gradient-to-t from-white via-white/40 to-black/30\" />\n          \n          <button \n            onClick={onClose}\n            className=\"absolute top-6 right-6 p-3 bg-white/20 hover:bg-black/20 backdrop-blur-md rounded-full text-white sm:text-gray-800 transition-colors\"\n          >\n            <X className=\"w-6 h-6\" />\n          </button>\n\n          <div className=\"absolute bottom-0 left-0 right-0 p-8\">\n            <p className=\"text-[10px] font-black text-purple-600 uppercase tracking-[0.3em] mb-2 drop-shadow-sm\">Detalhes da Hospedagem</p>\n            <h2 className=\"text-3xl sm:text-4xl font-black text-gray-900 tracking-tight leading-none\">{item.hotelName}</h2>\n            {item.hotelAddress && (\n              <div className=\"flex items-center gap-2 mt-3 text-gray-500 font-bold text-xs\">\n                <MapPin className=\"w-3.5 h-3.5\" />\n                {item.hotelAddress}\n              </div>\n            )}\n          </div>\n        </div>\n\n        {/* NAVEGA├ç├âO TABS */}\n        <div className=\"flex border-b border-gray-100 px-8\">\n          <button \n            onClick={() => setActiveTab('info')}\n            className={`px-6 py-4 text-sm font-black uppercase tracking-widest border-b-2 transition-all ${\n              activeTab === 'info' ? 'border-purple-600 text-purple-600' : 'border-transparent text-gray-400 hover:text-gray-600'\n            }`}\n          >\n            Informa├º├Áes\n          </button>\n          <button \n            onClick={() => setActiveTab('galeria')}\n            className={`px-6 py-4 text-sm font-black uppercase tracking-widest border-b-2 transition-all ${\n              activeTab === 'galeria' ? 'border-purple-600 text-purple-600' : 'border-transparent text-gray-400 hover:text-gray-600'\n            }`}\n          >\n            Galeria ({item.hotelPhotos?.length || 0})\n          </button>\n        </div>\n\n        {/* CONTE├ÜDO */}\n        <div className=\"flex-1 overflow-y-auto p-8 custom-scrollbar bg-slate-50/30\">\n          {activeTab === 'info' ? (\n            <div className=\"space-y-10 animate-in fade-in slide-in-from-bottom-4 duration-500\">\n              {/* DESCRI├ç├âO */}\n              {item.hotelDescription && (\n                <div className=\"bg-white rounded-3xl p-8 shadow-sm border border-slate-100\">\n                  <div className=\"flex items-center gap-3 mb-6\">\n                    <div className=\"w-10 h-10 rounded-xl bg-purple-50 flex items-center justify-center text-purple-600\">\n                      <FileText className=\"w-5 h-5\" />\n                    </div>\n                    <h3 className=\"font-black text-xl text-gray-800\">Sobre a Propriedade</h3>\n                  </div>\n                  <p className=\"text-gray-600 leading-relaxed text-sm font-medium whitespace-pre-wrap\">{item.hotelDescription}</p>\n                </div>\n              )}\n\n              {/* COMODIDADES */}\n              {item.hotelAmenities && item.hotelAmenities.length > 0 && (\n                <div>\n                  <div className=\"flex items-center gap-3 mb-6\">\n                    <div className=\"w-10 h-10 rounded-xl bg-green-50 flex items-center justify-center text-green-600\">\n                      <Star className=\"w-5 h-5\" />\n                    </div>\n                    <h3 className=\"font-black text-xl text-gray-800\">Comodidades & Servi├ºos</h3>\n                  </div>\n                  <div className=\"grid grid-cols-1 sm:grid-cols-2 md:grid-cols-3 gap-3\">\n                    {item.hotelAmenities.map((amenity, idx) => (\n                      <div key={idx} className=\"flex items-center gap-3 bg-white p-4 rounded-2xl border border-slate-100 shadow-sm group hover:border-green-200 transition-colors\">\n                        <div className=\"w-2 h-2 rounded-full bg-green-400\" />\n                        <span className=\"text-[11px] font-bold text-slate-600 uppercase tracking-tight\">{amenity}</span>\n                      </div>\n                    ))}\n                  </div>\n                </div>\n              )}\n            </div>\n          ) : (\n            <div className=\"grid grid-cols-2 sm:grid-cols-3 md:grid-cols-4 gap-4 animate-in fade-in slide-in-from-bottom-4 duration-500\">\n              {item.hotelPhotos?.map((photo, idx) => (\n                <button \n                  key={idx}\n                  onClick={() => setSelectedImage(photo)}\n                  className=\"relative aspect-square rounded-3xl overflow-hidden group hover:ring-4 ring-purple-500/20 transition-all shadow-md\"\n                >\n                  <img src={photo} className=\"w-full h-full object-cover transition-transform duration-500 group-hover:scale-110\" alt=\"\" loading=\"lazy\" />\n                  <div className=\"absolute inset-0 bg-black/0 group-hover:bg-black/20 transition-all flex items-center justify-center\">\n                    <Package className=\"w-6 h-6 text-white opacity-0 group-hover:opacity-100 transition-all scale-75 group-hover:scale-100\" />\n                  </div>\n                </button>\n              ))}\n            </div>\n          )}\n        </div>\n      </motion.div>\n\n      {/* LIGHTBOX */}\n      <AnimatePresence>\n        {selectedImage && (\n          <motion.div\n            initial={{ opacity: 0 }}\n            animate={{ opacity: 1 }}\n            exit={{ opacity: 0 }}\n            className=\"fixed inset-0 z-[110] bg-black/95 flex items-center justify-center p-4 cursor-zoom-out\"\n            onClick={() => setSelectedImage(null)}\n          >\n            <motion.img \n              initial={{ scale: 0.8, opacity: 0 }}\n              animate={{ scale: 1, opacity: 1 }}\n              exit={{ scale: 0.8, opacity: 0 }}\n              src={selectedImage} \n              className=\"max-w-full max-h-full object-contain rounded-xl\"\n              alt=\"Preview\"\n            />\n            <button className=\"absolute top-8 right-8 text-white hover:text-purple-400 transition-colors p-2\">\n              <X className=\"w-10 h-10\" />\n            </button>\n          </motion.div>\n        )}\n      </AnimatePresence>\n    </motion.div>\n  );\n}\n\nfunction OtherItemCard({ item }: { item: LeadItem }) {\n  return (\n    <div className=\"bg-white rounded-2xl border border-gray-100 overflow-hidden shadow-sm hover:shadow-md transition-shadow\">\n      <div className={`h-1.5 w-full bg-gradient-to-r ${TypeGradient(item.type)}`} />\n      <div className=\"p-5 flex items-center justify-between\">\n        <div className=\"flex items-center gap-2.5\">\n          <div className={`w-9 h-9 rounded-xl bg-gradient-to-br ${TypeGradient(item.type)} flex items-center justify-center text-white shadow-md`}>\n            <TypeIcon type={item.type} />\n          </div>\n          <div>\n            <p className=\"text-xs font-bold text-gray-400 uppercase tracking-widest\"><TypeLabel type={item.type} /></p>\n            {item.description && <p className=\"font-bold text-gray-700 text-sm\">{item.description}</p>}\n          </div>\n        </div>\n        {item.value && item.value > 0 && (\n          <span className=\"px-3 py-1 bg-gray-50 text-gray-600 rounded-full text-sm font-black border border-gray-100\">\n            {formatCurrency(item.value)}\n          </span>\n        )}\n      </div>\n    </div>\n  );\n}\n\nexport default function CotacaoPage() {\n  const params = useParams();\n  const id = params?.id as string;\n  const [lead, setLead] = useState<Lead | null>(null);\n  const [loading, setLoading] = useState(true);\n  const [notFound, setNotFound] = useState(false);\n  const [fallbackRates, setFallbackRates] = useState<{USD: number, EUR: number, GBP: number} | null>(null);\n  const { isIntl, region: tripRegion } = checkInternational(lead || undefined);\n\n  useEffect(() => {\n    if (!id) return;\n    fetchLead();\n  }, [id]);\n\n  const fetchRates = async () => {\n    try {\n      const res = await fetch('https://economia.awesomeapi.com.br/last/USD-BRL,EUR-BRL,GBP-BRL');\n      const data = await res.json();\n      if (data) {\n        setFallbackRates({\n          USD: parseFloat(data.USDBRL?.bid || '0'),\n          EUR: parseFloat(data.EURBRL?.bid || '0'),\n          GBP: parseFloat(data.GBPBRL?.bid || '0')\n        });\n      }\n    } catch (err) {\n      console.error('Erro ao buscar c├ómbio fallback:', err);\n    }\n  };\n\n  const fetchLead = async () => {\n    try {\n      const { data, error } = await supabase.from('leads').select('*').eq('id', id).single();\n      if (error || !data) { setNotFound(true); return; }\n      setLead({\n        id: data.id,\n        title: data.title || '',\n        name: data.name || 'Cliente',\n        value: parseFloat(data.value || '0'),\n        status: data.status,\n        items: data.items || [],\n        tags: data.tags || [],\n        duration: data.duration || '',\n        adults: data.adults || 0,\n        children: data.children || 0,\n        babies: data.babies || 0,\n        luggage23kg: data.luggage23kg || 0,\n        emissor: data.emissor || '',\n        notes: data.notes || '',\n        phone: data.phone || '',\n        usd_rate: parseFloat(data.usd_rate || '0'),\n        eur_rate: parseFloat(data.eur_rate || '0'),\n        gbp_rate: parseFloat(data.gbp_rate || '0'),\n      });\n      // Se n├úo tiver c├ómbio salvo, busca fallback\n      if (!data.usd_rate || parseFloat(data.usd_rate) === 0) {\n        fetchRates();\n      }\n    } catch (err) {\n      setNotFound(true);\n    } finally {\n      setLoading(false);\n    }\n  };\n\n  if (loading) {\n    return (\n      <div className=\"min-h-screen bg-gradient-to-br from-[#19727d]/5 to-cyan-50 flex items-center justify-center\">\n        <div className=\"text-center space-y-4\">\n          <div className=\"w-16 h-16 rounded-2xl bg-white shadow-lg flex items-center justify-center mx-auto animate-pulse\">\n            <img src={AGENCY.logoUrl} alt=\"Easy Fly\" className=\"w-10 h-10 object-contain\" />\n          </div>\n          <div className=\"space-y-1\">\n            <p className=\"font-black text-[#19727d] text-xl\">Easy Fly</p>\n            <p className=\"text-gray-400 text-sm font-medium\">Carregando sua cota├º├úo...</p>\n          </div>\n        </div>\n      </div>\n    );\n  }\n\n  if (notFound || !lead) {\n    return (\n      <div className=\"min-h-screen bg-gradient-to-br from-[#19727d]/5 to-cyan-50 flex items-center justify-center p-4\">\n        <div className=\"text-center space-y-5 max-w-sm\">\n          <div className=\"w-20 h-20 rounded-3xl bg-white shadow-xl flex items-center justify-center mx-auto\">\n            <img src={AGENCY.logoUrl} alt=\"Easy Fly\" className=\"w-12 h-12 object-contain\" />\n          </div>\n          <div className=\"space-y-2\">\n            <h1 className=\"text-2xl font-black text-gray-800\">Cota├º├úo n├úo encontrada</h1>\n            <p className=\"text-gray-500 text-sm leading-relaxed\">Este link pode ter expirado ou ser inv├ílido. Entre em contato com a ag├¬ncia.</p>\n          </div>\n          <a href={`https://wa.me/${AGENCY.whatsapp}`} target=\"_blank\" rel=\"noopener noreferrer\"\n            className=\"inline-flex items-center gap-2 px-6 py-3 bg-green-500 text-white rounded-2xl font-bold shadow-lg shadow-green-500/20 hover:bg-green-600 transition-all\">\n            <MessageCircle className=\"w-4 h-4\" /> Falar no WhatsApp\n          </a>\n        </div>\n      </div>\n    );\n  }\n\n  const flights = (lead.items || []).filter(i => i.type === 'passagem');\n  const hotels = (lead.items || []).filter(i => i.type === 'hospedagem');\n  const others = (lead.items || []).filter(i => !['passagem', 'hospedagem'].includes(i.type));\n  const whatsappMsg = encodeURIComponent(`Ol├í! Vi a cota├º├úo \"${lead.title || lead.name}\" enviada pela Easy Fly e gostaria de mais informa├º├Áes.`);\n\n  const calculateDuration = () => {\n    const flight = flights[0];\n    \n    const getDurationText = (days: number) => {\n      if (days <= 0) return null;\n      const nights = days - 1;\n      const daysText = `${days} ${days === 1 ? 'dia' : 'dias'}`;\n      const nightsText = `${nights} ${nights === 1 ? 'noite' : 'noites'}`;\n      return `${daysText} e ${nightsText}`;\n    };\n\n    if (!flight) {\n      const d = parseInt(lead.duration || '0');\n      return d > 0 ? getDurationText(d) : null;\n    }\n\n    if (flight.flightType === 'ida') return 'Somente Ida';\n    \n    const outbound = flight.outboundSegments || [];\n    const inbound = flight.inboundSegments || [];\n    \n    const startStr = outbound[0]?.departureDate;\n    const endStr = inbound[inbound.length - 1]?.departureDate || inbound[inbound.length - 1]?.arrivalDate;\n    \n    if (!startStr || !endStr) {\n      const d = parseInt(lead.duration || '0');\n      return d > 0 ? getDurationText(d) : null;\n    }\n\n    const parse = (s: string) => {\n      if (s.includes('/')) {\n        const [d, m, y] = s.split('/');\n        return new Date(Number(y), Number(m) - 1, Number(d));\n      }\n      return new Date(s);\n    };\n\n    try {\n      const start = parse(startStr);\n      const end = parse(endStr);\n      const diffTime = end.getTime() - start.getTime();\n      const diffDays = Math.ceil(diffTime / (1000 * 60 * 60 * 24)) + 1;\n      return diffDays > 0 ? getDurationText(diffDays) : null;\n    } catch {\n      const d = parseInt(lead.duration || '0');\n      return d > 0 ? getDurationText(d) : null;\n    }\n  };\n\n  const tripDuration = calculateDuration();\n  \n  return (\n    <div className=\"min-h-screen bg-gradient-to-br from-slate-50 via-white to-cyan-50/30 font-sans\">\n      <style jsx global>{`\n        @media print {\n          @page { size: A4; margin: 8mm; }\n          html, body { zoom: 0.85 !important; }\n          body { background: white !important; -webkit-print-color-adjust: exact; color: #000 !important; font-size: 10pt !important; line-height: 1.1 !important; }\n          .no-print { display: none !important; }\n          .print-only { display: block !important; }\n          \n          /* COMPACTA├ç├âO EXTREMA */\n          section { margin-bottom: 0.5rem !important; break-inside: avoid; border-bottom: none !important; padding-bottom: 0.5rem !important; }\n          .p-8, .p-10, .p-6, .p-5 { padding: 0.75rem !important; }\n          .mb-12, .mb-10, .mb-8, .mb-6 { margin-bottom: 0.4rem !important; }\n          .mt-12, .mt-10, .mt-8 { margin-top: 0.4rem !important; }\n          .gap-10, .gap-8, .gap-6, .gap-4 { gap: 0.25rem !important; }\n          .rounded-[32px], .rounded-[2.5rem] { border-radius: 12px !important; }\n          \n          /* TEXT COMPRESSION */\n          h1 { font-size: 16pt !important; margin-bottom: 0.25rem !important; }\n          h2 { font-size: 12pt !important; margin-bottom: 0.2rem !important; }\n          h3 { font-size: 11pt !important; }\n          .text-5xl, .text-6xl { font-size: 20pt !important; }\n          p, span, div { font-size: 9pt !important; }\n\n          /* MAP & CONTACT COMPRESSION */\n          #main-travel-map { height: 180px !important; margin-bottom: 0.5rem !important; }\n          .w-32.h-32 { width: 50px !important; height: 50px !important; padding: 0.25rem !important; margin-bottom: 0.25rem !important; }\n          .w-16.h-16 { width: 40px !important; height: 40px !important; }\n          .p-10.pt-8.pb-12 { padding: 0.5rem !important; }\n          \n          /* HEADER RE-STYLED FOR PRINT */\n          header { border-bottom: 2px solid #000; padding-bottom: 0.5rem !important; margin-bottom: 1rem !important; background: none !important; }\n          header * { color: black !important; }\n          \n          footer { padding: 1rem 0 !important; margin-top: 1rem !important; border-top: 1px solid #eee; }\n          \n          .shadow-xl, .shadow-2xl, .shadow-sm { box-shadow: none !important; border: 1px solid #f1f5f9 !important; }\n          .grid-cols-1, .grid-cols-2 { display: grid !important; grid-template-columns: 1fr 1fr !important; gap: 0.5rem !important; }\n        }\n        .print-only { display: none; }\n      `}</style>\n      \n      {/* CABE├çALHO DE IMPRESS├âO (PAPEL TIMBRADO) */}\n      <div className=\"print-only w-full border-b-2 border-slate-900 pb-10 mb-10\">\n         <div className=\"flex justify-between items-start\">\n            <div className=\"flex items-center gap-6\">\n               <img src={AGENCY.logoUrl} alt=\"Logo\" className=\"w-24 h-24 object-contain\" />\n               <div>\n                  <h1 className=\"text-2xl font-black text-slate-900 uppercase tracking-tighter\">{AGENCY.name}</h1>\n                  <p className=\"text-[10px] font-bold text-slate-400 uppercase tracking-widest\">{AGENCY.legalName}</p>\n                  <p className=\"text-[10px] font-medium text-slate-500 mt-1\">{AGENCY.address}</p>\n               </div>\n            </div>\n            <div className=\"text-right\">\n               <p className=\"text-xs font-black text-slate-900 uppercase tracking-widest\">Or├ºamento Oficial</p>\n               <p className=\"text-[10px] font-bold text-slate-400\">PROPOSTA N┬║: {lead.id.substring(0, 8).toUpperCase()}</p>\n               <p className=\"text-[10px] font-bold text-slate-400\">DATA: {new Date().toLocaleDateString('pt-BR')}</p>\n            </div>\n         </div>\n      </div>\n\n      <Script src=\"https://unpkg.com/leaflet@1.9.4/dist/leaflet.js\" strategy=\"afterInteractive\" />\n      <link rel=\"stylesheet\" href=\"https://unpkg.com/leaflet@1.9.4/dist/leaflet.css\" />\n\n      <header className=\"bg-gradient-to-br from-[#19727d] via-[#1a8090] to-[#0d5c66] text-white relative overflow-hidden no-print\">\n        <div className=\"absolute top-0 right-0 w-64 h-64 bg-white/5 rounded-full -translate-y-1/2 translate-x-1/4 pointer-events-none\" />\n        <div className=\"absolute bottom-0 left-0 w-48 h-48 bg-white/5 rounded-full translate-y-1/2 -translate-x-1/4 pointer-events-none\" />\n\n        <div className=\"relative max-w-4xl mx-auto px-4 sm:px-6 py-10\">\n          {/* Logo e Consultor na mesma linha */}\n          <div className=\"flex flex-col sm:flex-row items-center sm:items-start justify-between gap-6 mb-12\">\n            <div className=\"flex items-center gap-4\">\n              <div className=\"w-16 h-16 rounded-2xl bg-white flex items-center justify-center shadow-xl flex-shrink-0 p-2 transform hover:scale-105 transition-transform\">\n                <img src={AGENCY.logoUrl} alt=\"Easy Fly\" className=\"w-full h-full object-contain\" />\n              </div>\n              <div>\n                <p className=\"font-black text-white text-2xl leading-tight tracking-tight\">Easy Fly</p>\n                <p className=\"text-white/70 text-xs uppercase tracking-[0.3em] font-bold\">Ag├¬ncia de Viagens</p>\n              </div>\n            </div>\n\n            {lead.emissor && (\n              <div className=\"flex items-center gap-3 bg-white/10 backdrop-blur-md px-5 py-2.5 rounded-2xl border border-white/20 shadow-lg\">\n                <div className=\"w-8 h-8 rounded-full bg-cyan-500/20 flex items-center justify-center border border-cyan-400/30\">\n                  <Briefcase className=\"w-4 h-4 text-cyan-300\" />\n                </div>\n                <div>\n                  <p className=\"text-[10px] text-white/50 font-black uppercase tracking-widest leading-none mb-1\">Consultor</p>\n                  <p className=\"text-sm font-black text-white leading-none\">{lead.emissor}</p>\n                </div>\n              </div>\n            )}\n          </div>\n\n          <div className=\"text-center space-y-5\">\n            <div className=\"inline-flex items-center gap-3 bg-gradient-to-r from-emerald-500/30 to-cyan-500/30 backdrop-blur-xl px-10 py-4 rounded-full text-xl font-black text-white border-2 border-white/20 shadow-2xl shadow-black/20 transform hover:scale-105 transition-all duration-500\">\n              <CheckCircle className=\"w-7 h-7 text-emerald-400 drop-shadow-[0_0_8px_rgba(52,211,153,0.5)]\" />\n              <span className=\"tracking-tight\">Proposta de Viagem</span>\n            </div>\n\n            <h1 className=\"text-5xl sm:text-6xl font-black text-white tracking-tighter leading-[1.05] max-w-3xl mx-auto drop-shadow-sm\">\n              {lead.title || 'Sua Pr├│xima Aventura'}\n            </h1>\n            <div className=\"flex flex-wrap items-center justify-center gap-4 mt-8\">\n              <div className=\"flex items-center gap-3 bg-white/10 px-6 py-2.5 rounded-2xl backdrop-blur-md border border-white/20 shadow-lg\">\n                <Users className=\"w-5 h-5 text-cyan-300\" />\n                <div className=\"text-left\">\n                  <p className=\"text-[10px] text-white/50 font-black uppercase tracking-widest leading-none mb-1\">Passageiros</p>\n                  <p className=\"text-sm font-black text-white leading-none\">\n                    {lead.name} \n                    <span className=\"ml-2 text-cyan-300/80 font-bold border-l border-white/20 pl-2\">\n                      {(lead.adults || 0) > 0 && `${lead.adults} Adulto${(lead.adults || 0) > 1 ? 's' : ''}`}\n                      {(lead.children || 0) > 0 && ` ${(lead.children || 0)} Crian├ºa${(lead.children || 0) > 1 ? 's' : ''}`}\n                      {(lead.babies || 0) > 0 && ` ${(lead.babies || 0)} Beb├¬${(lead.babies || 0) > 1 ? 's' : ''}`}\n                    </span>\n                  </p>\n                </div>\n              </div>\n\n              {tripDuration && (\n                <div className=\"flex items-center gap-3 bg-white/10 px-6 py-2.5 rounded-2xl backdrop-blur-md border border-white/20 shadow-lg\">\n                  <Clock className=\"w-5 h-5 text-cyan-300\" />\n                  <div className=\"text-left\">\n                    <p className=\"text-[10px] text-white/50 font-black uppercase tracking-widest leading-none mb-1\">Dura├º├úo</p>\n                    <p className=\"text-sm font-black text-white leading-none\">{tripDuration}</p>\n                  </div>\n                </div>\n              )}\n            </div>\n          </div>\n        </div>\n      </header>\n\n      {/* MAIN CONTENT */}\n      <main className=\"max-w-3xl mx-auto px-4 sm:px-6 py-8 space-y-10\">\n\n        {flights.length > 0 && (\n          <section>\n            <SectionTitle icon={<Plane className=\"w-4 h-4\" />} title=\"Op├º├Áes de Voos\" />\n            \n            {/* Mapa Consolidado da Rota Real */}\n            <MainTravelMap lead={lead} flights={flights} />\n\n            <div className=\"space-y-4\">\n              {flights.map(item => <FlightItemCard key={item.id} item={item} lead={lead} />)}\n            </div>\n          </section>\n        )}\n\n        {hotels.length > 0 && (\n          <section>\n            <SectionTitle icon={<Hotel className=\"w-4 h-4\" />} title=\"Hospedagem\" />\n            <div className=\"space-y-4\">\n              {hotels.map(item => <HotelItemCard key={item.id} item={item} />)}\n            </div>\n          </section>\n        )}\n\n        {others.length > 0 && (\n          <section>\n            <SectionTitle icon={<Package className=\"w-4 h-4\" />} title=\"Outros Servi├ºos\" />\n            <div className=\"space-y-4\">\n              {others.map(item => <OtherItemCard key={item.id} item={item} />)}\n            </div>\n          </section>\n        )}\n\n        {/* VALORES */}\n        {lead.value > 0 && (\n          <section>\n            <SectionTitle icon={<CreditCard className=\"w-4 h-4\" />} title=\"Investimento\" />\n            <div className=\"bg-gradient-to-br from-[#19727d] to-[#0d5c66] rounded-2xl p-6 text-white shadow-xl shadow-[#19727d]/20\">\n              <div className=\"flex items-center justify-between mb-4\">\n                <div>\n                  <p className=\"text-white/70 text-sm font-bold uppercase tracking-widest leading-none mb-3\">INVESTIMENTO TOTAL</p>\n                  <div className=\"flex flex-wrap items-baseline gap-2.5\">\n                    <p className=\"text-5xl font-black tracking-tighter leading-none\">{formatCurrency(lead.value)}</p>\n                    <div className=\"flex flex-wrap items-center gap-1.5 px-3 py-1.5 bg-white/10 rounded-xl border border-white/5\">\n                       <span className=\"text-[10px] font-black text-white uppercase tracking-wider\">├Ç vista</span>\n                       <div className=\"flex items-center gap-1.5\">\n                          {(lead.adults || 0) > 0 && (\n                            <span className=\"text-[10px] font-black text-cyan-200 uppercase tracking-tight\">\n                               {(lead.adults || 0)} {(lead.adults || 0) === 1 ? 'Adulto' : 'Adultos'}\n                            </span>\n                          )}\n                          {(lead.children || 0) > 0 && (\n                            <span className=\"text-[10px] font-black text-cyan-200 uppercase tracking-tight\">\n                               ÔÇó {(lead.children || 0)} {(lead.children || 0) === 1 ? 'Crian├ºa' : 'Crian├ºas'}\n                            </span>\n                          )}\n                          {(lead.babies || 0) > 0 && (\n                            <span className=\"text-[10px] font-black text-cyan-200 uppercase tracking-tight\">\n                               ÔÇó {(lead.babies || 0)} {(lead.babies || 0) === 1 ? 'Beb├¬' : 'Beb├¬s'}\n                            </span>\n                          )}\n                       </div>\n                    </div>\n                  </div>\n                </div>\n                {/* C├éMBIO E ├ìCONE PRINCIPAL */}\n                <div className=\"flex flex-col items-end gap-3 shrink-0 self-start -mt-2\">\n                   {/* C├éMBIO (SEGURO OU FALLBACK) */}\n                   {(() => {\n                     const isPersisted = lead.usd_rate > 0;\n                     const displayRates = isPersisted ? \n                       { USD: lead.usd_rate, EUR: lead.eur_rate, GBP: lead.gbp_rate } : \n                       fallbackRates;\n\n                     if (!displayRates || displayRates.USD <= 0) return null;\n\n                     return (\n                       <div className=\"flex gap-2.5\">\n                          {[\n                            { code: 'USD', symbol: '$', rate: displayRates.USD },\n                            { code: 'EUR', symbol: 'Ôé¼', rate: displayRates.EUR },\n                            { code: 'GBP', symbol: '┬ú', rate: displayRates.GBP }\n                          ].filter(c => c.rate > 0).map(c => (\n                            <div key={c.code} className=\"bg-white/10 backdrop-blur-md border border-white/10 rounded-2xl px-3.5 py-2.5 flex flex-col items-center min-w-[85px] shadow-sm animate-in fade-in zoom-in duration-500\">\n                               <div className=\"flex items-center gap-1.5 mb-1\">\n                                  <span className=\"text-[8px] font-black text-cyan-300 tracking-widest leading-none\">{c.code}</span>\n                                  {isPersisted ? (\n                                    <Clock className=\"w-2.5 h-2.5 text-cyan-300 opacity-60\" />\n                                  ) : (\n                                    <RefreshCw className=\"w-2.5 h-2.5 text-cyan-300 animate-[spin_4s_linear_infinite]\" />\n                                  )}\n                               </div>\n                               <p className=\"text-[13px] font-black text-white leading-none\">\n                                  {c.symbol} {new Intl.NumberFormat('en-US', { minimumFractionDigits: 2, maximumFractionDigits: 2 }).format(lead.value / c.rate)}\n                                </p>\n                               <p className=\"text-[8px] font-bold text-white/40 mt-1 uppercase tracking-tighter\">R$ {c.rate.toFixed(2)}</p>\n                            </div>\n                          ))}\n                       </div>\n                     );\n                   })()}\n                </div>\n              </div>\n\n              <div className=\"border-t border-white/20 pt-4\">\n                <div className=\"flex items-center gap-2 mb-3\">\n                   <p className=\"text-white/60 text-[10px] font-black uppercase tracking-widest\">Simula├º├úo de parcelamento no cart├úo</p>\n                   <CreditCard className=\"w-3.5 h-3.5 text-white/40\" />\n                </div>\n                <div className=\"grid grid-cols-2 sm:grid-cols-4 gap-2\">\n                  {INSTALLMENTS.map((n: number) => (\n                    <div key={n} className=\"bg-white/10 rounded-xl p-2.5 text-center hover:bg-white/20 transition-colors\">\n                      <p className=\"text-[11px] text-white/60 font-bold\">{n}x de</p>\n                      <p className=\"text-sm font-black text-white\">{formatCurrency(lead.value / n)}</p>\n                    </div>\n                  ))}\n                </div>\n                <p className=\"text-white/60 text-[10px] mt-4 text-center leading-relaxed\">\n                  * Os valores apresentados podem sofrer altera├º├Áes a qualquer momento, de acordo com as regras das companhias a├®reas.<br />\n                  A reserva s├│ ├® garantida ap├│s confirma├º├úo de pagamento.\n                </p>\n              </div>\n            </div>\n          </section>\n        )}\n\n        {/* CHECKLIST DE REQUISITOS */}\n        <section className=\"space-y-6\">\n          <SectionTitle icon={<ShieldAlert className=\"w-4 h-4\" />} title=\"Checklist de embarque e seguran├ºa\" />\n          <TravelChecklist isIntl={isIntl} region={tripRegion} />\n        </section>\n\n        {lead.notes && (\n          <section>\n            <SectionTitle icon={<Package className=\"w-4 h-4\" />} title=\"Observa├º├Áes\" />\n            <div className=\"bg-amber-50 border border-amber-100 rounded-2xl p-5\">\n              <p className=\"text-gray-700 text-sm leading-relaxed font-medium\">{lead.notes}</p>\n            </div>\n          </section>\n        )}\n\n        {/* INFORMA├ç├òES GERAIS */}\n        <section className=\"space-y-6\">\n          <SectionTitle icon={<Info className=\"w-4 h-4\" />} title=\"Informa├º├Áes gerais\" />\n          <div className=\"bg-white rounded-[32px] border border-slate-100 p-8 shadow-sm text-center\">\n             <p className=\"text-[10px] font-black text-slate-400 uppercase tracking-[0.2em] mb-6\">Formas de Pagamento:</p>\n             <div className=\"flex flex-col items-center gap-4\">\n                <div className=\"flex items-center gap-3 group\">\n                   <div className=\"w-8 h-8 bg-emerald-50 rounded-lg flex items-center justify-center text-emerald-600 border border-emerald-100 group-hover:scale-110 transition-transform\">\n                      <DollarSign className=\"w-4 h-4\" />\n                   </div>\n                   <span className=\"text-sm font-bold text-slate-700 whitespace-nowrap\">Pix ou Moedas Internacionais</span>\n                </div>\n                <div className=\"flex items-center gap-3 group relative cursor-help\">\n                   <div className=\"w-8 h-8 bg-blue-50 rounded-lg flex items-center justify-center text-blue-600 border border-blue-100 group-hover:scale-110 transition-transform\">\n                      <Info className=\"w-4 h-4\" />\n                   </div>\n                   <div className=\"flex items-center gap-2\">\n                      <span className=\"text-sm font-bold text-slate-700\">Boleto financiado</span>\n                      <div className=\"w-3.5 h-3.5 rounded-full bg-slate-100 flex items-center justify-center text-slate-400 text-[10px] font-black group-hover:bg-blue-600 group-hover:text-white transition-colors\">!</div>\n                   </div>\n\n                   {/* TOOLTIP ELITE - BOLETO FINANCIADO */}\n                   <div className=\"absolute bottom-full mb-3 left-1/2 -translate-x-1/2 w-[280px] bg-white border border-slate-100 shadow-2xl rounded-2xl p-5 opacity-0 invisible group-hover:opacity-100 group-hover:visible transition-all duration-300 z-50 text-left scale-95 group-hover:scale-100 origin-bottom pointer-events-none\">\n                      <div className=\"flex items-center gap-2 mb-3 border-b border-slate-50 pb-2\">\n                         <div className=\"w-5 h-5 bg-blue-50 rounded flex items-center justify-center text-blue-600\">\n                            <Info className=\"w-3 h-3\" />\n                         </div>\n                         <span className=\"text-[10px] font-black uppercase text-slate-800 tracking-wider\">Como funciona?</span>\n                      </div>\n                      <div className=\"space-y-3\">\n                         <p className=\"text-[11px] text-slate-600 leading-relaxed\">\n                            O boleto financiado ├® dispon├¡vel para quem tem <strong>CPF</strong> e passa por <strong>2 an├ílises</strong>:\n                         </p>\n                         <div className=\"space-y-2.5\">\n                            <div className=\"flex gap-2\">\n                               <span className=\"bg-blue-600 text-white font-black text-[8px] w-4 h-4 rounded-full flex items-center justify-center shrink-0\">1┬║</span>\n                               <p className=\"text-[10px] text-slate-500 leading-snug\">\n                                  Verifica├º├úo de cr├®dito inicial e op├º├úo de parcelamento (<strong>M├¡nimo 6x e M├íximo 24x</strong> dependendo do CPF). \n                                  <span className=\"block text-emerald-600 font-bold mt-0.5\">*Pode ser sem juros</span>\n                               </p>\n                            </div>\n                            <div className=\"flex gap-2\">\n                               <span className=\"bg-blue-600 text-white font-black text-[8px] w-4 h-4 rounded-full flex items-center justify-center shrink-0\">2┬║</span>\n                               <p className=\"text-[10px] text-slate-500 leading-snug\">Valida├º├úo de Seguran├ºa: A <strong>Koin</strong> entrar├í em contato via telefone, e-mail e WhatsApp para validar sua identidade.</p>\n                            </div>\n                         </div>\n                         <div className=\"bg-slate-50 p-2.5 rounded-lg border-l-2 border-blue-400\">\n                            <p className=\"text-[10px] text-slate-600 font-bold leading-tight mb-1\">Pagamento:</p>\n                            <p className=\"text-[9px] text-slate-500 leading-tight italic\">Ap├│s a aprova├º├úo, pague o 1┬║ boleto para garantir a reserva. Os seguintes chegam por e-mail ou app.</p>\n                         </div>\n                      </div>\n                      <div className=\"absolute top-full left-1/2 -translate-x-1/2 w-3 h-3 bg-white border-r border-b border-slate-100 rotate-45 -mt-1.5 shadow-[2px_2px_2px_rgba(0,0,0,0.02)]\" />\n                   </div>\n                </div>\n                <div className=\"flex items-center gap-3 group\">\n                   <div className=\"w-8 h-8 bg-amber-50 rounded-lg flex items-center justify-center text-amber-600 border border-amber-100 group-hover:scale-110 transition-transform\">\n                      <CreditCard className=\"w-4 h-4\" />\n                   </div>\n                   <span className=\"text-sm font-bold text-slate-700\">Cart├úo de Cr├®dito em at├® 12x</span>\n                </div>\n             </div>\n          </div>\n        </section>\n\n        {/* CONTATO */}\n        <section className=\"space-y-6 pb-20\">\n          <SectionTitle icon={<Phone className=\"w-4 h-4\" />} title=\"Informa├º├Áes e contato\" />\n          <div className=\"bg-white rounded-[32px] border border-slate-100 overflow-hidden shadow-xl shadow-slate-200/50\">\n             <div className=\"grid grid-cols-1 md:grid-cols-2\">\n                {/* Left Side */}\n                <div className=\"p-10 pt-8 pb-12 flex flex-col items-center justify-start text-center bg-slate-50/50\">\n                   <div className=\"w-32 h-32 bg-white rounded-[2.5rem] shadow-xl border border-slate-100 p-5 transform hover:rotate-2 transition-transform mb-8\">\n                      <img src={AGENCY.logoUrl} alt=\"Easy Fly\" className=\"w-full h-full object-contain\" />\n                   </div>\n                   <div className=\"space-y-2\">\n                      <p className=\"text-[11px] font-black text-slate-800 uppercase tracking-widest leading-none whitespace-nowrap\">{AGENCY.legalName}</p>\n                      <p className=\"text-[10px] font-bold text-slate-400\">CNPJ: {AGENCY.cnpj}</p>\n                      <p className=\"text-[9px] font-bold text-slate-400 leading-tight uppercase max-w-[200px] mx-auto opacity-70 mt-4\">\n                        {AGENCY.address}\n                      </p>\n                   </div>\n                </div>\n\n                {/* Right Side */}\n                <div className=\"p-10 bg-white border-l border-slate-100 space-y-6\">\n                   <div className=\"space-y-4\">\n                      <div className=\"flex items-center gap-4 group\">\n                         <div className=\"w-10 h-10 rounded-xl bg-slate-50 flex items-center justify-center text-slate-400 group-hover:bg-cyan-50 group-hover:text-cyan-600 transition-all border border-slate-100\">\n                            <Users className=\"w-5 h-5\" />\n                         </div>\n                         <div>\n                            <p className=\"text-sm font-black text-slate-800 leading-none\">{lead.emissor || 'Consultor Easy Fly'}</p>\n                         </div>\n                      </div>\n\n                      <div className=\"flex items-center gap-4 group\">\n                         <div className=\"w-10 h-10 rounded-xl bg-slate-50 flex items-center justify-center text-slate-400 group-hover:bg-green-50 group-hover:text-green-600 transition-all border border-slate-100\">\n                            <MessageCircle className=\"w-5 h-5\" />\n                         </div>\n                         <div>\n                            <p className=\"text-sm font-bold text-slate-600 leading-none\">{AGENCY.phone}</p>\n                         </div>\n                      </div>\n\n                      <div className=\"flex items-center gap-4 group\">\n                         <div className=\"w-10 h-10 rounded-xl bg-slate-50 flex items-center justify-center text-slate-400 group-hover:bg-cyan-50 group-hover:text-cyan-600 transition-all border border-slate-100\">\n                            <Package className=\"w-5 h-5\" />\n                         </div>\n                         <div>\n                            <p className=\"text-sm font-bold text-slate-600 leading-none lowercase\">{AGENCY.email}</p>\n                         </div>\n                      </div>\n\n                      <div className=\"flex items-center gap-4 group\">\n                         <div className=\"w-10 h-10 rounded-xl bg-slate-50 flex items-center justify-center text-slate-400 group-hover:bg-pink-50 group-hover:text-pink-600 transition-all border border-slate-100\">\n                            <Instagram className=\"w-5 h-5\" />\n                         </div>\n                         <div>\n                            <p className=\"text-sm font-bold text-slate-600 leading-none\">{AGENCY.instagram}</p>\n                         </div>\n                      </div>\n                   </div>\n\n                   <a \n                    href={`https://wa.me/${AGENCY.whatsapp}?text=${encodeURIComponent(`Ol├í! Gostaria de falar sobre a cota├º├úo ${lead.id}`)}`} \n                    target=\"_blank\" \n                    rel=\"noopener noreferrer\"\n                    className=\"flex items-center justify-center w-full py-4 bg-white border-2 border-slate-100 hover:border-cyan-500 hover:bg-cyan-50 text-slate-600 hover:text-cyan-700 rounded-2xl font-black transition-all group\"\n                   >\n                     Entrar em contato\n                     <ArrowRight className=\"w-4 h-4 ml-2 group-hover:translate-x-1 transition-transform\" />\n                   </a>\n                </div>\n             </div>\n          </div>\n        </section>\n      </main>\n\n      {/* FOOTER - LEGAL ONLY */}\n      <footer className=\"bg-slate-50 border-t border-slate-100 py-10 text-center\">\n         <div className=\"max-w-3xl mx-auto px-6 space-y-4\">\n            <p className=\"text-[11px] text-slate-400 font-bold uppercase tracking-widest\">{AGENCY.legalName} ÔÇó CNPJ {AGENCY.cnpj}</p>\n            <p className=\"text-[10px] text-slate-400 font-medium\">Esta cota├º├úo ├® v├ílida por 72 horas a partir da data de emiss├úo. ÔÇó Easy Fly Ag├¬ncia de Viagens ┬® {new Date().getFullYear()}</p>\n         </div>\n      </footer>\n      {/* FLOATING PRINT BUTTON (FAB) */}\n      <button \n        onClick={() => window.print()}\n        className=\"fixed bottom-8 right-8 w-16 h-16 bg-[#19727d] text-white rounded-full shadow-2xl flex items-center justify-center hover:scale-110 active:scale-95 transition-all z-[100] no-print group hover:rotate-6\"\n        title=\"Imprimir / Gerar PDF\"\n      >\n        <div className=\"absolute -top-12 right-0 bg-slate-900 text-white text-[10px] font-black px-3 py-1.5 rounded-lg opacity-0 group-hover:opacity-100 transition-opacity whitespace-nowrap shadow-xl\">\n           BAIXAR PDF OFICIAL ­ƒû¿´©Å\n        </div>\n        <Printer className=\"w-7 h-7\" />\n      </button>\n    </div>\n  );\n}\n","usedDeprecatedRules":[]},{"filePath":"C:\\Users\\Cleber\\Documents\\EASY FLY\\SISTEMA\\Easy Fly\\app\\layout.tsx","messages":[],"suppressedMessages":[],"errorCount":0,"fatalErrorCount":0,"warningCount":0,"fixableErrorCount":0,"fixableWarningCount":0,"usedDeprecatedRules":[]},{"filePath":"C:\\Users\\Cleber\\Documents\\EASY FLY\\SISTEMA\\Easy Fly\\app\\orcamento\\[id]\\page.tsx","messages":[{"ruleId":"react-hooks/exhaustive-deps","severity":1,"message":"React Hook useEffect has a missing dependency: 'fetchSale'. Either include it or remove the dependency array.","line":359,"column":6,"nodeType":"ArrayExpression","endLine":359,"endColumn":10,"suggestions":[{"desc":"Update the dependencies array to be: [fetchSale, id]","fix":{"range":[13666,13670],"text":"[fetchSale, id]"}}]},{"ruleId":"@next/next/no-img-element","severity":1,"message":"Using `<img>` could result in slower LCP and higher bandwidth. Consider using `<Image />` from `next/image` or a custom image loader to automatically optimize images. This may incur additional usage or cost from your provider. See: https://nextjs.org/docs/messages/no-img-element","line":431,"column":13,"nodeType":"JSXOpeningElement","endLine":431,"endColumn":93},{"ruleId":"@next/next/no-img-element","severity":1,"message":"Using `<img>` could result in slower LCP and higher bandwidth. Consider using `<Image />` from `next/image` or a custom image loader to automatically optimize images. This may incur additional usage or cost from your provider. See: https://nextjs.org/docs/messages/no-img-element","line":447,"column":13,"nodeType":"JSXOpeningElement","endLine":447,"endColumn":93},{"ruleId":"@next/next/no-img-element","severity":1,"message":"Using `<img>` could result in slower LCP and higher bandwidth. Consider using `<Image />` from `next/image` or a custom image loader to automatically optimize images. This may incur additional usage or cost from your provider. See: https://nextjs.org/docs/messages/no-img-element","line":489,"column":15,"nodeType":"JSXOpeningElement","endLine":489,"endColumn":99},{"ruleId":"@next/next/no-img-element","severity":1,"message":"Using `<img>` could result in slower LCP and higher bandwidth. Consider using `<Image />` from `next/image` or a custom image loader to automatically optimize images. This may incur additional usage or cost from your provider. See: https://nextjs.org/docs/messages/no-img-element","line":629,"column":17,"nodeType":"JSXOpeningElement","endLine":629,"endColumn":101}],"suppressedMessages":[],"errorCount":0,"fatalErrorCount":0,"warningCount":5,"fixableErrorCount":0,"fixableWarningCount":0,"source":"'use client';\n\nimport { useEffect, useState } from 'react';\nimport { useParams } from 'next/navigation';\nimport { createClient } from '@supabase/supabase-js';\nimport {\n  Plane,\n  Hotel,\n  Shield,\n  Car,\n  Package,\n  MapPin,\n  Calendar,\n  Users,\n  Baby,\n  Briefcase,\n  Phone,\n  MessageCircle,\n  CheckCircle,\n  Clock,\n  CreditCard,\n  Star,\n  ArrowRight,\n  Coffee,\n} from 'lucide-react';\n\n// Cliente Supabase p├║blico (sem autentica├º├úo)\nconst supabase = createClient(\n  process.env.NEXT_PUBLIC_SUPABASE_URL || '',\n  process.env.NEXT_PUBLIC_SUPABASE_ANON_KEY || ''\n);\n\nconst AGENCY = {\n  name: 'Easy Fly Ag├¬ncia de Viagens',\n  legalName: 'EASY FLY AGENCIA DE VIAGENS LTDA',\n  cnpj: '45.480.207/0001-49',\n  phone: '+55 (87) 9.9952-5083',\n  whatsapp: '5587999525083',\n  logoUrl: '/logo2.png',\n};\n\ntype ItemType = 'passagem' | 'hospedagem' | 'seguro' | 'aluguel' | 'adicionais';\n\ninterface SaleItem {\n  id: string;\n  type: ItemType;\n  flightType?: 'ida' | 'ida_volta';\n  adults?: number;\n  children?: number;\n  babies?: number;\n  bags23kg?: number;\n  valuePaidByCustomer: number;\n  vendor?: string;\n  origin?: string;\n  destination?: string;\n  locator?: string;\n  emissionDate?: string;\n  departureDate?: string;\n  returnDate?: string;\n  checkIn?: string;\n  checkOut?: string;\n  hasBreakfast?: boolean;\n  hotelName?: string;\n  description?: string;\n  passengerName?: string;\n}\n\ninterface Sale {\n  id: string;\n  orderNumber: number;\n  saleDate: string;\n  customerName: string;\n  groupName?: string;\n  items: SaleItem[];\n  totalValue: number;\n  paymentMethod: string;\n  notes?: string;\n  emissor?: string;\n  productName?: string;\n}\n\nconst formatCurrency = (value: number) =>\n  new Intl.NumberFormat('pt-BR', { style: 'currency', currency: 'BRL' }).format(value);\n\nconst formatDate = (dateStr?: string) => {\n  if (!dateStr) return 'ÔÇö';\n  try {\n    const [year, month, day] = dateStr.split('-');\n    return `${day}/${month}/${year}`;\n  } catch {\n    return dateStr;\n  }\n};\n\nconst INSTALLMENTS = [1, 2, 3, 4, 6, 10, 12];\n\nfunction TypeIcon({ type, size = 20 }: { type: ItemType; size?: number }) {\n  const cls = `w-${size === 20 ? 5 : 4} h-${size === 20 ? 5 : 4}`;\n  switch (type) {\n    case 'passagem': return <Plane className={cls} />;\n    case 'hospedagem': return <Hotel className={cls} />;\n    case 'seguro': return <Shield className={cls} />;\n    case 'aluguel': return <Car className={cls} />;\n    default: return <Package className={cls} />;\n  }\n}\n\nfunction TypeLabel({ type }: { type: ItemType }) {\n  const labels: Record<ItemType, string> = {\n    passagem: 'Passagem A├®rea',\n    hospedagem: 'Hospedagem',\n    seguro: 'Seguro Viagem',\n    aluguel: 'Aluguel de Carro',\n    adicionais: 'Adicionais',\n  };\n  return <>{labels[type] || type}</>;\n}\n\nfunction TypeColor(type: ItemType) {\n  const colors: Record<ItemType, string> = {\n    passagem: 'from-blue-500 to-cyan-500',\n    hospedagem: 'from-purple-500 to-pink-500',\n    seguro: 'from-green-500 to-emerald-500',\n    aluguel: 'from-orange-500 to-amber-500',\n    adicionais: 'from-gray-500 to-slate-500',\n  };\n  return colors[type] || 'from-gray-400 to-gray-500';\n}\n\nfunction FlightItem({ item }: { item: SaleItem }) {\n  return (\n    <div className=\"bg-white rounded-2xl border border-gray-100 overflow-hidden shadow-sm hover:shadow-md transition-shadow\">\n      <div className={`h-1.5 w-full bg-gradient-to-r ${TypeColor(item.type)}`} />\n      <div className=\"p-5 space-y-4\">\n        <div className=\"flex items-center justify-between\">\n          <div className=\"flex items-center gap-2.5\">\n            <div className={`w-9 h-9 rounded-xl bg-gradient-to-br ${TypeColor(item.type)} flex items-center justify-center text-white shadow-md`}>\n              <TypeIcon type={item.type} />\n            </div>\n            <div>\n              <p className=\"text-xs font-bold text-gray-400 uppercase tracking-widest\"><TypeLabel type={item.type} /></p>\n              {item.flightType && (\n                <p className=\"text-xs text-blue-500 font-bold\">{item.flightType === 'ida' ? 'Ô£ê Somente Ida' : 'Ôçä Ida e Volta'}</p>\n              )}\n            </div>\n          </div>\n          {item.vendor && (\n            <span className=\"px-3 py-1 bg-gray-50 text-gray-500 rounded-full text-[11px] font-bold border border-gray-100\">{item.vendor}</span>\n          )}\n        </div>\n\n        {/* Rota */}\n        {(item.origin || item.destination) && (\n          <div className=\"flex items-center gap-3 bg-gradient-to-r from-blue-50 to-cyan-50 rounded-xl p-4\">\n            <div className=\"text-center\">\n              <p className=\"text-2xl font-black text-gray-800\">{item.origin || 'ÔÇö'}</p>\n              <p className=\"text-[10px] text-gray-400 font-bold uppercase tracking-wider\">Origem</p>\n            </div>\n            <div className=\"flex-1 flex flex-col items-center gap-1\">\n              <div className=\"flex items-center w-full gap-1\">\n                <div className=\"h-px flex-1 border-t-2 border-dashed border-blue-300\" />\n                <Plane className=\"w-4 h-4 text-blue-400 rotate-0\" />\n                <div className=\"h-px flex-1 border-t-2 border-dashed border-blue-300\" />\n              </div>\n              <p className=\"text-[10px] text-blue-400 font-bold\">VOO DIRETO</p>\n            </div>\n            <div className=\"text-center\">\n              <p className=\"text-2xl font-black text-gray-800\">{item.destination || 'ÔÇö'}</p>\n              <p className=\"text-[10px] text-gray-400 font-bold uppercase tracking-wider\">Destino</p>\n            </div>\n          </div>\n        )}\n\n        {/* Datas */}\n        <div className=\"grid grid-cols-2 sm:grid-cols-3 gap-3\">\n          {item.departureDate && (\n            <div className=\"flex items-center gap-2 bg-gray-50 rounded-xl p-3\">\n              <Calendar className=\"w-4 h-4 text-blue-400 flex-shrink-0\" />\n              <div>\n                <p className=\"text-[10px] text-gray-400 font-bold uppercase\">Embarque</p>\n                <p className=\"text-sm font-black text-gray-700\">{formatDate(item.departureDate)}</p>\n              </div>\n            </div>\n          )}\n          {item.returnDate && item.flightType === 'ida_volta' && (\n            <div className=\"flex items-center gap-2 bg-gray-50 rounded-xl p-3\">\n              <Calendar className=\"w-4 h-4 text-purple-400 flex-shrink-0\" />\n              <div>\n                <p className=\"text-[10px] text-gray-400 font-bold uppercase\">Retorno</p>\n                <p className=\"text-sm font-black text-gray-700\">{formatDate(item.returnDate)}</p>\n              </div>\n            </div>\n          )}\n          {item.locator && (\n            <div className=\"flex items-center gap-2 bg-gray-50 rounded-xl p-3\">\n              <CheckCircle className=\"w-4 h-4 text-green-400 flex-shrink-0\" />\n              <div>\n                <p className=\"text-[10px] text-gray-400 font-bold uppercase\">Localizador</p>\n                <p className=\"text-sm font-black text-gray-700 font-mono\">{item.locator}</p>\n              </div>\n            </div>\n          )}\n        </div>\n\n        {/* Passageiros */}\n        {(item.adults || item.children || item.babies || item.bags23kg) && (\n          <div className=\"flex flex-wrap gap-2 pt-1\">\n            {!!item.adults && (\n              <div className=\"flex items-center gap-1.5 px-3 py-1.5 bg-blue-50 text-blue-600 rounded-full text-xs font-bold\">\n                <Users className=\"w-3.5 h-3.5\" />\n                {item.adults} Adulto{item.adults > 1 ? 's' : ''}\n              </div>\n            )}\n            {!!item.children && (\n              <div className=\"flex items-center gap-1.5 px-3 py-1.5 bg-purple-50 text-purple-600 rounded-full text-xs font-bold\">\n                <Users className=\"w-3.5 h-3.5\" />\n                {item.children} Crian├ºa{item.children > 1 ? 's' : ''}\n              </div>\n            )}\n            {!!item.babies && (\n              <div className=\"flex items-center gap-1.5 px-3 py-1.5 bg-pink-50 text-pink-600 rounded-full text-xs font-bold\">\n                <Baby className=\"w-3.5 h-3.5\" />\n                {item.babies} Beb├¬{item.babies > 1 ? 's' : ''}\n              </div>\n            )}\n            {!!item.bags23kg && (\n              <div className=\"flex items-center gap-1.5 px-3 py-1.5 bg-amber-50 text-amber-600 rounded-full text-xs font-bold\">\n                <Briefcase className=\"w-3.5 h-3.5\" />\n                {item.bags23kg} Mala{item.bags23kg > 1 ? 's' : ''} 23kg\n              </div>\n            )}\n          </div>\n        )}\n\n        {item.passengerName && (\n          <div className=\"flex items-center gap-2 text-xs text-gray-400 border-t border-gray-50 pt-3\">\n            <Users className=\"w-3.5 h-3.5\" />\n            <span className=\"font-bold\">{item.passengerName}</span>\n          </div>\n        )}\n      </div>\n    </div>\n  );\n}\n\nfunction HotelItem({ item }: { item: SaleItem }) {\n  return (\n    <div className=\"bg-white rounded-2xl border border-gray-100 overflow-hidden shadow-sm hover:shadow-md transition-shadow\">\n      <div className={`h-1.5 w-full bg-gradient-to-r ${TypeColor(item.type)}`} />\n      <div className=\"p-5 space-y-4\">\n        <div className=\"flex items-center justify-between\">\n          <div className=\"flex items-center gap-2.5\">\n            <div className={`w-9 h-9 rounded-xl bg-gradient-to-br ${TypeColor(item.type)} flex items-center justify-center text-white shadow-md`}>\n              <TypeIcon type={item.type} />\n            </div>\n            <div>\n              <p className=\"text-xs font-bold text-gray-400 uppercase tracking-widest\"><TypeLabel type={item.type} /></p>\n              <p className=\"font-black text-gray-800\">{item.hotelName || item.description || 'Hospedagem'}</p>\n            </div>\n          </div>\n          {item.vendor && (\n            <span className=\"px-3 py-1 bg-gray-50 text-gray-500 rounded-full text-[11px] font-bold border border-gray-100\">{item.vendor}</span>\n          )}\n        </div>\n\n        <div className=\"grid grid-cols-2 gap-3\">\n          {item.checkIn && (\n            <div className=\"flex items-center gap-2 bg-purple-50 rounded-xl p-3\">\n              <Calendar className=\"w-4 h-4 text-purple-400 flex-shrink-0\" />\n              <div>\n                <p className=\"text-[10px] text-purple-400 font-bold uppercase\">Check-in</p>\n                <p className=\"text-sm font-black text-gray-700\">{formatDate(item.checkIn)}</p>\n              </div>\n            </div>\n          )}\n          {item.checkOut && (\n            <div className=\"flex items-center gap-2 bg-pink-50 rounded-xl p-3\">\n              <Calendar className=\"w-4 h-4 text-pink-400 flex-shrink-0\" />\n              <div>\n                <p className=\"text-[10px] text-pink-400 font-bold uppercase\">Check-out</p>\n                <p className=\"text-sm font-black text-gray-700\">{formatDate(item.checkOut)}</p>\n              </div>\n            </div>\n          )}\n        </div>\n\n        <div className=\"flex flex-wrap gap-2\">\n          {item.hasBreakfast && (\n            <div className=\"flex items-center gap-1.5 px-3 py-1.5 bg-amber-50 text-amber-600 rounded-full text-xs font-bold\">\n              <Coffee className=\"w-3.5 h-3.5\" />\n              Caf├® da Manh├ú Incluso\n            </div>\n          )}\n          {item.passengerName && (\n            <div className=\"flex items-center gap-1.5 px-3 py-1.5 bg-gray-50 text-gray-500 rounded-full text-xs font-bold\">\n              <Users className=\"w-3.5 h-3.5\" />\n              {item.passengerName}\n            </div>\n          )}\n        </div>\n      </div>\n    </div>\n  );\n}\n\nfunction OtherItem({ item }: { item: SaleItem }) {\n  return (\n    <div className=\"bg-white rounded-2xl border border-gray-100 overflow-hidden shadow-sm hover:shadow-md transition-shadow\">\n      <div className={`h-1.5 w-full bg-gradient-to-r ${TypeColor(item.type)}`} />\n      <div className=\"p-5 space-y-3\">\n        <div className=\"flex items-center justify-between\">\n          <div className=\"flex items-center gap-2.5\">\n            <div className={`w-9 h-9 rounded-xl bg-gradient-to-br ${TypeColor(item.type)} flex items-center justify-center text-white shadow-md`}>\n              <TypeIcon type={item.type} />\n            </div>\n            <div>\n              <p className=\"text-xs font-bold text-gray-400 uppercase tracking-widest\"><TypeLabel type={item.type} /></p>\n              {item.description && <p className=\"font-bold text-gray-700 text-sm\">{item.description}</p>}\n            </div>\n          </div>\n          {item.vendor && (\n            <span className=\"px-3 py-1 bg-gray-50 text-gray-500 rounded-full text-[11px] font-bold border border-gray-100\">{item.vendor}</span>\n          )}\n        </div>\n        {item.passengerName && (\n          <div className=\"flex items-center gap-1.5 text-xs text-gray-400 border-t border-gray-50 pt-2\">\n            <Users className=\"w-3.5 h-3.5\" />\n            {item.passengerName}\n          </div>\n        )}\n      </div>\n    </div>\n  );\n}\n\nfunction SectionTitle({ icon, title }: { icon: React.ReactNode; title: string }) {\n  return (\n    <div className=\"flex items-center gap-3 mb-4\">\n      <div className=\"w-8 h-8 bg-[#19727d]/10 rounded-xl flex items-center justify-center text-[#19727d]\">\n        {icon}\n      </div>\n      <h2 className=\"text-lg font-black text-gray-800 tracking-tight\">{title}</h2>\n      <div className=\"flex-1 h-px bg-gradient-to-r from-gray-200 to-transparent\" />\n    </div>\n  );\n}\n\nexport default function OrcamentoPage() {\n  const params = useParams();\n  const id = params?.id as string;\n\n  const [sale, setSale] = useState<Sale | null>(null);\n  const [loading, setLoading] = useState(true);\n  const [notFound, setNotFound] = useState(false);\n\n  useEffect(() => {\n    if (!id) return;\n    fetchSale();\n  }, [id]);\n\n  const fetchSale = async () => {\n    try {\n      setLoading(true);\n\n      const { data: saleData, error: saleError } = await supabase\n        .from('sales')\n        .select('*, customer:customers(name), group:groups(name)')\n        .eq('id', id)\n        .single();\n\n      if (saleError || !saleData) {\n        setNotFound(true);\n        return;\n      }\n\n      const { data: itemsData } = await supabase\n        .from('sale_items')\n        .select('*')\n        .eq('sale_id', id);\n\n      const items: SaleItem[] = (itemsData || []).map((i: any) => ({\n        id: i.id,\n        type: i.type as ItemType,\n        flightType: i.flight_type,\n        adults: i.adults,\n        children: i.children,\n        babies: i.babies,\n        bags23kg: i.bags23kg,\n        valuePaidByCustomer: parseFloat(i.value_paid_by_customer || '0'),\n        vendor: i.vendor,\n        origin: i.origin,\n        destination: i.destination,\n        locator: i.locator,\n        emissionDate: i.emission_date,\n        departureDate: i.departure_date,\n        returnDate: i.return_date,\n        checkIn: i.check_in,\n        checkOut: i.check_out,\n        hasBreakfast: i.has_breakfast,\n        hotelName: i.hotel_name,\n        description: i.description,\n        passengerName: i.passenger_name,\n      }));\n\n      setSale({\n        id: saleData.id,\n        orderNumber: saleData.order_number,\n        saleDate: saleData.sale_date,\n        customerName: saleData.customer?.name || saleData.customer_name || 'Cliente',\n        groupName: saleData.group?.name || saleData.group_name || '',\n        items,\n        totalValue: parseFloat(saleData.total_value || '0'),\n        paymentMethod: saleData.payment_method || 'A definir',\n        notes: saleData.notes || '',\n        emissor: saleData.emissor || '',\n        productName: saleData.product_name || '',\n      });\n    } catch (err) {\n      console.error(err);\n      setNotFound(true);\n    } finally {\n      setLoading(false);\n    }\n  };\n\n  if (loading) {\n    return (\n      <div className=\"min-h-screen bg-gradient-to-br from-[#19727d]/5 to-cyan-50 flex items-center justify-center\">\n        <div className=\"text-center space-y-4\">\n          <div className=\"w-16 h-16 rounded-2xl bg-white shadow-lg flex items-center justify-center mx-auto animate-pulse\">\n            <img src={AGENCY.logoUrl} alt=\"Easy Fly\" className=\"w-10 h-10 object-contain\" />\n          </div>\n          <div className=\"space-y-1\">\n            <p className=\"font-black text-[#19727d] text-xl\">Easy Fly</p>\n            <p className=\"text-gray-400 text-sm font-medium\">Carregando seu or├ºamento...</p>\n          </div>\n        </div>\n      </div>\n    );\n  }\n\n  if (notFound || !sale) {\n    return (\n      <div className=\"min-h-screen bg-gradient-to-br from-[#19727d]/5 to-cyan-50 flex items-center justify-center p-4\">\n        <div className=\"text-center space-y-5 max-w-sm\">\n          <div className=\"w-20 h-20 rounded-3xl bg-white shadow-xl flex items-center justify-center mx-auto\">\n            <img src={AGENCY.logoUrl} alt=\"Easy Fly\" className=\"w-12 h-12 object-contain\" />\n          </div>\n          <div className=\"space-y-2\">\n            <h1 className=\"text-2xl font-black text-gray-800\">Or├ºamento n├úo encontrado</h1>\n            <p className=\"text-gray-500 text-sm leading-relaxed\">\n              Este link pode ter expirado ou ser inv├ílido. Entre em contato com a ag├¬ncia para obter um novo link.\n            </p>\n          </div>\n          <a\n            href={`https://wa.me/${AGENCY.whatsapp}`}\n            target=\"_blank\"\n            rel=\"noopener noreferrer\"\n            className=\"inline-flex items-center gap-2 px-6 py-3 bg-green-500 text-white rounded-2xl font-bold shadow-lg shadow-green-500/20 hover:bg-green-600 transition-all\"\n          >\n            <MessageCircle className=\"w-4 h-4\" />\n            Falar no WhatsApp\n          </a>\n        </div>\n      </div>\n    );\n  }\n\n  const flights = sale.items.filter(i => i.type === 'passagem');\n  const hotels = sale.items.filter(i => i.type === 'hospedagem');\n  const others = sale.items.filter(i => !['passagem', 'hospedagem'].includes(i.type));\n  const whatsappMsg = encodeURIComponent(\n    `Ol├í! Vim pelo link do or├ºamento #${sale.orderNumber} referente ├á viagem de ${sale.customerName}. Gostaria de mais informa├º├Áes.`\n  );\n\n  return (\n    <div className=\"min-h-screen bg-gradient-to-br from-slate-50 via-white to-cyan-50/30 font-sans\">\n\n      {/* HERO HEADER */}\n      <header className=\"bg-gradient-to-br from-[#19727d] via-[#1a8090] to-[#0d5c66] text-white relative overflow-hidden\">\n        {/* Decorative circles */}\n        <div className=\"absolute top-0 right-0 w-64 h-64 bg-white/5 rounded-full -translate-y-1/2 translate-x-1/4 pointer-events-none\" />\n        <div className=\"absolute bottom-0 left-0 w-48 h-48 bg-white/5 rounded-full translate-y-1/2 -translate-x-1/4 pointer-events-none\" />\n\n        <div className=\"relative max-w-3xl mx-auto px-4 sm:px-6 py-8\">\n          {/* Logo + Agency */}\n          <div className=\"flex items-center gap-3 mb-8\">\n            <div className=\"w-12 h-12 rounded-2xl bg-white flex items-center justify-center shadow-lg flex-shrink-0 p-1.5\">\n              <img src={AGENCY.logoUrl} alt=\"Easy Fly\" className=\"w-full h-full object-contain\" />\n            </div>\n            <div>\n              <p className=\"font-black text-white text-lg leading-tight tracking-tight\">Easy Fly</p>\n              <p className=\"text-white/60 text-[10px] uppercase tracking-[0.2em] font-bold\">Ag├¬ncia de Viagens</p>\n            </div>\n          </div>\n\n          {/* Order badge */}\n          <div className=\"inline-flex items-center gap-2 bg-white/15 backdrop-blur-sm px-4 py-2 rounded-full text-sm font-bold text-white/90 mb-4 border border-white/20\">\n            <CheckCircle className=\"w-4 h-4 text-green-300\" />\n            Or├ºamento #{sale.orderNumber} ÔÇó {formatDate(sale.saleDate)}\n          </div>\n\n          {/* Client info */}\n          <h1 className=\"text-3xl sm:text-4xl font-black text-white tracking-tight leading-tight mb-2\">\n            {sale.productName || 'Proposta de Viagem'}\n          </h1>\n          <div className=\"flex flex-wrap items-center gap-3 mt-3\">\n            <div className=\"flex items-center gap-2 bg-white/10 px-3 py-1.5 rounded-full\">\n              <Users className=\"w-4 h-4 text-white/70\" />\n              <span className=\"text-sm font-bold text-white/90\">{sale.customerName}</span>\n            </div>\n            {sale.emissor && (\n              <div className=\"flex items-center gap-2 bg-white/10 px-3 py-1.5 rounded-full\">\n                <Star className=\"w-4 h-4 text-yellow-300\" />\n                <span className=\"text-sm font-bold text-white/90\">Consultor: {sale.emissor}</span>\n              </div>\n            )}\n          </div>\n        </div>\n      </header>\n\n      {/* MAIN CONTENT */}\n      <main className=\"max-w-3xl mx-auto px-4 sm:px-6 py-8 space-y-10\">\n\n        {/* ===== VOOS ===== */}\n        {flights.length > 0 && (\n          <section>\n            <SectionTitle icon={<Plane className=\"w-4 h-4\" />} title=\"Voos\" />\n            <div className=\"space-y-4\">\n              {flights.map(item => <FlightItem key={item.id} item={item} />)}\n            </div>\n          </section>\n        )}\n\n        {/* ===== HOSPEDAGENS ===== */}\n        {hotels.length > 0 && (\n          <section>\n            <SectionTitle icon={<Hotel className=\"w-4 h-4\" />} title=\"Hospedagem\" />\n            <div className=\"space-y-4\">\n              {hotels.map(item => <HotelItem key={item.id} item={item} />)}\n            </div>\n          </section>\n        )}\n\n        {/* ===== OUTROS SERVI├çOS ===== */}\n        {others.length > 0 && (\n          <section>\n            <SectionTitle icon={<Package className=\"w-4 h-4\" />} title=\"Outros Servi├ºos\" />\n            <div className=\"space-y-4\">\n              {others.map(item => <OtherItem key={item.id} item={item} />)}\n            </div>\n          </section>\n        )}\n\n        {/* ===== VALORES ===== */}\n        <section>\n          <SectionTitle icon={<CreditCard className=\"w-4 h-4\" />} title=\"Valores & Pagamento\" />\n          <div className=\"bg-gradient-to-br from-[#19727d] to-[#0d5c66] rounded-2xl p-6 text-white shadow-xl shadow-[#19727d]/20\">\n            <div className=\"flex items-center justify-between mb-4\">\n              <div>\n                <p className=\"text-white/70 text-sm font-bold uppercase tracking-widest\">Total da Viagem</p>\n                <p className=\"text-4xl font-black tracking-tight mt-1\">{formatCurrency(sale.totalValue)}</p>\n              </div>\n              <div className=\"w-14 h-14 bg-white/15 rounded-2xl flex items-center justify-center\">\n                <CreditCard className=\"w-7 h-7 text-white\" />\n              </div>\n            </div>\n\n            {sale.paymentMethod && sale.paymentMethod !== 'N├úo definido' && (\n              <div className=\"bg-white/10 rounded-xl p-3 mb-4 flex items-center gap-2\">\n                <Clock className=\"w-4 h-4 text-white/70 flex-shrink-0\" />\n                <p className=\"text-sm font-bold text-white/90\">{sale.paymentMethod}</p>\n              </div>\n            )}\n\n            <div className=\"border-t border-white/20 pt-4\">\n              <p className=\"text-white/60 text-xs font-bold uppercase tracking-widest mb-3\">Simula├º├úo de parcelamento</p>\n              <div className=\"grid grid-cols-2 sm:grid-cols-4 gap-2\">\n                {INSTALLMENTS.map(n => (\n                  <div key={n} className=\"bg-white/10 rounded-xl p-2.5 text-center hover:bg-white/20 transition-colors\">\n                    <p className=\"text-[11px] text-white/60 font-bold\">{n}x de</p>\n                    <p className=\"text-sm font-black text-white\">{formatCurrency(sale.totalValue / n)}</p>\n                  </div>\n                ))}\n              </div>\n              <p className=\"text-white/40 text-[10px] mt-2 text-center\">* Valores sem juros. Consulte condi├º├Áes com a ag├¬ncia.</p>\n            </div>\n          </div>\n        </section>\n\n        {/* ===== OBSERVA├ç├òES ===== */}\n        {sale.notes && (\n          <section>\n            <SectionTitle icon={<Package className=\"w-4 h-4\" />} title=\"Observa├º├Áes\" />\n            <div className=\"bg-amber-50 border border-amber-100 rounded-2xl p-5\">\n              <p className=\"text-gray-700 text-sm leading-relaxed font-medium\">{sale.notes}</p>\n            </div>\n          </section>\n        )}\n\n        {/* ===== CTA WHATSAPP ===== */}\n        <section className=\"bg-gradient-to-br from-green-50 to-emerald-50 border border-green-100 rounded-2xl p-6 text-center space-y-4\">\n          <div className=\"w-12 h-12 bg-green-500 rounded-2xl flex items-center justify-center mx-auto shadow-lg shadow-green-500/30\">\n            <MessageCircle className=\"w-6 h-6 text-white\" />\n          </div>\n          <div>\n            <p className=\"font-black text-gray-800 text-lg\">Gostou? Vamos confirmar sua viagem!</p>\n            <p className=\"text-gray-500 text-sm mt-1\">Fale diretamente com nosso consultor pelo WhatsApp.</p>\n          </div>\n          <a\n            href={`https://wa.me/${AGENCY.whatsapp}?text=${whatsappMsg}`}\n            target=\"_blank\"\n            rel=\"noopener noreferrer\"\n            className=\"inline-flex items-center gap-2 px-8 py-3.5 bg-green-500 text-white rounded-2xl font-black shadow-xl shadow-green-500/30 hover:bg-green-600 active:scale-95 transition-all\"\n          >\n            <MessageCircle className=\"w-5 h-5\" />\n            Confirmar no WhatsApp\n            <ArrowRight className=\"w-4 h-4\" />\n          </a>\n        </section>\n      </main>\n\n      {/* FOOTER AG├èNCIA */}\n      <footer className=\"border-t border-gray-100 bg-white mt-10\">\n        <div className=\"max-w-3xl mx-auto px-4 sm:px-6 py-8\">\n          <div className=\"flex flex-col sm:flex-row items-start sm:items-center justify-between gap-6\">\n            <div className=\"flex items-center gap-3\">\n              <div className=\"w-10 h-10 rounded-xl bg-[#19727d]/10 flex items-center justify-center p-1\">\n                <img src={AGENCY.logoUrl} alt=\"Easy Fly\" className=\"w-full h-full object-contain\" />\n              </div>\n              <div>\n                <p className=\"font-black text-[#19727d] text-base leading-tight\">Easy Fly</p>\n                <p className=\"text-gray-400 text-[10px] font-bold uppercase tracking-widest\">Ag├¬ncia de Viagens</p>\n              </div>\n            </div>\n            <div className=\"space-y-1.5 text-sm\">\n              <div className=\"flex items-center gap-2 text-gray-500\">\n                <Phone className=\"w-3.5 h-3.5 text-[#19727d]\" />\n                <span className=\"font-bold\">{AGENCY.phone}</span>\n              </div>\n              <div className=\"flex items-center gap-2 text-gray-500\">\n                <MessageCircle className=\"w-3.5 h-3.5 text-green-500\" />\n                <a href={`https://wa.me/${AGENCY.whatsapp}`} target=\"_blank\" rel=\"noopener noreferrer\" className=\"font-bold hover:text-green-600 transition-colors\">\n                  WhatsApp\n                </a>\n              </div>\n            </div>\n          </div>\n          <div className=\"border-t border-gray-50 mt-6 pt-4 flex flex-col sm:flex-row items-start sm:items-center justify-between gap-2\">\n            <p className=\"text-[11px] text-gray-400 font-bold\">{AGENCY.legalName}</p>\n            <p className=\"text-[11px] text-gray-400\">CNPJ {AGENCY.cnpj}</p>\n          </div>\n          <p className=\"text-center text-[10px] text-gray-300 mt-4 font-medium\">\n            Este or├ºamento ├® v├ílido por 72 horas a partir da data de emiss├úo. ÔÇó Easy Fly ┬® {new Date().getFullYear()}\n          </p>\n        </div>\n      </footer>\n    </div>\n  );\n}\n","usedDeprecatedRules":[]},{"filePath":"C:\\Users\\Cleber\\Documents\\EASY FLY\\SISTEMA\\Easy Fly\\app\\page.tsx","messages":[{"ruleId":"react-hooks/exhaustive-deps","severity":1,"message":"React Hook useEffect has a missing dependency: 'fetchData'. Either include it or remove the dependency array.","line":183,"column":6,"nodeType":"ArrayExpression","endLine":183,"endColumn":23,"suggestions":[{"desc":"Update the dependencies array to be: [fetchData, isAuthenticated]","fix":{"range":[6838,6855],"text":"[fetchData, isAuthenticated]"}}]},{"ruleId":"@next/next/no-img-element","severity":1,"message":"Using `<img>` could result in slower LCP and higher bandwidth. Consider using `<Image />` from `next/image` or a custom image loader to automatically optimize images. This may incur additional usage or cost from your provider. See: https://nextjs.org/docs/messages/no-img-element","line":751,"column":15,"nodeType":"JSXOpeningElement","endLine":751,"endColumn":95},{"ruleId":"@next/next/no-img-element","severity":1,"message":"Using `<img>` could result in slower LCP and higher bandwidth. Consider using `<Image />` from `next/image` or a custom image loader to automatically optimize images. This may incur additional usage or cost from your provider. See: https://nextjs.org/docs/messages/no-img-element","line":799,"column":15,"nodeType":"JSXOpeningElement","endLine":799,"endColumn":95}],"suppressedMessages":[],"errorCount":0,"fatalErrorCount":0,"warningCount":3,"fixableErrorCount":0,"fixableWarningCount":0,"source":"'use client';\n\nimport React, { useState, useEffect } from 'react';\nimport {\n  LayoutDashboard,\n  Users,\n  Plane,\n  ShoppingCart,\n  Target,\n  Settings,\n  Search,\n  Trash2,\n  Bell,\n  Plus,\n  TrendingUp,\n  DollarSign,\n  Briefcase,\n  MapPin,\n  Calendar,\n  ChevronRight,\n  ChevronDown,\n  MoreVertical,\n  BarChart3,\n  Wallet,\n  Truck,\n  PieChart,\n  Moon,\n  Sun,\n  ChevronLeft,\n  LogOut,\n  AlertCircle,\n  UserPlus,\n  Wand2,\n  Trophy,\n  Mail,\n  Phone,\n  Menu,\n  X,\n  Cake,\n  CreditCard,\n  CheckCircle2,\n  Clock,\n  Shield // ├ìcone extra para a sidebar\n} from 'lucide-react';\nimport { motion, AnimatePresence } from 'motion/react';\nimport { Customer, Group, Sale, Supplier, TeamMember, Lead } from '@/types';\nimport { customerService, groupService, supplierService, saleService } from '@/services/supabaseService';\nimport { SidebarItem } from '@/components/UI';\nimport { DashboardView } from '@/components/DashboardView';\nimport { CustomersView } from '@/components/CustomersView';\nimport { CustomerDetailsView } from '@/components/CustomerDetailsView';\nimport { SalesView } from '@/components/SalesView';\nimport { SuppliersView } from '@/components/SuppliersView';\nimport { UsersView } from '@/components/UsersView';\nimport { useLeads } from '@/hooks/useLeads';\nimport { CRMView } from '@/components/CRMView';\nimport { LeadModal } from '@/components/LeadModal';\nimport { ReservasView, FinanceiroView, MetricasView } from '@/components/OtherViews';\nimport { CustomerModal } from '@/components/CustomerModal';\nimport { GroupModal } from '@/components/GroupModal';\nimport { SaleModal } from '@/components/SaleModal';\nimport { SupplierModal } from '@/components/SupplierModal';\nimport { MyProfileModal } from '@/components/MyProfileModal';\nimport { DeleteConfirmationModal } from '@/components/Modals';\nimport { SupabaseSyncHandler } from '@/components/SupabaseSyncHandler';\nimport { LoginView } from '@/components/LoginView';\nimport { supabase } from '@/lib/supabase';\nimport { useInactivityTimeout } from '@/hooks/useInactivityTimeout';\nimport { useTheme } from '@/hooks/useTheme';\nimport { useCustomers } from '@/hooks/useCustomers';\nimport { useGroups } from '@/hooks/useGroups';\nimport { useSales } from '@/hooks/useSales';\nimport { useSuppliers } from '@/hooks/useSuppliers';\n\n// <--- 'usuarios' adicionado ao tipo View\ntype View = 'dashboard' | 'crm' | 'vendas' | 'clientes' | 'reservas' | 'financeiro' | 'fornecedores' | 'metricas' | 'usuarios';\n\nexport default function Page() {\n  const { theme, toggleTheme, mounted } = useTheme();\n\n  // --- ESTADOS DE AUTENTICA├ç├âO ---\n  const [isAuthenticated, setIsAuthenticated] = useState(false);\n  const [user, setUser] = useState<any>(null);\n  const [currentUser, setCurrentUser] = useState<TeamMember | null>(null);\n\n  // --- HOOKS DE DADOS ---\n  const {\n    customers, fetchCustomers, loading: loadingCustomers,\n    saveCustomer: internalSaveCustomer, deleteCustomer: internalDeleteCustomer\n  } = useCustomers();\n\n  const {\n    groups, fetchGroups, loading: loadingGroups,\n    saveGroup: internalSaveGroup, deleteGroup: internalDeleteGroup\n  } = useGroups();\n\n  const {\n    sales, fetchSales, loading: loadingSales, stats,\n    saveSale: internalSaveSale, deleteSale: internalDeleteSale\n  } = useSales();\n\n  const {\n    suppliers, fetchSuppliers, loading: loadingSuppliers,\n    saveSupplier: internalSaveSupplier, deleteSupplier: internalDeleteSupplier\n  } = useSuppliers();\n\n  const {\n    leads, fetchLeads, loading: loadingLeads,\n    saveLead: internalSaveLead, deleteLead: internalDeleteLead, updateLeadStatus\n  } = useLeads();\n\n  // --- ESTADOS DE NAVEGA├ç├âO ---\n  const [activeView, setActiveView] = useState<View>('dashboard');\n  const [selectedCustomer, setSelectedCustomer] = useState<Customer | null>(null);\n  const [isSidebarCollapsed, setIsSidebarCollapsed] = useState(false);\n  const [isMobileMenuOpen, setIsMobileMenuOpen] = useState(false);\n  const [showValues, setShowValues] = useState(true);\n\n  // --- ESTADOS DE MODAIS ---\n  const [isCustomerModalOpen, setIsCustomerModalOpen] = useState(false);\n  const [isGroupModalOpen, setIsGroupModalOpen] = useState(false);\n  const [isSaleModalOpen, setIsSaleModalOpen] = useState(false);\n  const [isSupplierModalOpen, setIsSupplierModalOpen] = useState(false);\n  const [isLeadModalOpen, setIsLeadModalOpen] = useState(false);\n  const [isDeleteConfirmOpen, setIsDeleteConfirmOpen] = useState(false);\n  const [isDeleteSaleConfirmOpen, setIsDeleteSaleConfirmOpen] = useState(false);\n  const [isDeleteSupplierConfirmOpen, setIsDeleteSupplierConfirmOpen] = useState(false);\n  const [isDeleteLeadConfirmOpen, setIsDeleteLeadConfirmOpen] = useState(false);\n  const [quoteLinkSaleId, setQuoteLinkSaleId] = useState<string | null>(null);\n  const [quoteLinkCopied, setQuoteLinkCopied] = useState(false);\n\n  // --- ESTADOS DE EDI├ç├âO/DELE├ç├âO ---\n  const [customerToDelete, setCustomerToDelete] = useState<Customer | null>(null);\n  const [saleToDelete, setSaleToDelete] = useState<Sale | null>(null);\n  const [supplierToDelete, setSupplierToDelete] = useState<Supplier | null>(null);\n  const [editingCustomer, setEditingCustomer] = useState<Customer | null>(null);\n  const [editingGroup, setEditingGroup] = useState<Group | null>(null);\n  const [editingSale, setEditingSale] = useState<Sale | null>(null);\n  const [editingSupplier, setEditingSupplier] = useState<Supplier | null>(null);\n  const [editingLead, setEditingLead] = useState<Lead | null>(null);\n  const [leadToDelete, setLeadToDelete] = useState<Lead | null>(null);\n\n  const [isMyProfileModalOpen, setIsMyProfileModalOpen] = useState(false);\n  const [isCheckingSession, setIsCheckingSession] = useState(true);\n  const [sessionExpiredMessage, setSessionExpiredMessage] = useState<string>('');\n  const [notification, setNotification] = useState<{ message: string; type: 'error' | 'warning' } | null>(null);\n\n  // Fecha notifica├º├úo ap├│s 3 segundos\n  useEffect(() => {\n    if (notification) {\n      const timer = setTimeout(() => setNotification(null), 3000);\n      return () => clearTimeout(timer);\n    }\n  }, [notification]);\n\n  useEffect(() => {\n    const handleOpenMyProfile = () => setIsMyProfileModalOpen(true);\n    window.addEventListener('open-my-profile', handleOpenMyProfile);\n    return () => window.removeEventListener('open-my-profile', handleOpenMyProfile);\n  }, []);\n\n  useEffect(() => {\n    // Verifica sess├úo existente ao carregar\n    const checkSession = async () => {\n      try {\n        const { data: { session } } = await supabase.auth.getSession();\n        if (session?.user) {\n          handleLogin(session.user);\n        }\n      } catch (err) {\n        console.error(\"Session check error:\", err);\n      } finally {\n        setIsCheckingSession(false);\n      }\n    };\n    checkSession();\n  }, []);\n\n  useEffect(() => {\n    if (isAuthenticated) {\n      fetchData();\n    }\n  }, [isAuthenticated]);\n\n  const fetchData = async () => {\n    fetchCustomers();\n    fetchGroups();\n\n    // Calcula o primeiro e ├║ltimo dia do m├¬s atual para o carregamento inicial\n    const now = new Date();\n    const firstDay = new Date(now.getFullYear(), now.getMonth(), 1).toISOString().split('T')[0];\n    const lastDay = new Date(now.getFullYear(), now.getMonth() + 1, 0).toISOString().split('T')[0];\n\n    fetchSales({ startDate: firstDay, endDate: lastDay });\n    fetchSuppliers();\n    fetchLeads();\n  };\n\n  const closeMobileMenu = () => setIsMobileMenuOpen(false);\n\n  const handleViewChange = (view: View) => {\n    setActiveView(view);\n    setSelectedCustomer(null);\n    closeMobileMenu();\n\n    if (view === 'dashboard') {\n      const now = new Date();\n      const firstDay = new Date(now.getFullYear(), now.getMonth(), 1).toISOString().split('T')[0];\n      const lastDay = new Date(now.getFullYear(), now.getMonth() + 1, 0).toISOString().split('T')[0];\n      fetchSales({ startDate: firstDay, endDate: lastDay });\n    }\n  };\n\n  // --- HANDLERS LOGIN/LOGOUT ---\n  const handleLogin = async (userData: any) => {\n    setUser(userData);\n    setIsAuthenticated(true);\n    setSessionExpiredMessage('');\n\n    // Fetch full profile info\n    if (userData?.email) {\n      try {\n        const { data, error } = await supabase\n          .from('team_members')\n          .select('*')\n          .eq('email', userData.email)\n          .single();\n\n        if (data && !error) {\n          setCurrentUser({\n            id: data.id,\n            name: data.name,\n            lastName: data.last_name,\n            email: data.email,\n            role: data.role,\n            status: data.status,\n            salary: data.salary,\n            commissionPercent: data.commission_percent,\n            permissionsCount: data.permissions_count,\n            birthDate: data.birth_date,\n            address: data.address,\n            avatarUrl: data.avatar_url\n          });\n        }\n      } catch (err) {\n        console.error(\"Error fetching team member profile:\", err);\n      }\n    }\n  };\n\n  const handleLogout = async () => {\n    await supabase.auth.signOut();\n    setIsAuthenticated(false);\n    setUser(null);\n    setCurrentUser(null);\n    setActiveView('dashboard');\n  };\n\n  useInactivityTimeout({\n    timeoutMinutes: 60, // Desloga ap├│s 60 minutos de inatividade\n    isActive: isAuthenticated,\n    onTimeout: () => {\n      setSessionExpiredMessage(\"Sess├úo expirada devido a inatividade prolongada.\");\n      handleLogout();\n    }\n  });\n\n  useEffect(() => {\n    const { data: { subscription } } = supabase.auth.onAuthStateChange((_event, session) => {\n      if (!session) {\n        setIsAuthenticated(false);\n        setUser(null);\n        setActiveView('dashboard');\n      }\n    });\n\n    return () => {\n      subscription.unsubscribe();\n    };\n  }, []);\n\n  // --- CUSTOMER HANDLERS ---\n  const handleSaveCustomer = async (customerData: Partial<Customer>) => {\n    const fullName = `${customerData.firstName || ''} ${customerData.lastName || ''}`.trim();\n    try {\n      const savedCustomer = await internalSaveCustomer({\n        ...editingCustomer,\n        ...customerData,\n        name: fullName || editingCustomer?.name || 'Cliente sem nome',\n        emissor: editingCustomer?.emissor || `${currentUser?.name} ${currentUser?.lastName || ''}`.trim() || user?.email || 'N/A'\n      });\n      if (selectedCustomer?.id === savedCustomer.id) setSelectedCustomer(savedCustomer);\n      setIsCustomerModalOpen(false);\n      setEditingCustomer(null);\n    } catch (error: any) {\n      console.error('Erro ao salvar cliente:', error);\n    }\n  };\n\n  const handleDeleteCustomer = (customer: Customer) => {\n    setCustomerToDelete(customer);\n    setIsDeleteConfirmOpen(true);\n  };\n\n  const confirmDeleteCustomer = async () => {\n    if (customerToDelete) {\n      try {\n        await internalDeleteCustomer(customerToDelete.id);\n        if (selectedCustomer?.id === customerToDelete.id) setSelectedCustomer(null);\n        setIsDeleteConfirmOpen(false);\n        setCustomerToDelete(null);\n      } catch (error) {\n        console.error('Error deleting customer:', error);\n      }\n    }\n  };\n\n  const openAddCustomer = () => {\n    setEditingCustomer(null);\n    setIsCustomerModalOpen(true);\n  };\n\n  const openEditCustomer = (customer: Customer) => {\n    setEditingCustomer(customer);\n    setIsCustomerModalOpen(true);\n  };\n\n  // Group Handlers\n  const handleSaveGroup = async (groupData: Partial<Group>) => {\n    try {\n      await internalSaveGroup({ ...editingGroup, ...groupData });\n      setIsGroupModalOpen(false);\n      setEditingGroup(null);\n    } catch (error) { console.error(error); }\n  };\n\n  const handleDeleteGroup = async (id: string) => {\n    try {\n      await internalDeleteGroup(id);\n    } catch (error) { console.error(error); }\n  };\n\n  const openAddGroup = () => { setEditingGroup(null); setIsGroupModalOpen(true); };\n  const openEditGroup = (group: Group) => { setEditingGroup(group); setIsGroupModalOpen(true); };\n\n  // Sale Handlers\n  const handleSaveSale = async (saleData: Partial<Sale>) => {\n    try {\n      const savedSale = await internalSaveSale(\n        {\n          ...editingSale,\n          ...saleData,\n          emissor:\n            editingSale?.emissor ||\n            `${currentUser?.name} ${currentUser?.lastName || ''}`.trim() ||\n            user?.email ||\n            'N/A'\n        },\n        saleData.items || editingSale?.items || []\n      );\n\n      setIsSaleModalOpen(false);\n      setEditingSale(null);\n\n      // Ô£à VALIDA├ç├âO REAL (REMOVE 404)\n      if (savedSale?.id) {\n        try {\n          const { data, error } = await supabase\n            .from('sales')\n            .select('id')\n            .eq('id', savedSale.id)\n            .single();\n\n          if (error || !data) {\n            throw new Error('Venda n├úo encontrada ap├│s salvar');\n          }\n\n          setQuoteLinkSaleId(savedSale.id);\n          setQuoteLinkCopied(false);\n\n        } catch (err: any) {\n          console.error(\"Erro ao validar venda:\", err);\n\n          setNotification({\n            message: \"Erro ao gerar link do or├ºamento\",\n            type: \"error\"\n          });\n        }\n      } else {\n        console.error(\"Erro: venda sem ID v├ílido\");\n\n        setNotification({\n          message: \"Erro ao gerar link do or├ºamento\",\n          type: \"error\"\n        });\n      }\n\n    } catch (error: any) {\n      console.error('Erro ao salvar venda:', error);\n\n      setNotification({\n        message: 'Erro ao salvar venda: ' + (error.message || 'Erro interno'),\n        type: 'error'\n      });\n    }\n  };\n\n  const handleQuickUpdateSale = async (saleId: string, updates: Partial<Sale>) => {\n    try {\n      const sale = sales.find((s: Sale) => s.id === saleId);\n      if (!sale) return;\n\n      const updatedSale = { ...sale, ...updates };\n      const itemsToSave = (updates.items || sale.items || []).map((item: any) => ({\n        ...item,\n        id: item.id?.startsWith('temp_') ? undefined : item.id\n      })) as any[];\n\n      await internalSaveSale(updatedSale, itemsToSave as any);\n    } catch (error: any) {\n      console.error('Erro ao atualizar venda:', error);\n      setNotification({ message: 'Erro ao atualizar venda: ' + (error.message || 'Erro desconhecido'), type: 'error' });\n    }\n  };\n\n  const handleDeleteSale = (id: string) => {\n    const sale = sales.find((s: Sale) => s.id === id);\n    if (sale) { setSaleToDelete(sale); setIsDeleteSaleConfirmOpen(true); }\n  };\n\n  const confirmDeleteSale = async () => {\n    if (saleToDelete) {\n      try {\n        await internalDeleteSale(saleToDelete.id);\n        setIsDeleteSaleConfirmOpen(false);\n        setSaleToDelete(null);\n      } catch (error) { console.error(error); }\n    }\n  };\n\n  const openAddSale = () => { setEditingSale(null); setIsSaleModalOpen(true); };\n  const openEditSale = (sale: Sale) => { setEditingSale(sale); setIsSaleModalOpen(true); };\n\n  const handleUpdateSaleStatus = async (saleId: string, field: 'costStatus' | 'saleStatus', status: any) => {\n    try {\n      const sale = sales.find((s: Sale) => s.id === saleId);\n      if (sale) {\n        const updatedSale = { ...sale, [field]: status };\n        await internalSaveSale(updatedSale, sale.items);\n      }\n    } catch (error) { console.error(error); }\n  };\n\n  // Supplier Handlers\n  const handleSaveSupplier = async (supplierData: Partial<Supplier>) => {\n    try {\n      await internalSaveSupplier({\n        ...editingSupplier,\n        ...supplierData,\n        emissor: editingSupplier?.emissor || `${currentUser?.name} ${currentUser?.lastName || ''}`.trim() || user?.email || 'N/A'\n      });\n      setIsSupplierModalOpen(false);\n      setEditingSupplier(null);\n    } catch (error: any) {\n      console.error(error);\n      setNotification({ message: 'Erro ao salvar fornecedor: ' + (error.message || 'Erro desconhecido'), type: 'error' });\n    }\n  };\n\n  const openAddSupplier = () => { setEditingSupplier(null); setIsSupplierModalOpen(true); };\n  const openEditSupplier = (supplier: Supplier) => { setEditingSupplier(supplier); setIsSupplierModalOpen(true); };\n\n  const handleDeleteSupplier = (supplier: Supplier) => {\n    setSupplierToDelete(supplier);\n    setIsDeleteSupplierConfirmOpen(true);\n  };\n\n  const confirmDeleteSupplier = async () => {\n    if (supplierToDelete) {\n      try {\n        await internalDeleteSupplier(supplierToDelete.id);\n        setIsDeleteSupplierConfirmOpen(false);\n        setSupplierToDelete(null);\n      } catch (error: any) {\n        console.error(error);\n        setNotification({ message: 'Erro ao excluir fornecedor: ' + (error.message || 'Erro desconhecido'), type: 'error' });\n      }\n    }\n  };\n\n  // --- LEAD HANDLERS ---\n  const handleSaveLead = async (leadData: Partial<Lead>) => {\n    // SEGURAN├çA: Verificar se pode alterar (se for update)\n    if (editingLead) {\n      const isAdminOrManager = currentUser?.role === 'Administrador' || currentUser?.role === 'Gerente';\n      const isOwner = editingLead.emissor === `${currentUser?.name} ${currentUser?.lastName || ''}`.trim() || editingLead.emissor === currentUser?.email;\n\n      if (!isAdminOrManager && !isOwner) {\n        setNotification({ message: 'Voc├¬ n├úo tem permiss├úo para alterar este or├ºamento.', type: 'warning' });\n        return;\n      }\n    }\n\n    try {\n      await internalSaveLead({\n        ...editingLead,\n        ...leadData,\n        emissor: editingLead?.emissor || `${currentUser?.name} ${currentUser?.lastName || ''}`.trim() || user?.email || 'N/A'\n      });\n      setIsLeadModalOpen(false);\n      setEditingLead(null);\n    } catch (error: any) {\n      console.error(error);\n      setNotification({ message: 'Erro ao salvar lead: ' + (error.message || 'Erro desconhecido'), type: 'error' });\n    }\n  };\n\n  const handleDeleteLead = (id: string) => {\n    const lead = leads.find(l => l.id === id);\n    if (lead) {\n      // SEGURAN├çA: Verificar se pode excluir\n      const isAdminOrManager = currentUser?.role === 'Administrador' || currentUser?.role === 'Gerente';\n      const isOwner = lead.emissor === `${currentUser?.name} ${currentUser?.lastName || ''}`.trim() || lead.emissor === currentUser?.email;\n\n      if (!isAdminOrManager && !isOwner) {\n        setNotification({ message: 'Voc├¬ n├úo tem permiss├úo para excluir este or├ºamento.', type: 'warning' });\n        return;\n      }\n\n      setLeadToDelete(lead);\n      setIsDeleteLeadConfirmOpen(true);\n    }\n  };\n\n  const confirmDeleteLead = async () => {\n    if (leadToDelete) {\n      try {\n        await internalDeleteLead(leadToDelete.id);\n        setIsDeleteLeadConfirmOpen(false);\n        setLeadToDelete(null);\n      } catch (error: any) {\n        setNotification({ message: 'Erro ao excluir lead: ' + error.message, type: 'error' });\n      }\n    }\n  };\n\n  const openAddLead = () => { setEditingLead(null); setIsLeadModalOpen(true); };\n  const openEditLead = (lead: Lead) => { setEditingLead(lead); setIsLeadModalOpen(true); };\n\n  const isLoading = loadingCustomers || loadingGroups || loadingSales || loadingSuppliers || loadingLeads;\n  const error = null; // Error handling is now inside hooks\n\n  // --- TELA DE CARREGAMENTO INICIAL (SESSION CHECK) ---\n  if (isCheckingSession) {\n    return (\n      <div className=\"min-h-screen bg-[#F3F4F6] flex flex-col items-center justify-center p-4\">\n        <div className=\"flex flex-col items-center gap-6 animate-pulse\">\n          <div className=\"w-24 h-24 flex items-center justify-center\">\n            <Plane className=\"w-16 h-16 text-[#19727d]\" />\n          </div>\n          <div className=\"text-center\">\n            <h1 className=\"text-3xl font-black text-gray-900 tracking-tight text-[#19727d]\">Easy Fly</h1>\n            <p className=\"text-gray-400 font-bold text-[10px] uppercase tracking-[0.2em] mt-1\">Verificando Acesso...</p>\n          </div>\n        </div>\n      </div>\n    );\n  }\n\n  // --- RENDERIZA├ç├âO DA TELA DE LOGIN ---\n  if (!isAuthenticated) {\n    return <LoginView onLogin={handleLogin} sessionExpiredMessage={sessionExpiredMessage} />;\n  }\n\n  if (error) {\n    return (\n      <div className=\"min-h-screen bg-gray-50 flex items-center justify-center p-4\">\n        <div className=\"max-w-md w-full bg-white rounded-3xl shadow-xl p-8 text-center space-y-6\">\n          <div className=\"w-16 h-16 bg-red-100 rounded-full flex items-center justify-center mx-auto\">\n            <AlertCircle className=\"w-8 h-8 text-red-600\" />\n          </div>\n          <div className=\"space-y-2\">\n            <h2 className=\"text-xl font-bold text-gray-900\">Erro ao Carregar Dados</h2>\n            <p className=\"text-gray-600 text-sm leading-relaxed\">{error}</p>\n          </div>\n          <button onClick={() => window.location.reload()} className=\"w-full py-3 bg-[#06B6D4] text-white rounded-xl font-bold hover:bg-[#0891B2] transition-colors shadow-lg shadow-cyan-500/20\">\n            Tentar Novamente\n          </button>\n        </div>\n      </div>\n    );\n  }\n\n  const quoteLink =\n    quoteLinkSaleId && typeof window !== 'undefined'\n      ? `${window.location.origin}/orcamento/${quoteLinkSaleId}`\n      : '';\n  const handleCopyQuoteLink = () => {\n    if (!quoteLink) return;\n    navigator.clipboard.writeText(quoteLink).then(() => {\n      setQuoteLinkCopied(true);\n      setTimeout(() => setQuoteLinkCopied(false), 3000);\n    });\n  };\n\n  return (\n    <div className=\"flex h-screen bg-[#F3F4F6] dark:bg-[#0f172a] font-sans text-[#1A1A1A] dark:text-gray-100 overflow-hidden transition-colors duration-300 relative\">\n\n      {/* 0. NOTIFICA├ç├âO PREMIUM GLOBAL */}\n      <AnimatePresence>\n        {notification && (\n          <motion.div\n            initial={{ opacity: 0, y: -20, scale: 0.95 }}\n            animate={{ opacity: 1, y: 0, scale: 1 }}\n            exit={{ opacity: 0, scale: 0.95 }}\n            className=\"fixed top-6 left-1/2 -translate-x-1/2 z-[300]\"\n          >\n            <div className={`bg-white dark:bg-slate-800 border ${notification.type === 'error' ? 'border-red-200 dark:border-red-500/20' : 'border-amber-200 dark:border-amber-500/20'} px-5 py-3 rounded-2xl shadow-2xl flex items-center gap-3 min-w-[320px]`}>\n              <div className={`w-10 h-10 rounded-full ${notification.type === 'error' ? 'bg-red-50 dark:bg-red-500/10' : 'bg-amber-50 dark:bg-amber-500/10'} flex items-center justify-center`}>\n                <AlertCircle className={`w-5 h-5 ${notification.type === 'error' ? 'text-red-500' : 'text-amber-500'}`} />\n              </div>\n              <div className=\"flex-1\">\n                <p className=\"text-[12px] font-black text-gray-900 dark:text-white uppercase tracking-tight\">\n                  {notification.type === 'error' ? 'Ops! Algo deu errado' : 'A├º├úo Restrita'}\n                </p>\n                <p className=\"text-[10px] font-bold text-gray-500 dark:text-gray-400\">{notification.message}</p>\n              </div>\n              <button\n                onClick={() => setNotification(null)}\n                className=\"p-1.5 hover:bg-gray-100 dark:hover:bg-slate-700 rounded-lg transition-colors\"\n              >\n                <X className=\"w-4 h-4 text-gray-400\" />\n              </button>\n            </div>\n          </motion.div>\n        )}\n      </AnimatePresence>\n\n      {/* ===== MODAL DE LINK DO OR├çAMENTO ===== */}\n      <AnimatePresence>\n        {quoteLinkSaleId && (\n          <>\n            <motion.div\n              initial={{ opacity: 0 }}\n              animate={{ opacity: 1 }}\n              exit={{ opacity: 0 }}\n              onClick={() => setQuoteLinkSaleId(null)}\n              className=\"fixed inset-0 bg-black/50 backdrop-blur-sm z-[100]\"\n            />\n            <motion.div\n              initial={{ opacity: 0, scale: 0.92, y: 24 }}\n              animate={{ opacity: 1, scale: 1, y: 0 }}\n              exit={{ opacity: 0, scale: 0.92, y: 24 }}\n              transition={{ type: 'spring', duration: 0.5, bounce: 0.3 }}\n              className=\"fixed inset-0 z-[101] flex items-center justify-center p-4 pointer-events-none\"\n            >\n              <div className=\"bg-white dark:bg-[#1e293b] rounded-[28px] shadow-2xl w-full max-w-md pointer-events-auto overflow-hidden\">\n                {/* Header gradient */}\n                <div className=\"bg-gradient-to-br from-[#19727d] to-[#0d5c66] p-6 text-center relative overflow-hidden\">\n                  <div className=\"absolute top-0 right-0 w-32 h-32 bg-white/5 rounded-full -translate-y-1/2 translate-x-1/4\" />\n                  <div className=\"w-14 h-14 bg-white/20 rounded-2xl flex items-center justify-center mx-auto mb-3 backdrop-blur-sm\">\n                    <CheckCircle2 className=\"w-8 h-8 text-white\" />\n                  </div>\n                  <h2 className=\"text-xl font-black text-white tracking-tight\">Or├ºamento Salvo!</h2>\n                  <p className=\"text-white/70 text-sm mt-1 font-medium\">Copie o link e envie para o cliente</p>\n                </div>\n\n                <div className=\"p-6 space-y-4\">\n                  {/* Link display */}\n                  <div className=\"bg-gray-50 dark:bg-slate-800/60 border border-gray-200 dark:border-slate-700 rounded-2xl p-4 space-y-3\">\n                    <p className=\"text-[10px] font-black text-gray-400 uppercase tracking-widest\">Link do Or├ºamento</p>\n                    <p className=\"text-sm text-gray-600 dark:text-gray-300 font-mono break-all leading-relaxed bg-white dark:bg-slate-900 border border-gray-100 dark:border-slate-700 rounded-xl px-3 py-2\">\n                      {quoteLink}\n                    </p>\n                    <button\n                      onClick={handleCopyQuoteLink}\n                      className={`w-full py-3 rounded-xl font-black text-sm uppercase tracking-widest transition-all active:scale-95 flex items-center justify-center gap-2 ${quoteLinkCopied\n                        ? 'bg-green-500 text-white shadow-lg shadow-green-500/20'\n                        : 'bg-[#19727d] text-white hover:bg-[#145d66] shadow-lg shadow-[#19727d]/20'\n                        }`}\n                    >\n                      {quoteLinkCopied ? (\n                        <><CheckCircle2 className=\"w-4 h-4\" /> Link Copiado!</>\n                      ) : (\n                        <><CreditCard className=\"w-4 h-4\" /> Copiar Link</>\n                      )}\n                    </button>\n                  </div>\n\n                  {/* Open in new tab */}\n                  <a\n                    href={quoteLink}\n                    target=\"_blank\"\n                    rel=\"noopener noreferrer\"\n                    className=\"flex items-center justify-center gap-2 w-full py-2.5 text-[11px] font-black uppercase tracking-widest text-gray-400 hover:text-[#19727d] dark:hover:text-cyan-400 transition-colors\"\n                  >\n                    Visualizar p├ígina do cliente ÔåÆ\n                  </a>\n\n                  <button\n                    onClick={() => setQuoteLinkSaleId(null)}\n                    className=\"w-full py-2.5 text-[10px] font-black uppercase tracking-widest text-gray-300 dark:text-gray-600 hover:text-gray-500 transition-colors\"\n                  >\n                    Fechar\n                  </button>\n                </div>\n              </div>\n            </motion.div>\n          </>\n        )}\n      </AnimatePresence>\n\n      <MyProfileModal isOpen={isMyProfileModalOpen} onClose={() => setIsMyProfileModalOpen(false)} userEmail={user?.email || ''} />\n      <CustomerModal isOpen={isCustomerModalOpen} onClose={() => setIsCustomerModalOpen(false)} onSave={handleSaveCustomer} customer={editingCustomer} />\n      <GroupModal isOpen={isGroupModalOpen} onClose={() => setIsGroupModalOpen(false)} onSave={handleSaveGroup} group={editingGroup} customers={customers} />\n      <SaleModal\n        isOpen={isSaleModalOpen}\n        onClose={() => setIsSaleModalOpen(false)}\n        onSave={handleSaveSale}\n        sale={editingSale}\n        customers={customers}\n        groups={groups}\n        suppliers={suppliers}\n        onAddCustomerClick={openAddCustomer}\n        onEditCustomerClick={openEditCustomer}\n        onDeleteCustomerClick={handleDeleteCustomer}\n      />\n      <SupplierModal isOpen={isSupplierModalOpen} onClose={() => setIsSupplierModalOpen(false)} onSave={handleSaveSupplier} supplier={editingSupplier} />\n      <LeadModal\n        isOpen={isLeadModalOpen}\n        onClose={() => { setIsLeadModalOpen(false); setEditingLead(null); }}\n        onSave={handleSaveLead}\n        editingLead={editingLead}\n        suppliers={suppliers}\n      />\n      <DeleteConfirmationModal isOpen={isDeleteConfirmOpen} onClose={() => setIsDeleteConfirmOpen(false)} onConfirm={confirmDeleteCustomer} customerName={customerToDelete?.name || ''} />\n      <DeleteConfirmationModal isOpen={isDeleteSaleConfirmOpen} onClose={() => setIsDeleteSaleConfirmOpen(false)} onConfirm={confirmDeleteSale} customerName={`Venda #${saleToDelete?.id}`} />\n      <DeleteConfirmationModal isOpen={isDeleteSupplierConfirmOpen} onClose={() => setIsDeleteSupplierConfirmOpen(false)} onConfirm={confirmDeleteSupplier} customerName={supplierToDelete?.name || ''} />\n      <DeleteConfirmationModal isOpen={isDeleteLeadConfirmOpen} onClose={() => setIsDeleteLeadConfirmOpen(false)} onConfirm={confirmDeleteLead} customerName={leadToDelete?.title || leadToDelete?.name || ''} />\n\n      <AnimatePresence>\n        {isMobileMenuOpen && (\n          <motion.div initial={{ opacity: 0 }} animate={{ opacity: 1 }} exit={{ opacity: 0 }} onClick={closeMobileMenu} className=\"fixed inset-0 bg-black/50 z-40 lg:hidden\" />\n        )}\n      </AnimatePresence>\n\n      <aside className={`fixed inset-y-0 left-0 z-50 lg:relative lg:flex ${isMobileMenuOpen ? 'translate-x-0' : '-translate-x-full lg:translate-x-0'} ${isSidebarCollapsed ? 'lg:w-20' : 'lg:w-64'} w-64 bg-[#19727d] text-white flex flex-col transition-all duration-300 ease-in-out`}>\n        <div className=\"p-6 flex items-center justify-between lg:justify-start gap-3 bg-[#19727d]\">\n          <div className=\"flex items-center gap-3 w-full\">\n            <div className=\"w-12 h-12 bg-white rounded-2xl flex items-center justify-center flex-shrink-0 shadow-lg shadow-[#145d66]/50 p-2\">\n              <img src=\"/logo2.png\" alt=\"Easy Fly\" className=\"w-full h-full object-contain\" />\n            </div>\n            {(!isSidebarCollapsed || isMobileMenuOpen) && (\n              <div className=\"overflow-hidden whitespace-nowrap animate-in slide-in-from-left duration-300\">\n                <h1 className=\"text-white font-black text-2xl tracking-tighter leading-none\">Easy Fly</h1>\n                <p className=\"text-white/70 font-bold text-[9px] uppercase tracking-[0.25em] mt-1 italic\">Ag├¬ncia de Viagens</p>\n              </div>\n            )}\n          </div>\n          <button onClick={closeMobileMenu} className=\"lg:hidden p-2 hover:bg-white/10 rounded-lg\"><X className=\"w-6 h-6\" /></button>\n        </div>\n\n        <nav className=\"flex-1 px-3 py-4 space-y-1 bg-[#19727d] overflow-y-auto\">\n          <SidebarItem icon={<LayoutDashboard className=\"w-5 h-5\" />} label=\"Vis├úo Geral\" active={activeView === 'dashboard'} collapsed={isSidebarCollapsed && !isMobileMenuOpen} onClick={() => handleViewChange('dashboard')} />\n          <SidebarItem icon={<Target className=\"w-5 h-5\" />} label=\"CRM\" active={activeView === 'crm'} collapsed={isSidebarCollapsed && !isMobileMenuOpen} onClick={() => handleViewChange('crm')} />\n          <SidebarItem icon={<ShoppingCart className=\"w-5 h-5\" />} label=\"Vendas\" active={activeView === 'vendas'} collapsed={isSidebarCollapsed && !isMobileMenuOpen} onClick={() => handleViewChange('vendas')} />\n          <SidebarItem icon={<Users className=\"w-5 h-5\" />} label=\"Clientes\" active={activeView === 'clientes'} collapsed={isSidebarCollapsed && !isMobileMenuOpen} onClick={() => handleViewChange('clientes')} />\n          <SidebarItem icon={<Calendar className=\"w-5 h-5\" />} label=\"Reservas\" active={activeView === 'reservas'} collapsed={isSidebarCollapsed && !isMobileMenuOpen} onClick={() => handleViewChange('reservas')} />\n          <SidebarItem icon={<DollarSign className=\"w-5 h-5\" />} label=\"Financeiro\" active={activeView === 'financeiro'} collapsed={isSidebarCollapsed && !isMobileMenuOpen} onClick={() => handleViewChange('financeiro')} />\n          {currentUser?.role === 'Administrador' && (\n            <SidebarItem icon={<Truck className=\"w-5 h-5\" />} label=\"Fornecedores\" active={activeView === 'fornecedores'} collapsed={isSidebarCollapsed && !isMobileMenuOpen} onClick={() => handleViewChange('fornecedores')} />\n          )}\n\n          {/* <--- Item \"Usu├írios\" Adicionado na Sidebar */}\n          <SidebarItem icon={<Shield className=\"w-5 h-5\" />} label=\"Usu├írios\" active={activeView === 'usuarios'} collapsed={isSidebarCollapsed && !isMobileMenuOpen} onClick={() => handleViewChange('usuarios')} />\n\n          <SidebarItem icon={<BarChart3 className=\"w-5 h-5\" />} label=\"M├®tricas\" active={activeView === 'metricas'} collapsed={isSidebarCollapsed && !isMobileMenuOpen} onClick={() => handleViewChange('metricas')} />\n        </nav>\n\n        <div className=\"px-3 py-4 border-t border-[#145d66] space-y-1 bg-[#19727d]\">\n          {mounted && (\n            <SidebarItem\n              icon={theme === 'dark' ? <Sun className=\"w-5 h-5\" /> : <Moon className=\"w-5 h-5\" />}\n              label={theme === 'dark' ? \"Modo Claro\" : \"Modo Escuro\"}\n              collapsed={isSidebarCollapsed && !isMobileMenuOpen}\n              onClick={toggleTheme}\n            />\n          )}\n          <SidebarItem icon={<ChevronLeft className={`w-5 h-5 transition-transform ${isSidebarCollapsed ? 'rotate-180' : ''}`} />} label=\"Recolher\" collapsed={isSidebarCollapsed && !isMobileMenuOpen} className=\"hidden lg:flex\" onClick={() => setIsSidebarCollapsed(!isSidebarCollapsed)} />\n          <SidebarItem icon={<LogOut className=\"w-5 h-5\" />} label=\"Sair\" collapsed={isSidebarCollapsed && !isMobileMenuOpen} onClick={handleLogout} />\n        </div>\n        <SupabaseSyncHandler onRefresh={fetchData} collapsed={isSidebarCollapsed && !isMobileMenuOpen} />\n      </aside>\n\n      <main className=\"flex-1 flex flex-col overflow-hidden\">\n        <header className=\"lg:hidden bg-white border-b border-gray-200 p-4 flex items-center justify-between shadow-sm\">\n          <div className=\"flex items-center gap-3\">\n            <div className=\"w-10 h-10 bg-white rounded-xl flex items-center justify-center shadow-sm p-1.5 border border-gray-50\">\n              <img src=\"/logo2.png\" alt=\"Easy Fly\" className=\"w-full h-full object-contain\" />\n            </div>\n            <div className=\"flex flex-col\">\n              <span className=\"font-black text-[#19727d] text-xl leading-none tracking-tighter\">Easy Fly</span>\n              <span className=\"text-[9px] text-gray-400 font-bold uppercase tracking-[0.1em] mt-0.5\">Ag├¬ncia de Viagens</span>\n            </div>\n          </div>\n          <button onClick={() => setIsMobileMenuOpen(true)} className=\"p-2 hover:bg-gray-100 rounded-lg transition-colors border border-gray-100\"><Menu className=\"w-6 h-6 text-gray-600\" /></button>\n        </header>\n\n        <div className={`flex-1 ${activeView === 'crm' ? 'overflow-hidden p-0' : 'overflow-y-auto p-4 md:p-6 lg:p-8'}`}>\n          <AnimatePresence mode=\"wait\">\n            <motion.div key={activeView + (selectedCustomer ? '-details' : '')} initial={{ opacity: 0, y: 10 }} animate={{ opacity: 1, y: 0 }} exit={{ opacity: 0, y: -10 }} transition={{ duration: 0.2 }}>\n\n              {activeView === 'clientes' && selectedCustomer ? (\n                <CustomerDetailsView\n                  customer={selectedCustomer}\n                  sales={sales}\n                  onBack={() => setSelectedCustomer(null)}\n                  onEditCustomer={openEditCustomer}\n                  currentUser={currentUser}\n                />\n              ) : activeView === 'dashboard' ? (\n                <DashboardView sales={sales} onAddCustomer={openAddCustomer} onAddSale={openAddSale} setActiveView={setActiveView} onUpdateSaleStatus={handleUpdateSaleStatus} onAddLead={openAddLead} currentUser={currentUser} showValues={showValues} onToggleValues={() => setShowValues(v => !v)} />\n              ) : activeView === 'clientes' ? (\n                <CustomersView\n                  customers={customers}\n                  groups={groups}\n                  currentUser={currentUser}\n                  onAddCustomer={openAddCustomer}\n                  onEditCustomer={openEditCustomer}\n                  onDeleteCustomer={handleDeleteCustomer}\n                  onAddGroup={openAddGroup}\n                  onEditGroup={openEditGroup}\n                  onDeleteGroup={handleDeleteGroup}\n                  onCustomerClick={(c: Customer) => setSelectedCustomer(c)}\n                />\n              ) : activeView === 'vendas' ? (\n                <SalesView\n                  sales={sales}\n                  currentUser={currentUser}\n                  onAddSale={openAddSale}\n                  onEditSale={openEditSale}\n                  onDeleteSale={handleDeleteSale}\n                  onUpdateSale={handleQuickUpdateSale}\n                  fetchSales={fetchSales}\n                  showValues={showValues}\n                />\n              ) : activeView === 'crm' ? (\n                <CRMView\n                  leads={leads}\n                  loading={loadingLeads}\n                  updateLeadStatus={updateLeadStatus}\n                  onUpdateLead={handleSaveLead}\n                  fetchLeads={fetchLeads}\n                  currentUser={currentUser}\n                  onAddLead={openAddLead}\n                  onEditLead={openEditLead}\n                  onDeleteLead={handleDeleteLead}\n                />\n              ) : activeView === 'reservas' ? (\n                <ReservasView />\n              ) : activeView === 'financeiro' ? (\n                <FinanceiroView />\n              ) : activeView === 'metricas' ? (\n                <MetricasView />\n              ) : activeView === 'fornecedores' && currentUser?.role === 'Administrador' ? (\n                <SuppliersView suppliers={suppliers} onAddSupplier={openAddSupplier} onEditSupplier={openEditSupplier} onDeleteSupplier={handleDeleteSupplier} currentUser={currentUser} />\n              ) : activeView === 'usuarios' ? (\n                <UsersView currentUser={currentUser} /> // <--- Renderiza├º├úo da tela de Usu├írios\n              ) : null}\n            </motion.div>\n          </AnimatePresence>\n        </div>\n      </main>\n    </div>\n  );\n}","usedDeprecatedRules":[]},{"filePath":"C:\\Users\\Cleber\\Documents\\EASY FLY\\SISTEMA\\Easy Fly\\components\\CRMView.tsx","messages":[],"suppressedMessages":[],"errorCount":0,"fatalErrorCount":0,"warningCount":0,"fixableErrorCount":0,"fixableWarningCount":0,"usedDeprecatedRules":[]},{"filePath":"C:\\Users\\Cleber\\Documents\\EASY FLY\\SISTEMA\\Easy Fly\\components\\CustomerDetailsView.tsx","messages":[],"suppressedMessages":[],"errorCount":0,"fatalErrorCount":0,"warningCount":0,"fixableErrorCount":0,"fixableWarningCount":0,"usedDeprecatedRules":[]},{"filePath":"C:\\Users\\Cleber\\Documents\\EASY FLY\\SISTEMA\\Easy Fly\\components\\CustomerModal.tsx","messages":[{"ruleId":"react-hooks/set-state-in-effect","severity":2,"message":"Error: Calling setState synchronously within an effect can trigger cascading renders\n\nEffects are intended to synchronize state between React and external systems such as manually updating the DOM, state management libraries, or other platform APIs. In general, the body of an effect should do one or both of the following:\n* Update external systems with the latest state from React.\n* Subscribe for updates from some external system, calling setState in a callback function when external state changes.\n\nCalling setState synchronously within an effect body causes cascading renders that can hurt performance, and is not recommended. (https://react.dev/learn/you-might-not-need-an-effect).\n\nC:\\Users\\Cleber\\Documents\\EASY FLY\\SISTEMA\\Easy Fly\\components\\CustomerModal.tsx:34:9\n  32 |     if (isOpen) {\n  33 |       if (customer) {\n> 34 |         setFormData({\n     |         ^^^^^^^^^^^ Avoid calling setState() directly within an effect\n  35 |           firstName: customer.firstName,\n  36 |           lastName: customer.lastName,\n  37 |           email: customer.email,","line":34,"column":9,"nodeType":null,"endLine":34,"endColumn":20}],"suppressedMessages":[],"errorCount":1,"fatalErrorCount":0,"warningCount":0,"fixableErrorCount":0,"fixableWarningCount":0,"source":"'use client';\n\nimport React, { useState, useEffect } from 'react';\nimport { X, UserPlus, Users, Mail, AlertCircle, MapPin } from 'lucide-react';\nimport { motion } from 'motion/react';\nimport { Customer, Address } from '@/types';\n\ninterface CustomerModalProps {\n  isOpen: boolean;\n  onClose: () => void;\n  onSave: (data: Partial<Customer>) => void;\n  customer: Customer | null;\n}\n\nconst SectionHeader = ({ icon, title }: { icon: React.ReactNode, title: string }) => (\n  <div className=\"flex items-center gap-2 py-2 border-b border-gray-100 dark:border-slate-700/50 mb-4 mt-6 first:mt-0\">\n    <div className=\"text-cyan-500\">{icon}</div>\n    <h3 className=\"text-sm font-bold text-[#19727d] dark:text-cyan-400\">{title}</h3>\n  </div>\n);\n\nexport function CustomerModal({ \n  isOpen, \n  onClose, \n  onSave, \n  customer \n}: CustomerModalProps) {\n  const [formData, setFormData] = useState<Partial<Customer>>({});\n  const [error, setError] = useState<string | null>(null);\n\n  useEffect(() => {\n    if (isOpen) {\n      if (customer) {\n        setFormData({\n          firstName: customer.firstName,\n          lastName: customer.lastName,\n          email: customer.email,\n          phone: customer.phone,\n          cpfCnpj: customer.cpfCnpj,\n          rg: customer.rg,\n          passportNumber: customer.passportNumber,\n          passportExpiry: customer.passportExpiry,\n          birthDate: customer.birthDate,\n          notes: customer.notes,\n          address: { ...customer.address }\n        });\n      } else {\n        setFormData({\n          firstName: '',\n          lastName: '',\n          email: '',\n          phone: '',\n          cpfCnpj: '',\n          rg: '',\n          passportNumber: '',\n          passportExpiry: '',\n          birthDate: '',\n          notes: '',\n          address: {\n            cep: '',\n            street: '',\n            number: '',\n            complement: '',\n            neighborhood: '',\n            city: '',\n            state: '',\n          }\n        });\n      }\n      setError(null);\n    }\n  }, [customer, isOpen]);\n\n  if (!isOpen) return null;\n\n  const handleSubmit = (e?: React.FormEvent) => {\n    if (e) e.preventDefault();\n    if (!formData.firstName || !formData.lastName || !formData.phone) {\n      setError('├ë necess├írio preencher os campos marcados com *');\n      return;\n    }\n    onSave(formData);\n  };\n\n  return (\n    <div className=\"fixed inset-0 z-[70] flex items-center justify-center p-4\">\n      <motion.div \n        initial={{ opacity: 0 }}\n        animate={{ opacity: 1 }}\n        exit={{ opacity: 0 }}\n        onClick={onClose}\n        className=\"absolute inset-0 bg-black/50 backdrop-blur-sm\"\n      />\n      <motion.div \n        initial={{ opacity: 0, scale: 0.95, y: 20 }}\n        animate={{ opacity: 1, scale: 1, y: 0 }}\n        exit={{ opacity: 0, scale: 0.95, y: 20 }}\n        className=\"relative w-full max-w-2xl bg-white dark:bg-[#1e293b] rounded-3xl shadow-2xl overflow-hidden flex flex-col max-h-[90vh] border border-gray-100 dark:border-slate-700/50\"\n      >\n        <div className=\"p-4 border-b border-gray-100 dark:border-slate-700/50 flex items-center justify-between bg-white dark:bg-[#1e293b] text-gray-800 dark:text-gray-200\">\n          <div className=\"flex items-center gap-2\">\n            <UserPlus className=\"w-5 h-5 text-cyan-500\" />\n            <h2 className=\"text-lg font-bold text-gray-900 dark:text-white\">{customer ? 'Editar Cliente' : 'Novo Cliente'}</h2>\n          </div>\n          <button onClick={onClose} className=\"p-2 hover:bg-gray-100 dark:hover:bg-slate-800 rounded-lg transition-colors\">\n            <X className=\"w-5 h-5 text-gray-400 dark:text-gray-500\" />\n          </button>\n        </div>\n        \n        <form onSubmit={handleSubmit} className=\"flex-1 overflow-y-auto p-6 space-y-6\">\n          {error && (\n            <motion.div \n              initial={{ opacity: 0, y: -10 }}\n              animate={{ opacity: 1, y: 0 }}\n              className=\"p-3 bg-red-50 dark:bg-red-500/10 border border-red-100 dark:border-red-500/20 rounded-xl flex items-center gap-2 text-red-600 dark:text-red-400 text-sm font-bold\"\n            >\n              <AlertCircle className=\"w-4 h-4\" />\n              {error}\n            </motion.div>\n          )}\n\n          <div>\n            <SectionHeader icon={<Users className=\"w-4 h-4\" />} title=\"Identifica├º├úo\" />\n            <div className=\"grid grid-cols-1 md:grid-cols-2 gap-4\">\n              <div className=\"space-y-1\">\n                <label className=\"text-xs font-bold text-gray-500\">Nome *</label>\n                <input \n                  required\n                  type=\"text\" \n                  className=\"w-full px-4 py-2.5 bg-gray-50 dark:bg-slate-900 border border-gray-200 dark:border-slate-700 rounded-xl focus:outline-none focus:ring-2 focus:ring-cyan-500/20 focus:border-cyan-500 transition-all text-sm text-gray-900 dark:text-white placeholder-gray-400\"\n                  placeholder=\"Primeiro nome\"\n                  value={formData.firstName}\n                  onChange={e => setFormData(prev => ({ ...prev, firstName: e.target.value }))}\n                />\n              </div>\n              <div className=\"space-y-1\">\n                <label className=\"text-xs font-bold text-gray-500\">Sobrenome *</label>\n                <input \n                  required\n                  type=\"text\" \n                  className=\"w-full px-4 py-2.5 bg-gray-50 dark:bg-slate-900 border border-gray-200 dark:border-slate-700 rounded-xl focus:outline-none focus:ring-2 focus:ring-cyan-500/20 focus:border-cyan-500 transition-all text-sm text-gray-900 dark:text-white placeholder-gray-400\"\n                  placeholder=\"Sobrenome\"\n                  value={formData.lastName}\n                  onChange={e => setFormData(prev => ({ ...prev, lastName: e.target.value }))}\n                />\n              </div>\n            </div>\n          </div>\n\n          <div>\n            <SectionHeader icon={<Mail className=\"w-4 h-4\" />} title=\"Contato\" />\n            <div className=\"grid grid-cols-1 md:grid-cols-2 gap-4\">\n              <div className=\"space-y-1\">\n                <label className=\"text-xs font-bold text-gray-500\">Email</label>\n                <input \n                  type=\"email\" \n                  className=\"w-full px-4 py-2.5 bg-gray-50 dark:bg-slate-900 border border-gray-200 dark:border-slate-700 rounded-xl focus:outline-none focus:ring-2 focus:ring-cyan-500/20 focus:border-cyan-500 transition-all text-sm text-gray-900 dark:text-white placeholder-gray-400\"\n                  placeholder=\"email@exemplo.com\"\n                  value={formData.email}\n                  onChange={e => setFormData(prev => ({ ...prev, email: e.target.value }))}\n                />\n              </div>\n              <div className=\"space-y-1\">\n                <label className=\"text-xs font-bold text-gray-500\">Telefone *</label>\n                <input \n                  required\n                  type=\"tel\" \n                  className=\"w-full px-4 py-2.5 bg-gray-50 dark:bg-slate-900 border border-gray-200 dark:border-slate-700 rounded-xl focus:outline-none focus:ring-2 focus:ring-cyan-500/20 focus:border-cyan-500 transition-all text-sm text-gray-900 dark:text-white placeholder-gray-400\"\n                  placeholder=\"(00) 00000-0000\"\n                  value={formData.phone}\n                  onChange={e => setFormData(prev => ({ ...prev, phone: e.target.value }))}\n                />\n              </div>\n            </div>\n          </div>\n\n          <div>\n            <SectionHeader icon={<AlertCircle className=\"w-4 h-4\" />} title=\"Documentos\" />\n            <div className=\"grid grid-cols-1 md:grid-cols-2 gap-4\">\n              <div className=\"space-y-1\">\n                <label className=\"text-xs font-bold text-gray-500\">CPF / CNPJ</label>\n                <input \n                  type=\"text\" \n                  className=\"w-full px-4 py-2.5 bg-gray-50 dark:bg-slate-900 border border-gray-200 dark:border-slate-700 rounded-xl focus:outline-none focus:ring-2 focus:ring-cyan-500/20 focus:border-cyan-500 transition-all text-sm text-gray-900 dark:text-white placeholder-gray-400\"\n                  placeholder=\"000.000.000-00\"\n                  value={formData.cpfCnpj}\n                  onChange={e => setFormData(prev => ({ ...prev, cpfCnpj: e.target.value }))}\n                />\n              </div>\n              <div className=\"space-y-1\">\n                <label className=\"text-xs font-bold text-gray-500\">RG</label>\n                <input \n                  type=\"text\" \n                  className=\"w-full px-4 py-2.5 bg-gray-50 dark:bg-slate-900 border border-gray-200 dark:border-slate-700 rounded-xl focus:outline-none focus:ring-2 focus:ring-cyan-500/20 focus:border-cyan-500 transition-all text-sm text-gray-900 dark:text-white placeholder-gray-400\"\n                  placeholder=\"00.000.000-0\"\n                  value={formData.rg}\n                  onChange={e => setFormData(prev => ({ ...prev, rg: e.target.value }))}\n                />\n              </div>\n              <div className=\"space-y-1\">\n                <label className=\"text-xs font-bold text-gray-500\">N├║mero do Passaporte</label>\n                <input \n                  type=\"text\" \n                  className=\"w-full px-4 py-2.5 bg-gray-50 dark:bg-slate-900 border border-gray-200 dark:border-slate-700 rounded-xl focus:outline-none focus:ring-2 focus:ring-cyan-500/20 focus:border-cyan-500 transition-all text-sm text-gray-900 dark:text-white placeholder-gray-400\"\n                  placeholder=\"AB123456\"\n                  value={formData.passportNumber}\n                  onChange={e => setFormData(prev => ({ ...prev, passportNumber: e.target.value }))}\n                />\n              </div>\n              <div className=\"space-y-1\">\n                <label className=\"text-xs font-bold text-gray-500\">Validade do Passaporte</label>\n                <input \n                  type=\"date\" \n                  className=\"w-full px-4 py-2.5 bg-gray-50 dark:bg-slate-900 border border-gray-200 dark:border-slate-700 rounded-xl focus:outline-none focus:ring-2 focus:ring-cyan-500/20 focus:border-cyan-500 transition-all text-sm text-gray-900 dark:text-white placeholder-gray-400\"\n                  value={formData.passportExpiry}\n                  onChange={e => setFormData(prev => ({ ...prev, passportExpiry: e.target.value }))}\n                />\n              </div>\n            </div>\n          </div>\n\n          <div>\n            <SectionHeader icon={<AlertCircle className=\"w-4 h-4\" />} title=\"Informa├º├Áes Adicionais\" />\n            <div className=\"grid grid-cols-1 gap-4\">\n              <div className=\"space-y-1\">\n                <label className=\"text-xs font-bold text-gray-500\">Data de Anivers├írio</label>\n                <input \n                  type=\"date\" \n                  className=\"w-full px-4 py-2.5 bg-gray-50 dark:bg-slate-900 border border-gray-200 dark:border-slate-700 rounded-xl focus:outline-none focus:ring-2 focus:ring-cyan-500/20 focus:border-cyan-500 transition-all text-sm text-gray-900 dark:text-white placeholder-gray-400\"\n                  value={formData.birthDate}\n                  onChange={e => setFormData(prev => ({ ...prev, birthDate: e.target.value }))}\n                />\n              </div>\n              <div className=\"space-y-1\">\n                <label className=\"text-xs font-bold text-gray-500 dark:text-gray-400\">Observa├º├Áes</label>\n                <textarea \n                  className=\"w-full px-4 py-2.5 bg-gray-50 dark:bg-slate-900 border border-gray-200 dark:border-slate-700 rounded-xl focus:outline-none focus:ring-2 focus:ring-cyan-500/20 focus:border-cyan-500 transition-all text-sm min-h-[100px] text-gray-900 dark:text-white placeholder-gray-400\"\n                  placeholder=\"Observa├º├Áes sobre o cliente\"\n                  value={formData.notes}\n                  onChange={e => setFormData(prev => ({ ...prev, notes: e.target.value }))}\n                />\n              </div>\n            </div>\n          </div>\n\n          <div>\n            <SectionHeader icon={<MapPin className=\"w-4 h-4\" />} title=\"Endere├ºo para NF\" />\n            <div className=\"grid grid-cols-1 md:grid-cols-6 gap-4\">\n              <div className=\"md:col-span-2 space-y-1\">\n                <label className=\"text-xs font-bold text-gray-500\">CEP</label>\n                <input \n                  type=\"text\" \n                  className=\"w-full px-4 py-2.5 bg-gray-50 dark:bg-slate-900 border border-gray-200 dark:border-slate-700 rounded-xl focus:outline-none focus:ring-2 focus:ring-cyan-500/20 focus:border-cyan-500 transition-all text-sm text-gray-900 dark:text-white placeholder-gray-400\"\n                  placeholder=\"00000-000\"\n                  value={formData.address?.cep}\n                  onChange={e => setFormData(prev => ({ ...prev, address: { ...prev.address!, cep: e.target.value } }))}\n                />\n              </div>\n              <div className=\"md:col-span-4 space-y-1\">\n                <label className=\"text-xs font-bold text-gray-500\">Logradouro</label>\n                <input \n                  type=\"text\" \n                  className=\"w-full px-4 py-2.5 bg-gray-50 dark:bg-slate-900 border border-gray-200 dark:border-slate-700 rounded-xl focus:outline-none focus:ring-2 focus:ring-cyan-500/20 focus:border-cyan-500 transition-all text-sm text-gray-900 dark:text-white placeholder-gray-400\"\n                  placeholder=\"Rua, Avenida...\"\n                  value={formData.address?.street}\n                  onChange={e => setFormData(prev => ({ ...prev, address: { ...prev.address!, street: e.target.value } }))}\n                />\n              </div>\n              <div className=\"md:col-span-2 space-y-1\">\n                <label className=\"text-xs font-bold text-gray-500\">N├║mero</label>\n                <input \n                  type=\"text\" \n                  className=\"w-full px-4 py-2.5 bg-gray-50 dark:bg-slate-900 border border-gray-200 dark:border-slate-700 rounded-xl focus:outline-none focus:ring-2 focus:ring-cyan-500/20 focus:border-cyan-500 transition-all text-sm text-gray-900 dark:text-white placeholder-gray-400\"\n                  placeholder=\"123\"\n                  value={formData.address?.number}\n                  onChange={e => setFormData(prev => ({ ...prev, address: { ...prev.address!, number: e.target.value } }))}\n                />\n              </div>\n              <div className=\"md:col-span-2 space-y-1\">\n                <label className=\"text-xs font-bold text-gray-500\">Complemento</label>\n                <input \n                  type=\"text\" \n                  className=\"w-full px-4 py-2.5 bg-gray-50 dark:bg-slate-900 border border-gray-200 dark:border-slate-700 rounded-xl focus:outline-none focus:ring-2 focus:ring-cyan-500/20 focus:border-cyan-500 transition-all text-sm text-gray-900 dark:text-white placeholder-gray-400\"\n                  placeholder=\"Apto, Sala...\"\n                  value={formData.address?.complement}\n                  onChange={e => setFormData(prev => ({ ...prev, address: { ...prev.address!, complement: e.target.value } }))}\n                />\n              </div>\n              <div className=\"md:col-span-2 space-y-1\">\n                <label className=\"text-xs font-bold text-gray-500\">Bairro</label>\n                <input \n                  type=\"text\" \n                  className=\"w-full px-4 py-2.5 bg-gray-50 dark:bg-slate-900 border border-gray-200 dark:border-slate-700 rounded-xl focus:outline-none focus:ring-2 focus:ring-cyan-500/20 focus:border-cyan-500 transition-all text-sm text-gray-900 dark:text-white placeholder-gray-400\"\n                  placeholder=\"Bairro\"\n                  value={formData.address?.neighborhood}\n                  onChange={e => setFormData(prev => ({ ...prev, address: { ...prev.address!, neighborhood: e.target.value } }))}\n                />\n              </div>\n              <div className=\"md:col-span-5 space-y-1\">\n                <label className=\"text-xs font-bold text-gray-500\">Cidade</label>\n                <input \n                  type=\"text\" \n                  className=\"w-full px-4 py-2.5 bg-gray-50 dark:bg-slate-900 border border-gray-200 dark:border-slate-700 rounded-xl focus:outline-none focus:ring-2 focus:ring-cyan-500/20 focus:border-cyan-500 transition-all text-sm text-gray-900 dark:text-white placeholder-gray-400\"\n                  placeholder=\"Cidade\"\n                  value={formData.address?.city}\n                  onChange={e => setFormData(prev => ({ ...prev, address: { ...prev.address!, city: e.target.value } }))}\n                />\n              </div>\n              <div className=\"md:col-span-1 space-y-1\">\n                <label className=\"text-xs font-bold text-gray-500\">UF</label>\n                <input \n                  type=\"text\" \n                  className=\"w-full px-4 py-2.5 bg-gray-50 dark:bg-slate-900 border border-gray-200 dark:border-slate-700 rounded-xl focus:outline-none focus:ring-2 focus:ring-cyan-500/20 focus:border-cyan-500 transition-all text-sm text-gray-900 dark:text-white placeholder-gray-400\"\n                  placeholder=\"RJ\"\n                  value={formData.address?.state}\n                  onChange={e => setFormData(prev => ({ ...prev, address: { ...prev.address!, state: e.target.value } }))}\n                />\n              </div>\n            </div>\n          </div>\n        </form>\n\n        <div className=\"p-4 border-t border-gray-100 dark:border-slate-700/50 flex justify-end gap-3 bg-gray-50/50 dark:bg-[#1e293b]\">\n          <button \n            type=\"button\"\n            onClick={onClose}\n            className=\"px-6 py-2 text-sm font-bold text-gray-500 dark:text-gray-400 hover:bg-gray-100 dark:hover:bg-slate-800 rounded-xl transition-all\"\n          >\n            Cancelar\n          </button>\n          <button \n            onClick={() => handleSubmit()}\n            className=\"px-8 py-2 bg-[#06B6D4] text-white font-bold rounded-xl hover:bg-[#0891B2] shadow-lg shadow-cyan-500/20 transition-all\"\n          >\n            Salvar\n          </button>\n        </div>\n      </motion.div>\n    </div>\n  );\n}\n","usedDeprecatedRules":[]},{"filePath":"C:\\Users\\Cleber\\Documents\\EASY FLY\\SISTEMA\\Easy Fly\\components\\CustomersView.tsx","messages":[],"suppressedMessages":[],"errorCount":0,"fatalErrorCount":0,"warningCount":0,"fixableErrorCount":0,"fixableWarningCount":0,"usedDeprecatedRules":[]},{"filePath":"C:\\Users\\Cleber\\Documents\\EASY FLY\\SISTEMA\\Easy Fly\\components\\DashboardView.tsx","messages":[],"suppressedMessages":[],"errorCount":0,"fatalErrorCount":0,"warningCount":0,"fixableErrorCount":0,"fixableWarningCount":0,"usedDeprecatedRules":[]},{"filePath":"C:\\Users\\Cleber\\Documents\\EASY FLY\\SISTEMA\\Easy Fly\\components\\GroupModal.tsx","messages":[{"ruleId":"react-hooks/set-state-in-effect","severity":2,"message":"Error: Calling setState synchronously within an effect can trigger cascading renders\n\nEffects are intended to synchronize state between React and external systems such as manually updating the DOM, state management libraries, or other platform APIs. In general, the body of an effect should do one or both of the following:\n* Update external systems with the latest state from React.\n* Subscribe for updates from some external system, calling setState in a callback function when external state changes.\n\nCalling setState synchronously within an effect body causes cascading renders that can hurt performance, and is not recommended. (https://react.dev/learn/you-might-not-need-an-effect).\n\nC:\\Users\\Cleber\\Documents\\EASY FLY\\SISTEMA\\Easy Fly\\components\\GroupModal.tsx:29:9\n  27 |     if (isOpen) {\n  28 |       if (group) {\n> 29 |         setFormData({\n     |         ^^^^^^^^^^^ Avoid calling setState() directly within an effect\n  30 |           name: group.name,\n  31 |           memberIds: [...group.memberIds]\n  32 |         });","line":29,"column":9,"nodeType":null,"endLine":29,"endColumn":20}],"suppressedMessages":[],"errorCount":1,"fatalErrorCount":0,"warningCount":0,"fixableErrorCount":0,"fixableWarningCount":0,"source":"'use client';\r\n\r\nimport React, { useState, useEffect } from 'react';\r\nimport { X, Plus, Users, AlertCircle } from 'lucide-react';\r\nimport { motion } from 'motion/react';\r\nimport { Group, Customer } from '@/types';\r\n\r\ninterface GroupModalProps {\r\n  isOpen: boolean;\r\n  onClose: () => void;\r\n  onSave: (data: Partial<Group>) => void;\r\n  group: Group | null;\r\n  customers: Customer[];\r\n}\r\n\r\nexport function GroupModal({ \r\n  isOpen, \r\n  onClose, \r\n  onSave, \r\n  group,\r\n  customers\r\n}: GroupModalProps) {\r\n  const [formData, setFormData] = useState<Partial<Group>>({});\r\n  const [isAddingMember, setIsAddingMember] = useState(false);\r\n\r\n  useEffect(() => {\r\n    if (isOpen) {\r\n      if (group) {\r\n        setFormData({\r\n          name: group.name,\r\n          memberIds: [...group.memberIds]\r\n        });\r\n      } else {\r\n        setFormData({\r\n          name: '',\r\n          memberIds: []\r\n        });\r\n      }\r\n      setIsAddingMember(false);\r\n    }\r\n  }, [group, isOpen]);\r\n\r\n  if (!isOpen) return null;\r\n\r\n  const removeMember = (id: string) => {\r\n    setFormData(prev => ({\r\n      ...prev,\r\n      memberIds: prev.memberIds?.filter(mId => mId !== id)\r\n    }));\r\n  };\r\n\r\n  const addMember = (id: string) => {\r\n    if (formData.memberIds?.includes(id)) return;\r\n    setFormData(prev => ({\r\n      ...prev,\r\n      memberIds: [...(prev.memberIds || []), id]\r\n    }));\r\n    setIsAddingMember(false);\r\n  };\r\n\r\n  return (\r\n    <div className=\"fixed inset-0 z-[60] flex items-center justify-center p-4\">\r\n      <motion.div \r\n        initial={{ opacity: 0 }}\r\n        animate={{ opacity: 1 }}\r\n        exit={{ opacity: 0 }}\r\n        onClick={onClose}\r\n        className=\"absolute inset-0 bg-black/50 backdrop-blur-sm\"\r\n      />\r\n      <motion.div \r\n        initial={{ opacity: 0, scale: 0.95, y: 20 }}\r\n        animate={{ opacity: 1, scale: 1, y: 0 }}\r\n        exit={{ opacity: 0, scale: 0.95, y: 20 }}\r\n        className=\"relative w-full max-w-lg bg-white dark:bg-[#1e293b] rounded-3xl shadow-2xl overflow-hidden dark:border dark:border-slate-700/50 flex flex-col max-h-[90vh]\"\r\n      >\r\n        <div className=\"p-6 border-b border-gray-100 dark:border-slate-700/50 flex items-center justify-between bg-white dark:bg-[#1e293b] text-gray-800 dark:text-gray-200\">\r\n          <h2 className=\"text-xl font-bold\">{group ? 'Editar Grupo' : 'Cadastro de Grupo'}</h2>\r\n          <button onClick={onClose} className=\"p-2 hover:bg-gray-100 dark:hover:bg-slate-800 rounded-lg transition-colors\">\r\n            <X className=\"w-6 h-6 text-gray-400 dark:text-gray-500\" />\r\n          </button>\r\n        </div>\r\n        \r\n        <div className=\"flex-1 overflow-y-auto p-6 space-y-6\">\r\n          <div className=\"space-y-4\">\r\n            <h3 className=\"text-lg font-bold text-gray-800 dark:text-gray-200\">Dados do grupo</h3>\r\n            \r\n            <div className=\"p-6 border border-gray-100 dark:border-slate-700/50 rounded-2xl space-y-6\">\r\n              <div className=\"space-y-1\">\r\n                <label className=\"text-sm font-bold text-gray-600 dark:text-gray-400\">Nome</label>\r\n                <input \r\n                  required\r\n                  type=\"text\" \r\n                  className=\"w-full px-4 py-2.5 bg-gray-50 dark:bg-slate-900 border border-gray-200 dark:border-slate-700 rounded-xl focus:outline-none focus:ring-2 focus:ring-cyan-500/20 focus:border-cyan-500 transition-all text-sm text-gray-900 dark:text-white\"\r\n                  placeholder=\"Ex: Fam├¡lia Silva\"\r\n                  value={formData.name}\r\n                  onChange={e => setFormData(prev => ({ ...prev, name: e.target.value }))}\r\n                />\r\n              </div>\r\n\r\n              <div className=\"space-y-3\">\r\n                <label className=\"text-sm font-bold text-gray-600 dark:text-gray-400\">Integrantes</label>\r\n                <div className=\"space-y-2\">\r\n                  {formData.memberIds?.map(mId => {\r\n                    const customer = customers.find(c => c.id === mId);\r\n                    return (\r\n                      <div key={mId} className=\"flex items-center gap-2\">\r\n                        <div className=\"flex-1 flex items-center justify-between px-4 py-2 bg-gray-50 dark:bg-slate-900 border border-gray-200 dark:border-slate-700 rounded-xl text-gray-900 dark:text-white\">\r\n                          <span className=\"text-sm font-bold text-gray-700 dark:text-gray-300 uppercase\">{customer?.name}</span>\r\n                          <button onClick={() => removeMember(mId)} className=\"text-gray-400 dark:text-gray-500 hover:text-red-500 dark:hover:text-red-400 transition-colors\">\r\n                            <X className=\"w-4 h-4\" />\r\n                          </button>\r\n                        </div>\r\n                      </div>\r\n                    );\r\n                  })}\r\n                </div>\r\n\r\n                {isAddingMember ? (\r\n                  <div className=\"relative\">\r\n                    <div className=\"absolute bottom-full left-0 right-0 mb-2 bg-white dark:bg-slate-800 border border-gray-200 dark:border-slate-700 rounded-xl shadow-xl max-h-48 overflow-y-auto z-10\">\r\n                      {customers\r\n                        .filter(c => !formData.memberIds?.includes(c.id))\r\n                        .map(c => (\r\n                          <button\r\n                            key={c.id}\r\n                            onClick={() => addMember(c.id)}\r\n                            className=\"w-full text-left px-4 py-2 hover:bg-gray-50 dark:hover:bg-slate-700/50 text-sm font-medium border-b border-gray-50 dark:border-slate-700/50 text-gray-900 dark:text-gray-200 last:border-0\"\r\n                          >\r\n                            {c.name}\r\n                          </button>\r\n                        ))}\r\n                      {customers.filter(c => !formData.memberIds?.includes(c.id)).length === 0 && (\r\n                        <div className=\"p-4 text-center text-xs text-gray-400 dark:text-gray-500\">Todos os clientes j├í foram adicionados</div>\r\n                      )}\r\n                    </div>\r\n                    <button \r\n                      onClick={() => setIsAddingMember(false)}\r\n                      className=\"text-sm font-bold text-cyan-500 flex items-center gap-2 hover:text-cyan-600 transition-colors\"\r\n                    >\r\n                      Cancelar\r\n                    </button>\r\n                  </div>\r\n                ) : (\r\n                  <button \r\n                    onClick={() => setIsAddingMember(true)}\r\n                    className=\"text-sm font-bold text-gray-700 dark:text-gray-300 flex items-center gap-2 hover:text-cyan-500 transition-colors\"\r\n                  >\r\n                    Adicionar integrante <Plus className=\"w-4 h-4 p-0.5 bg-gray-100 dark:bg-slate-800 rounded-full\" />\r\n                  </button>\r\n                )}\r\n              </div>\r\n            </div>\r\n          </div>\r\n        </div>\r\n\r\n        <div className=\"p-4 border-t border-gray-100 dark:border-slate-700/50 flex justify-end gap-3 bg-gray-50/50 dark:bg-slate-800/50\">\r\n          <button \r\n            type=\"button\"\r\n            onClick={onClose}\r\n            className=\"px-6 py-2 text-sm font-bold text-gray-500 dark:text-gray-400 hover:bg-gray-100 dark:hover:bg-slate-800 rounded-xl transition-all\"\r\n          >\r\n            Cancelar\r\n          </button>\r\n          <button \r\n            onClick={() => onSave(formData)}\r\n            className=\"px-8 py-2 bg-[#06B6D4] text-white font-bold rounded-xl hover:bg-[#0891B2] shadow-lg shadow-cyan-500/20 transition-all\"\r\n          >\r\n            Salvar\r\n          </button>\r\n        </div>\r\n      </motion.div>\r\n    </div>\r\n  );\r\n}\r\n","usedDeprecatedRules":[]},{"filePath":"C:\\Users\\Cleber\\Documents\\EASY FLY\\SISTEMA\\Easy Fly\\components\\LeadModal.tsx","messages":[{"ruleId":"react-hooks/exhaustive-deps","severity":1,"message":"React Hook useEffect has a missing dependency: 'lastSearchedName'. Either include it or remove the dependency array.","line":573,"column":6,"nodeType":"ArrayExpression","endLine":573,"endColumn":45,"suggestions":[{"desc":"Update the dependencies array to be: [currentItem.hotelName, activeItemType, lastSearchedName]","fix":{"range":[26848,26887],"text":"[currentItem.hotelName, activeItemType, lastSearchedName]"}}]},{"ruleId":"react-hooks/exhaustive-deps","severity":1,"message":"React Hook useEffect has a missing dependency: 'activeItemType'. Either include it or remove the dependency array.","line":595,"column":6,"nodeType":"ArrayExpression","endLine":595,"endColumn":57,"suggestions":[{"desc":"Update the dependencies array to be: [activeItemType, currentItem.checkInDate, currentItem.checkOutDate]","fix":{"range":[27638,27689],"text":"[activeItemType, currentItem.checkInDate, currentItem.checkOutDate]"}}]},{"ruleId":"@next/next/no-img-element","severity":1,"message":"Using `<img>` could result in slower LCP and higher bandwidth. Consider using `<Image />` from `next/image` or a custom image loader to automatically optimize images. This may incur additional usage or cost from your provider. See: https://nextjs.org/docs/messages/no-img-element","line":1084,"column":35,"nodeType":"JSXOpeningElement","endLine":1084,"endColumn":164}],"suppressedMessages":[],"errorCount":0,"fatalErrorCount":0,"warningCount":3,"fixableErrorCount":0,"fixableWarningCount":0,"source":"'use client';\n\nimport React, { useState, useEffect } from 'react';\nimport { \n  X, Plus, Plane, Hotel, Shield, Car, Trash2, Layout, \n  Tag as TagIcon, Minus, Luggage, User, Baby, Clock,\n  MapPin, Pencil, Search, ChevronDown, Target, Phone, Mail, FileText, Users, MessageCircle, Loader2, Star, CheckCircle\n} from 'lucide-react';\nimport { motion, AnimatePresence } from 'framer-motion';\nimport { NumericFormat } from 'react-number-format';\nimport { Lead, CRMStatus, Customer, Group, Supplier } from '@/types';\n\ninterface LeadModalProps {\n  isOpen: boolean;\n  onClose: () => void;\n  onSave: (lead: Partial<Lead>) => void;\n  editingLead?: Lead | null;\n  suppliers: Supplier[];\n}\n\n// FUN├ç├âO PARA FORMATAR AS DATAS: \"05 ├á 20 Out.\"\nconst formatDateRange = (start: string, end: string) => {\n  if (!start || !end) return '';\n  const months = ['Jan.', 'Fev.', 'Mar.', 'Abr.', 'Mai.', 'Jun.', 'Jul.', 'Ago.', 'Set.', 'Out.', 'Nov.', 'Dez.'];\n  const [sYear, sMonth, sDay] = start.split('-');\n  const [eYear, eMonth, eDay] = end.split('-');\n  if (!sDay || !eDay) return '';\n\n  if (sMonth === eMonth) {\n    return `${sDay} ├á ${eDay} ${months[parseInt(sMonth, 10) - 1]}`;\n  } else {\n    return `${sDay} ${months[parseInt(sMonth, 10) - 1]} ├á ${eDay} ${months[parseInt(eMonth, 10) - 1]}`;\n  }\n};\n\nconst STATUS_OPTIONS: { value: CRMStatus; label: string }[] = [\n  { value: 'novo_contato', label: 'Novo Contato' },\n  { value: 'em_cotacao', label: 'Em Cota├º├úo' },\n  { value: 'proposta_enviada', label: 'Proposta Enviada' },\n  { value: 'aprovado', label: 'Aprovado' },\n  { value: 'perdido', label: 'Perdido' },\n];\n\nconst AIRLINES = ['LATAM','Gol','Azul','Avianca','TAP Portugal','British Airways','Iberia','Air France','KLM','Lufthansa','ITA Airways','Swiss Airlines','Turkish Airlines','Ryanair','easyJet','Vueling','Norwegian','Air Europa','Finnair','SAS','American Airlines','Delta Air Lines','United Airlines','Emirates','Qatar Airways','Copa Airlines','Aeromexico','Air Canada'];\n\n// Campo de data com digita├º├úo livre no formato DD/MM/AAAA\nfunction DateInput({ value, onChange, className, placeholder }: {\n  value: string;       // recebe e emite no formato YYYY-MM-DD\n  onChange: (iso: string) => void;\n  className?: string;\n  placeholder?: string;\n}) {\n  const toDisplay = (iso: string) => {\n    if (!iso) return '';\n    const [y, m, d] = iso.split('-');\n    if (!d || !m || !y) return '';\n    return `${d}/${m}/${y}`;\n  };\n\n  const [display, setDisplay] = React.useState(() => toDisplay(value));\n\n  React.useEffect(() => {\n    setDisplay(toDisplay(value));\n  }, [value]);\n\n  const handleChange = (e: React.ChangeEvent<HTMLInputElement>) => {\n    const val = e.target.value;\n    // Se o usu├írio est├í apagando (backspace), limpamos apenas o estado de exibi├º├úo sem formatar\n    // para n├úo travar o cursor se ele apagar uma barra\n    let digits = val.replace(/\\D/g, '').slice(0, 8);\n    \n    let formatted = digits;\n    if (digits.length > 2) formatted = digits.slice(0, 2) + '/' + digits.slice(2);\n    if (digits.length > 4) formatted = formatted.slice(0, 5) + '/' + digits.slice(4);\n    \n    setDisplay(formatted);\n\n    if (digits.length >= 6) {\n      const d = digits.slice(0, 2);\n      const m = digits.slice(2, 4);\n      const y = digits.slice(4);\n      \n      // Se tivermos o ano completo (4 d├¡gitos), validamos e enviamos\n      if (y.length === 4) {\n        if (parseInt(y) >= 1900 && parseInt(y) <= 2100) {\n          onChange(`${y}-${m}-${d}`);\n        }\n      }\n    } else if (digits.length === 0) {\n      onChange('');\n    }\n  };\n\n  return (\n    <input\n      type=\"text\"\n      inputMode=\"numeric\"\n      autoComplete=\"off\"\n      spellCheck=\"false\"\n      value={display}\n      onChange={handleChange}\n      placeholder={placeholder || 'Dia/M├¬s/Ano (Ex: 29032026)'}\n      maxLength={10}\n      className={className}\n    />\n  );\n}\n\ninterface PassagemFormProps {\n  currentItem: any;\n  setCurrentItem: (v: any) => void;\n  showFlightExtra: boolean;\n  setShowFlightExtra: (fn: (v: boolean) => boolean) => void;\n  flightLookupLoading: boolean;\n  flightLookupError: string | null;\n  lookupFlight: (flight: string, date: string, isReturn: boolean, index: number) => void;\n}\n\nfunction TrechoCard({ label, isReturn, currentItem, setCurrentItem, showFlightExtra, setShowFlightExtra, flightLookupLoading, flightLookupError, lookupFlight }: PassagemFormProps & { label: string; isReturn?: boolean }) {\n  const segments = isReturn ? (currentItem.inboundSegments || []) : (currentItem.outboundSegments || []);\n  \n  const addSegment = () => {\n    const lastSeg = segments[segments.length - 1];\n    const newSeg = {\n      origin: lastSeg?.destination || '',\n      destination: '',\n      flightNumber: '',\n      departureDate: lastSeg?.arrivalDate || lastSeg?.departureDate || '',\n      departureTime: '',\n      arrivalDate: '',\n      arrivalTime: '',\n      airline: lastSeg?.airline || '',\n      duration: '',\n      flightClass: lastSeg?.flightClass || 'Econ├┤mica',\n      personalItem: lastSeg?.personalItem ?? 1,\n      carryOn: lastSeg?.carryOn ?? 1,\n      checkedBag23kg: lastSeg?.checkedBag23kg ?? 0\n    };\n    \n    setCurrentItem((prev: any) => ({\n      ...prev,\n      [isReturn ? 'inboundSegments' : 'outboundSegments']: [...segments, newSeg]\n    }));\n  };\n\n  const removeSegment = (idx: number) => {\n    if (segments.length <= 1) return;\n    const newSegs = segments.filter((_: any, i: number) => i !== idx);\n    setCurrentItem((prev: any) => ({\n      ...prev,\n      [isReturn ? 'inboundSegments' : 'outboundSegments']: newSegs\n    }));\n  };\n\n  const updateSegment = (idx: number, data: any) => {\n    const newSegs = segments.map((s: any, i: number) => i === idx ? { ...s, ...data } : s);\n    setCurrentItem((prev: any) => ({\n      ...prev,\n      [isReturn ? 'inboundSegments' : 'outboundSegments']: newSegs\n    }));\n  };\n\n  const inp = \"w-full px-3 py-1.5 bg-gray-50 dark:bg-slate-900 border border-gray-200 dark:border-slate-700 rounded-xl outline-none text-[11px] font-bold text-gray-800 dark:text-white placeholder:text-gray-300 dark:placeholder:text-slate-600 focus:border-cyan-400 transition-colors text-center\";\n  const sel = \"w-full px-3 py-1.5 bg-gray-50 dark:bg-slate-900 border border-gray-200 dark:border-slate-700 rounded-xl outline-none text-[11px] font-bold text-gray-800 dark:text-white appearance-none cursor-pointer focus:border-cyan-400 transition-colors text-center\";\n  const lbl = \"block text-[9px] font-black text-gray-400 uppercase tracking-widest mb-1 ml-0.5 text-center\";\n\n  return (\n    <div className=\"border border-gray-200 dark:border-slate-700 rounded-2xl overflow-hidden bg-white dark:bg-slate-800/50 shadow-sm transition-all duration-300\">\n      <div className=\"px-4 py-2.5 bg-gray-50 dark:bg-slate-900/60 border-b border-gray-200 dark:border-slate-700 flex justify-between items-center\">\n        <span className=\"text-[10px] font-black text-gray-500 dark:text-gray-400 uppercase tracking-widest\">{label}</span>\n        {segments.length > 1 && (\n          <span className=\"text-[9px] font-black text-cyan-500 uppercase px-2 py-0.5 bg-cyan-50 dark:bg-cyan-500/10 rounded-full border border-cyan-100 dark:border-cyan-500/20\">{segments.length} Segmentos</span>\n        )}\n      </div>\n\n      <div className=\"p-3 space-y-4\">\n        {segments.map((segment: any, idx: number) => (\n          <div key={idx} className={`relative p-3 rounded-xl border-dashed border-2 ${idx > 0 ? 'border-gray-100 dark:border-slate-700/50 mt-2 bg-gray-50/30' : 'border-transparent'}`}>\n            {idx > 0 && (\n              <div className=\"flex items-center justify-between mb-3 border-b border-gray-100 dark:border-slate-700/50 pb-2\">\n                 <span className=\"text-[10px] font-black text-purple-400 uppercase tracking-widest\">Conex├úo {idx}</span>\n                 <button onClick={() => removeSegment(idx)} className=\"p-1 hover:bg-red-50 dark:hover:bg-red-500/10 rounded text-red-300 hover:text-red-500 transition-colors\">\n                    <Trash2 className=\"w-3 h-3\" />\n                 </button>\n              </div>\n            )}\n\n      {/* Header segment lookup ÔÇö COMPACTO E CENTRALIZADO */}\n      <div className=\"flex justify-center -mt-4 mb-3 px-4 relative z-10\">\n        <div className=\"flex items-center gap-2 bg-white dark:bg-slate-800 p-1.5 rounded-xl border border-gray-200 dark:border-slate-700 shadow-lg shadow-cyan-500/5\">\n          <div className=\"space-y-0.5\">\n             <label className=\"block text-[8px] font-black text-cyan-500 uppercase tracking-tighter text-center\">Data Partida</label>\n             <DateInput\n                className=\"w-24 px-2 py-1 bg-gray-50/50 dark:bg-slate-900/50 border border-gray-100 dark:border-slate-700 rounded-lg text-[10px] font-black text-gray-700 dark:text-gray-300 outline-none focus:border-cyan-400 text-center\"\n                placeholder=\"00/00/0000\"\n                value={segment.departureDate || ''}\n                onChange={v => updateSegment(idx, { departureDate: v })}\n              />\n          </div>\n          <div className=\"space-y-0.5\">\n             <label className=\"block text-[8px] font-black text-cyan-500 uppercase tracking-tighter text-center\">N┬║ do Voo</label>\n             <input\n                placeholder=\"LA791\"\n                className=\"w-20 px-2 py-1 bg-gray-50/50 dark:bg-slate-900/50 border border-gray-100 dark:border-slate-700 rounded-lg text-[10px] font-black font-mono text-gray-700 dark:text-gray-300 outline-none focus:border-cyan-400 uppercase text-center\"\n                value={segment.flightNumber || ''}\n                onChange={e => updateSegment(idx, { flightNumber: e.target.value.toUpperCase() })}\n                onKeyDown={e => e.key === 'Enter' && lookupFlight(segment.flightNumber, segment.departureDate, !!isReturn, idx)}\n              />\n          </div>\n          <div className=\"pt-2.5\">\n             <button\n                type=\"button\"\n                onClick={() => lookupFlight(segment.flightNumber, segment.departureDate, !!isReturn, idx)}\n                disabled={flightLookupLoading}\n                className=\"w-7 h-7 flex items-center justify-center bg-cyan-600 text-white rounded-lg hover:bg-cyan-700 transition-all shadow shadow-cyan-500/10 active:scale-95 disabled:opacity-50\"\n              >\n                {flightLookupLoading ? <Loader2 className=\"w-3.5 h-3.5 animate-spin\" /> : <Search className=\"w-3.5 h-3.5\" />}\n              </button>\n          </div>\n        </div>\n      </div>\n\n            <div className=\"space-y-3\">\n              <div className=\"grid grid-cols-2 gap-3\">\n                <div className=\"space-y-1\">\n                  <label className={lbl}>Origem</label>\n                  <input className={inp} placeholder=\"ORG\" value={segment.origin || ''} onChange={e => updateSegment(idx, { origin: e.target.value.toUpperCase() })} />\n                </div>\n                <div className=\"space-y-1\">\n                  <label className={lbl}>Destino</label>\n                  <input className={inp} placeholder=\"DST\" value={segment.destination || ''} onChange={e => updateSegment(idx, { destination: e.target.value.toUpperCase() })} />\n                </div>\n              </div>\n\n              <div className=\"grid grid-cols-2 gap-3\">\n                <div className=\"space-y-1\">\n                  <label className={lbl}>­ƒôà Partida</label>\n                  <div className=\"flex gap-1.5\">\n                    <DateInput className={inp} value={segment.departureDate || ''} onChange={v => updateSegment(idx, { departureDate: v })} />\n                    <input type=\"time\" className={`${inp} w-24`} value={segment.departureTime || ''} onChange={e => updateSegment(idx, { departureTime: e.target.value })} />\n                  </div>\n                </div>\n                <div className=\"space-y-1\">\n                  <label className={lbl}>­ƒôà Chegada</label>\n                  <div className=\"flex gap-1.5\">\n                    <DateInput className={inp} value={segment.arrivalDate || ''} onChange={v => updateSegment(idx, { arrivalDate: v })} />\n                    <input type=\"time\" className={`${inp} w-24`} value={segment.arrivalTime || ''} onChange={e => updateSegment(idx, { arrivalTime: e.target.value })} />\n                  </div>\n                </div>\n              </div>\n\n              <div className=\"grid grid-cols-3 gap-2\">\n                 <div className=\"space-y-1\">\n                    <label className={lbl}>Dura├º├úo</label>\n                    <input className={inp} placeholder=\"--\" value={segment.duration || ''} onChange={e => updateSegment(idx, { duration: e.target.value })} />\n                 </div>\n                 <div className=\"space-y-1\">\n                    <label className={lbl}>Cia A├®rea</label>\n                    <select className={sel} value={segment.airline || ''} onChange={e => updateSegment(idx, { airline: e.target.value })}>\n                      <option value=\"\">Selecione</option>\n                      {AIRLINES.map(a => <option key={a}>{a}</option>)}\n                    </select>\n                 </div>\n                 <div className=\"space-y-1\">\n                    <label className={lbl}>Classe</label>\n                    <select className={sel} value={segment.flightClass || 'Econ├┤mica'} onChange={e => updateSegment(idx, { flightClass: e.target.value })}>\n                      <option>Econ├┤mica</option><option>Premium Economy</option><option>Executiva</option><option>Primeira Classe</option>\n                    </select>\n                 </div>\n              </div>\n\n              {/* Bagagens Compactas por Trecho */}\n              <div className=\"flex justify-between items-center bg-gray-50/80 dark:bg-slate-900/40 p-2 rounded-xl border border-gray-100 dark:border-slate-700/50\">\n                <span className=\"text-[9px] font-black text-gray-400 uppercase tracking-tighter\">Bagagens:</span>\n                <div className=\"flex gap-4\">\n                  {[\n                    { key: 'personalItem', label: 'Item Pes.' },\n                    { key: 'carryOn', label: 'C. M├úo' },\n                    { key: 'checkedBag23kg', label: '23kg' }\n                  ].map(bag => (\n                    <div key={bag.key} className=\"flex items-center gap-1.5\">\n                      <button type=\"button\" onClick={() => updateSegment(idx, { [bag.key]: Math.max(0, (segment[bag.key] || 0) - 1) })} className=\"w-5 h-5 rounded-md bg-white dark:bg-slate-800 border border-gray-200 dark:border-slate-700 flex items-center justify-center text-gray-400 font-black text-xs hover:bg-red-50 hover:text-red-500 transition-all\">-</button>\n                      <div className=\"flex flex-col items-center min-w-[12px]\">\n                        <span className=\"text-[10px] font-black text-gray-700 dark:text-white leading-none\">{segment[bag.key] ?? (bag.key === 'checkedBag23kg' ? 0 : 1)}</span>\n                        <span className=\"text-[7px] font-bold text-gray-400 uppercase leading-none mt-0.5\">{bag.label}</span>\n                      </div>\n                      <button type=\"button\" onClick={() => updateSegment(idx, { [bag.key]: (segment[bag.key] || 0) + 1 })} className=\"w-5 h-5 rounded-md bg-white dark:bg-slate-800 border border-gray-200 dark:border-slate-700 flex items-center justify-center text-gray-400 font-black text-xs hover:bg-cyan-50 hover:text-cyan-500 transition-all\">+</button>\n                    </div>\n                  ))}\n                </div>\n              </div>\n            </div>\n          </div>\n        ))}\n        \n        <div className=\"flex flex-col gap-3\">\n          <button \n            type=\"button\" \n            onClick={addSegment}\n            className=\"w-full py-2.5 border-2 border-dashed border-gray-200 dark:border-slate-700 hover:border-cyan-300 dark:hover:border-cyan-500 rounded-xl text-[10px] font-black text-gray-400 hover:text-cyan-500 transition-all flex items-center justify-center gap-2 bg-gray-50/50 hover:bg-cyan-50 dark:hover:bg-cyan-500/5 group\"\n          >\n            <div className=\"w-5 h-5 rounded-full bg-white dark:bg-slate-800 border-2 border-gray-200 dark:border-slate-700 group-hover:border-cyan-400 flex items-center justify-center transition-all\">\n                <Plus className=\"w-3 h-3\" />\n            </div>\n            ADICIONAR CONEX├âO\n          </button>\n        </div>\n      </div>\n    </div>\n  );\n}\n\nfunction PassagemForm({ currentItem, setCurrentItem, showFlightExtra, setShowFlightExtra, flightLookupLoading, flightLookupError, lookupFlight }: PassagemFormProps) {\n  const sharedProps = { currentItem, setCurrentItem, showFlightExtra, setShowFlightExtra, flightLookupLoading, flightLookupError, lookupFlight };\n  const toggleFlightType = (type: 'ida' | 'ida_volta') => {\n    setCurrentItem((prev: any) => ({\n      ...prev,\n      flightType: type,\n      inboundSegments: type === 'ida_volta' && prev.inboundSegments?.length === 0 \n        ? [{ origin: '', destination: '', flightNumber: '', departureDate: '', departureTime: '', arrivalDate: '', arrivalTime: '', airline: '', duration: '' }]\n        : prev.inboundSegments\n    }));\n  };\n\n  return (\n    <div className=\"space-y-3 animate-in fade-in duration-300\">\n      <div className=\"flex bg-gray-100 dark:bg-slate-900 p-0.5 rounded-lg w-fit\">\n        <button type=\"button\" onClick={() => toggleFlightType('ida')} className={`px-4 py-1 rounded-md text-[10px] font-bold transition-all ${currentItem.flightType === 'ida' ? 'bg-white dark:bg-slate-700 text-gray-700 dark:text-white shadow-sm' : 'text-gray-400 hover:text-gray-500'}`}>Ida</button>\n        <button type=\"button\" onClick={() => toggleFlightType('ida_volta')} className={`px-4 py-1 rounded-md text-[10px] font-bold transition-all ${currentItem.flightType === 'ida_volta' ? 'bg-white dark:bg-slate-700 text-gray-700 dark:text-white shadow-sm' : 'text-gray-400 hover:text-gray-500'}`}>Ida e Volta</button>\n      </div>\n      <TrechoCard label=\"Trecho 1 ÔÇö Ida\" {...sharedProps} />\n      {currentItem.flightType === 'ida_volta' && (\n        <TrechoCard label=\"Trecho 2 ÔÇö Volta\" isReturn {...sharedProps} />\n      )}\n    </div>\n  );\n}\n\nexport function LeadModal({ \n  isOpen, \n  onClose, \n  onSave, \n  editingLead,\n  suppliers\n}: LeadModalProps) {\n  const [activeItemType, setActiveItemType] = useState('passagem');\n  const [tagInput, setTagInput] = useState('');\n  const [editingItemId, setEditingItemId] = useState<string | null>(null);\n  const [linkCopied, setLinkCopied] = useState(false);\n  const [showFlightExtra, setShowFlightExtra] = useState(false);\n  const [flightLookupLoading, setFlightLookupLoading] = useState(false);\n  const [flightLookupError, setFlightLookupError] = useState<string | null>(null);\n  const [hotelLookupLoading, setHotelLookupLoading] = useState(false);\n  const [hotelLookupError, setHotelLookupError] = useState<string | null>(null);\n  const [hotelSuggestions, setHotelSuggestions] = useState<any[]>([]);\n  const [showHotelSuggestions, setShowHotelSuggestions] = useState(false);\n  const [lastSearchedName, setLastSearchedName] = useState('');\n\n  // NOVOS ESTADOS PARA QUARTOS E FACILIDADES\n  const [allPhotos, setAllPhotos] = useState<any[]>([]);\n  const [availableRooms, setAvailableRooms] = useState<any[]>([]);\n  const [hotelDescription, setHotelDescription] = useState('');\n  const [hotelFacilities, setHotelFacilities] = useState<string[]>([]);\n  const [selectedRoomId, setSelectedRoomId] = useState<number | null>(null);\n\n  const [formData, setFormData] = useState<Partial<Lead>>({\n    title: '',\n    name: '',\n    status: 'novo_contato',\n    tags: [],\n    duration: '',\n    adults: 1,\n    children: 0,\n    babies: 0,\n    luggage23kg: 0,\n    items: [],\n    value: 0,\n    notes: '',\n    usd_rate: 0,\n    eur_rate: 0,\n    gbp_rate: 0\n  });\n\n  const [currentItem, setCurrentItem] = useState<any>({\n    type: 'passagem',\n    flightType: 'ida',\n    outboundSegments: [{\n       origin: '', destination: '', flightNumber: '', departureDate: '', departureTime: '',\n       arrivalDate: '', arrivalTime: '', airline: '', duration: '',\n       flightClass: 'Econ├┤mica', personalItem: 1, carryOn: 1, checkedBag23kg: 0\n    }],\n    inboundSegments: [],\n    checkinNotif: 'Check-in 24h antes',\n    hotelName: '', hotelAddress: '',\n    checkInDate: '', checkInTime: '14:00',\n    checkOutDate: '', checkOutTime: '12:00',\n    dailyNights: '', rooms: '1',\n    roomType: 'N├úo informado', stars: 'N├úo informado', boardBasis: 'N├úo informado',\n    hotelPhotos: [],\n    value: 0, cost: 0, vendor: ''\n  });\n\n  useEffect(() => {\n    if (isOpen) {\n      if (editingLead) {\n        // Garantir retrocompatibilidade com leads antigos (migrar campos simples para arrays de segmentos)\n        const migrateSegments = (lead: any) => {\n          let outbound = lead.outboundSegments;\n          let inbound = lead.inboundSegments;\n\n          if (!outbound && lead.items) {\n            // Se estiver editando um item espec├¡fico, a l├│gica ├® diferente, mas aqui lidamos com o lead de entrada\n          }\n          return lead;\n        };\n\n        setFormData({\n          ...editingLead,\n          title: editingLead.title || '',\n          name: editingLead.name || '',\n          adults: editingLead.adults || 1,\n          children: editingLead.children || 0,\n          babies: editingLead.babies || 0,\n          luggage23kg: editingLead.luggage23kg || 0,\n          items: editingLead.items?.map((item: any) => {\n             if (item.type === 'passagem') {\n                const outbound = item.outboundSegments || [{\n                  origin: item.origin, destination: item.destination,\n                  flightNumber: item.flightNumber, departureDate: item.departureDate,\n                  departureTime: item.departureTime, arrivalDate: item.arrivalDate,\n                  arrivalTime: item.arrivalTime, airline: item.airline, duration: item.duration,\n                  flightClass: item.flightClass || 'Econ├┤mica',\n                  personalItem: item.personalItem ?? 1,\n                  carryOn: item.carryOn ?? 1,\n                  checkedBag23kg: item.checkedBag23kg ?? 0\n                }];\n                const inbound = (item.flightType === 'ida_volta') ? (item.inboundSegments || [{\n                  origin: item.destination, destination: item.origin,\n                  flightNumber: item.returnFlightNumber, departureDate: item.returnDate,\n                  departureTime: item.returnTime, arrivalDate: item.returnArrivalDate,\n                  arrivalTime: item.returnArrivalTime, airline: item.airline, duration: item.returnDuration,\n                  flightClass: item.flightClass || 'Econ├┤mica',\n                  personalItem: item.personalItem ?? 1,\n                  carryOn: item.carryOn ?? 1,\n                  checkedBag23kg: item.checkedBag23kg ?? 0\n                }]) : [];\n                return { ...item, outboundSegments: outbound, inboundSegments: inbound };\n             }\n             return item;\n          }) || [],\n          tags: editingLead.tags || [],\n          usd_rate: editingLead.usd_rate || 0,\n          eur_rate: editingLead.eur_rate || 0,\n          gbp_rate: editingLead.gbp_rate || 0\n        });\n      } else {\n        setFormData({\n          title: '',\n          name: '',\n          status: 'novo_contato',\n          tags: [],\n          duration: '',\n          adults: 1,\n          children: 0,\n          babies: 0,\n          luggage23kg: 0,\n          items: [],\n          value: 0,\n          notes: '',\n          usd_rate: 0,\n          eur_rate: 0,\n          gbp_rate: 0\n        });\n      }\n      setEditingItemId(null);\n    }\n  }, [editingLead, isOpen]);\n\n  // CAPTURA DO C├éMBIO NO MOMENTO DA GERA├ç├âO\n  useEffect(() => {\n    if (isOpen && !formData.usd_rate) {\n      const fetchRates = async () => {\n        try {\n          const res = await fetch('https://economia.awesomeapi.com.br/last/USD-BRL,EUR-BRL,GBP-BRL');\n          const data = await res.json();\n          if (data) {\n            setFormData(prev => ({\n              ...prev,\n              usd_rate: parseFloat(data.USDBRL?.bid || '0'),\n              eur_rate: parseFloat(data.EURBRL?.bid || '0'),\n              gbp_rate: parseFloat(data.GBPBRL?.bid || '0')\n            }));\n          }\n        } catch (err) {\n          console.error('Erro ao capturar c├ómbio:', err)\n        }\n      };\n      fetchRates();\n    }\n  }, [isOpen, formData.usd_rate]);\n\n  const lookupFlight = async (flightNumber: string, date: string, isReturn: boolean, segmentIndex: number) => {\n    const fn = flightNumber?.trim();\n    const dt = date?.trim();\n    if (!fn || !dt) {\n      setFlightLookupError('Preencha o n┬║ do voo e a data primeiro');\n      return;\n    }\n    setFlightLookupLoading(true);\n    setFlightLookupError(null);\n    try {\n      const res = await fetch(`/api/lookup-flight?flight=${encodeURIComponent(fn)}&date=${dt}`);\n      const data = await res.json();\n      if (!res.ok) {\n        setFlightLookupError(data.error || 'Voo n├úo encontrado');\n        return;\n      }\n      \n      const segmentKey = isReturn ? 'inboundSegments' : 'outboundSegments';\n      \n      setCurrentItem((prev: any) => {\n        const segments = [...(prev[segmentKey] || [])];\n        if (segments[segmentIndex]) {\n          segments[segmentIndex] = {\n            ...segments[segmentIndex],\n            origin: data.origin || segments[segmentIndex].origin,\n            destination: data.destination || segments[segmentIndex].destination,\n            airline: data.airline || segments[segmentIndex].airline,\n            departureDate: data.departureDate || segments[segmentIndex].departureDate,\n            departureTime: data.departureTime,\n            arrivalDate: data.arrivalDate,\n            arrivalTime: data.arrivalTime,\n            duration: data.duration,\n            flightNumber: fn\n          };\n        }\n        return { ...prev, [segmentKey]: segments };\n      });\n      \n      setShowFlightExtra(true); \n    } catch (error) {\n      setFlightLookupError('Erro ao buscar informa├º├Áes do voo');\n    } finally {\n      setFlightLookupLoading(false);\n    }\n  };\n  \n  // LOGICA DE AUTOCOMPLETE PARA HOTEIS\n  useEffect(() => {\n    const timer = setTimeout(async () => {\n      const name = currentItem.hotelName;\n      if (activeItemType === 'hospedagem' && name && name.length >= 3 && name !== lastSearchedName) {\n        setHotelLookupLoading(true);\n        try {\n          const res = await fetch(`/api/lookup-hotel?type=search&name=${encodeURIComponent(name)}`);\n          const data = await res.json();\n          if (res.ok) {\n            setHotelSuggestions(data.suggestions || []);\n            setShowHotelSuggestions(true);\n          }\n        } catch (e) {\n          console.error('Erro no autocomplete', e);\n        } finally {\n          setHotelLookupLoading(false);\n        }\n      } else if (!name || name.length < 3) {\n        setHotelSuggestions([]);\n        setShowHotelSuggestions(false);\n      }\n    }, 600);\n\n    return () => clearTimeout(timer);\n  }, [currentItem.hotelName, activeItemType]);\n\n  // ATUALIZAR QUARTOS QUANDO DATAS MUDAREM\n  useEffect(() => {\n    const hotelId = (window as any)._lastHotelId;\n    const arrival = currentItem.checkInDate;\n    const departure = currentItem.checkOutDate;\n    \n    if (activeItemType === 'hospedagem' && hotelId && arrival && departure) {\n      const updateRooms = async () => {\n        try {\n          const res = await fetch(`/api/lookup-hotel?type=rooms&hotelId=${hotelId}&arrival_date=${arrival}&departure_date=${departure}`);\n          const data = await res.json();\n          if (res.ok) {\n            setAvailableRooms(data.rooms || []);\n          }\n        } catch (e) {\n          console.error('Erro ao atualizar quartos por data', e);\n        }\n      };\n      updateRooms();\n    }\n  }, [currentItem.checkInDate, currentItem.checkOutDate]);\n\n  const selectHotelSuggestion = async (suggestion: any) => {\n    setLastSearchedName(suggestion.name);\n    setCurrentItem((prev: any) => ({\n      ...prev,\n      hotelName: suggestion.name,\n      hotelAddress: suggestion.address || prev.hotelAddress,\n      stars: suggestion.rating ? `${suggestion.rating} Ôÿà` : prev.stars,\n      hotelPhotos: [] // Limpar fotos antigas enquanto busca novas\n    }));\n    setHotelSuggestions([]);\n    setShowHotelSuggestions(false);\n    setHotelLookupLoading(true);\n    setHotelLookupError(null);\n    \n    // LIMPAR DADOS ANTERIORES PARA EVITAR LAYOUT SHIFT\n    setAvailableRooms([]);\n    setHotelDescription('');\n    setHotelFacilities([]);\n    setSelectedRoomId(null);\n\n    try {\n      // SALVAR ID PARA ATUALIZA├ç├òES DE DATA\n      const hotelId = suggestion.hotelId;\n      (window as any)._lastHotelId = hotelId; \n\n      // 1. BUSCAR FOTOS (COM ROOM_IDS)\n      const resPhotos = await fetch(`/api/lookup-hotel?type=details&hotelId=${hotelId}`);\n      const dataPhotos = await resPhotos.json();\n      if (resPhotos.ok) {\n        setAllPhotos(dataPhotos.photos || []);\n        setCurrentItem((prev: any) => ({\n          ...prev,\n          hotelPhotos: (dataPhotos.photos || []).map((p: any) => p.url)\n        }));\n      }\n\n      // 2. BUSCAR QUARTOS COM DATAS ATUAIS\n      const arrival = currentItem.checkInDate || '';\n      const departure = currentItem.checkOutDate || '';\n      const resRooms = await fetch(`/api/lookup-hotel?type=rooms&hotelId=${hotelId}${arrival ? `&arrival_date=${arrival}` : ''}${departure ? `&departure_date=${departure}` : ''}`);\n      const dataRooms = await resRooms.json();\n      if (resRooms.ok) {\n        setAvailableRooms(dataRooms.rooms || []);\n      }\n\n      // 3. BUSCAR DESCRI├ç├âO E FACILIDADES\n      const resFac = await fetch(`/api/lookup-hotel?type=facilities&hotelId=${hotelId}`);\n      const dataFac = await resFac.json();\n      if (resFac.ok) {\n        setHotelDescription(dataFac.description || '');\n        setHotelFacilities(dataFac.facilities || []);\n      }\n\n    } catch (e) {\n      setHotelLookupError('Erro ao carregar detalhes completos');\n    } finally {\n      setHotelLookupLoading(false);\n    }\n  };\n\n  // FILTRAR FOTOS POR QUARTO SELECIONADO\n  const handleRoomChange = (roomId: number, roomName: string) => {\n    setSelectedRoomId(roomId);\n    setCurrentItem((prev: any) => ({ ...prev, roomType: roomName }));\n    \n    if (!roomId) {\n      setCurrentItem((prev: any) => ({\n        ...prev,\n        hotelPhotos: allPhotos.map((p: any) => p.url)\n      }));\n      return;\n    }\n\n    const filtered = allPhotos.filter((p: any) => p.roomIds.includes(roomId));\n    if (filtered.length > 0) {\n      setCurrentItem((prev: any) => ({\n        ...prev,\n        hotelPhotos: filtered.map((f: any) => f.url)\n      }));\n    } else {\n      // Fallback: fotos gerais\n      const generals = allPhotos.filter((p: any) => !p.roomIds || p.roomIds.length === 0);\n      setCurrentItem((prev: any) => ({\n        ...prev,\n        hotelPhotos: generals.length > 0 ? generals.map((g: any) => g.url) : allPhotos.slice(0, 10).map((p: any) => p.url)\n      }));\n    }\n  };\n\n  const lookupHotel = async (name: string) => {\n    if (!name?.trim()) {\n      setHotelLookupError('Digite o nome do hotel primeiro');\n      return;\n    }\n    setHotelLookupLoading(true);\n    setHotelLookupError(null);\n    setHotelSuggestions([]);\n    setShowHotelSuggestions(false);\n    \n    try {\n      const res = await fetch(`/api/lookup-hotel?type=search&name=${encodeURIComponent(name)}`);\n      const data = await res.json();\n      \n      if (!res.ok) {\n        setHotelLookupError(data.error || 'Hotel n├úo encontrado');\n        return;\n      }\n\n      const suggestions = data.suggestions || [];\n      if (suggestions.length > 0) {\n        // Se houver sugest├Áes, pega a primeira como \"melhor match\" autom├ítica se for uma busca direta\n        selectHotelSuggestion(suggestions[0]);\n      } else {\n        setHotelLookupError('Nenhum hotel encontrado com este nome');\n      }\n    } catch (error) {\n      setHotelLookupError('Erro ao buscar hotel');\n    } finally {\n      setHotelLookupLoading(false);\n    }\n  };\n\n  const handleAddTag = () => {\n    if (tagInput.trim() && !formData.tags?.includes(tagInput.trim().toUpperCase())) {\n      setFormData({ ...formData, tags: [...(formData.tags || []), tagInput.trim().toUpperCase()] });\n      setTagInput('');\n    }\n  };\n\n  const handleAddItem = () => {\n    let itemDescription = 'Servi├ºo';\n    if (currentItem.type === 'passagem') {\n      const out = currentItem.outboundSegments || [];\n      const first = out[0]?.origin || '?';\n      const last = out[out.length - 1]?.destination || '?';\n      itemDescription = `${first} ÔåÆ ${last}`;\n    } else if (currentItem.type === 'hospedagem') {\n      itemDescription = currentItem.hotelName ? `Hotel: ${currentItem.hotelName}` : 'Hospedagem';\n    } else if (currentItem.type === 'seguro') {\n      itemDescription = 'Seguro Viagem';\n    } else if (currentItem.type === 'carro') {\n      itemDescription = 'Aluguel de Carro';\n    }\n\n    const newItem = {\n      ...currentItem,\n      id: editingItemId || Math.random().toString(36).substr(2, 9),\n      description: itemDescription,\n      // Salvar metadados extras se for hospedagem\n      ...(currentItem.type === 'hospedagem' ? {\n        hotelDescription,\n        hotelAmenities: hotelFacilities,\n        hotelId: (window as any)._lastHotelId,\n        hotelPhotos: currentItem.hotelPhotos // J├í est├í no currentItem\n      } : {})\n    };\n\n    const newItems = [...(formData.items || []).filter((i:any) => i.id !== newItem.id), newItem];\n    \n    setFormData({\n      ...formData,\n      items: newItems,\n      value: newItems.reduce((sum, i) => sum + (i.value || 0), 0)\n    });\n\n    setEditingItemId(null);\n    setShowFlightExtra(false);\n    setCurrentItem({\n      type: currentItem.type,\n      flightType: 'ida',\n      outboundSegments: [{\n         origin: '', destination: '', flightNumber: '', departureDate: '', departureTime: '',\n         arrivalDate: '', arrivalTime: '', airline: '', duration: '',\n         flightClass: 'Econ├┤mica', personalItem: 1, carryOn: 1, checkedBag23kg: 0\n      }],\n      inboundSegments: [],\n      checkinNotif: 'Check-in 24h antes',\n      personalItem: 1, carryOn: 1, checkedBag23kg: 0,\n      hotelName: '', hotelAddress: '',\n      checkInDate: '', checkInTime: '14:00',\n      checkOutDate: '', checkOutTime: '12:00',\n      dailyNights: '', rooms: '1',\n      roomType: 'N├úo informado', stars: 'N├úo informado', boardBasis: 'N├úo informado',\n      hotelPhotos: [],\n      value: 0, cost: 0, vendor: ''\n    });\n\n    // Limpar estados auxiliares de hotel\n    setHotelDescription('');\n    setHotelFacilities([]);\n    setAllPhotos([]);\n    setAvailableRooms([]);\n    setSelectedRoomId(null);\n    (window as any)._lastHotelId = null;\n  };\n\n  const handleEditItem = (itemToEdit: any) => {\n    setEditingItemId(itemToEdit.id);\n    setCurrentItem(itemToEdit);\n    setActiveItemType(itemToEdit.type || 'passagem');\n  };\n\n  const updateCounter = (type: string, operation: 'add' | 'sub') => {\n    setFormData((prev: any) => ({\n      ...prev,\n      [type]: operation === 'add' ? (prev[type] || 0) + 1 : Math.max(0, (prev[type] || 0) - 1)\n    }));\n  };\n\n  const estimatedCost = formData.items?.reduce((sum, i) => sum + (i.cost || 0), 0) || 0;\n  const profit = (formData.value || 0) - estimatedCost;\n\n  if (!isOpen) return null;\n\n  return (\n    <div className=\"fixed inset-0 z-[100] flex items-center justify-center p-4 bg-black/40 backdrop-blur-sm\">\n      <motion.div \n        initial={{ scale: 0.98, opacity: 0 }} \n        animate={{ scale: 1, opacity: 1 }} \n        className=\"bg-white dark:bg-[#1e293b] w-full max-w-4xl rounded-[24px] overflow-hidden flex flex-col max-h-[95vh] shadow-2xl border border-gray-100 dark:border-slate-700/50 relative\"\n      >\n        \n        {/* Header Ultra Clean */}\n        <div className=\"p-4 px-6 bg-white dark:bg-[#1e293b] border-b border-gray-100 dark:border-slate-700/50 flex justify-between items-center shrink-0\">\n          <div className=\"flex items-center gap-3\">\n             <div className=\"w-8 h-8 rounded-lg bg-cyan-50 dark:bg-cyan-500/10 flex items-center justify-center\">\n                <Layout className=\"w-4 h-4 text-cyan-500\" />\n             </div>\n             <div>\n                <h2 className=\"text-sm font-black text-gray-900 dark:text-white uppercase tracking-tighter leading-none\">Novo Or├ºamento</h2>\n                <p className=\"text-[9px] text-gray-400 dark:text-gray-500 font-bold uppercase tracking-widest mt-1\">Gest├úo Interna Easy Fly</p>\n             </div>\n          </div>\n          <button onClick={onClose} className=\"p-1.5 hover:bg-gray-100 dark:hover:bg-slate-800 rounded-lg transition-all\">\n            <X className=\"w-5 h-5 text-gray-300\" />\n          </button>\n        </div>\n\n        <div className=\"flex-1 overflow-y-auto p-5 md:p-6 flex flex-col md:flex-row gap-6 bg-[#f8fafc]/50 dark:bg-slate-900/50 custom-scrollbar\">\n          {/* COLUNA ESQUERDA (FORMUL├üRIO) */}\n          <div className=\"flex-1 space-y-4\">\n            \n            {/* Bloco Superior (Dados Gerais) */}\n            <div className=\"bg-white dark:bg-slate-800 p-5 rounded-2xl border border-gray-100 dark:border-slate-700/50 shadow-sm space-y-4\">\n              \n              {/* T├¡tulo e Telefone do Cliente */}\n              <div className=\"grid grid-cols-3 gap-3\">\n                <div className=\"col-span-2 space-y-1\">\n                  <label className=\"text-[9px] font-black text-gray-400 uppercase tracking-widest ml-1\">T├¡tulo do Or├ºamento</label>\n                  <div className=\"relative\">\n                    <FileText className=\"absolute left-3 top-1/2 -translate-y-1/2 w-3.5 h-3.5 text-cyan-400\" />\n                    <input \n                      className=\"w-full pl-9 pr-4 py-2 bg-gray-50 dark:bg-slate-900 border border-transparent dark:border-slate-700 rounded-xl outline-none text-sm text-gray-800 dark:text-white font-bold placeholder:text-gray-400\" \n                      placeholder=\"Ex: F├®rias Sr. Jo├úo - Disney\" \n                      value={formData.title} \n                      onChange={e => setFormData({...formData, title: e.target.value})} \n                    />\n                  </div>\n                </div>\n                <div className=\"space-y-1\">\n                  <label className=\"text-[9px] font-black text-emerald-500 uppercase tracking-widest ml-1 flex items-center gap-1\">\n                    <MessageCircle className=\"w-2.5 h-2.5 fill-emerald-500/10\" /> WhatsApp\n                  </label>\n                  <div className=\"relative\">\n                    <Phone className=\"absolute left-3 top-1/2 -translate-y-1/2 w-3.5 h-3.5 text-emerald-400\" />\n                    <input \n                      className=\"w-full pl-9 pr-4 py-2 bg-gray-50 dark:bg-slate-900 border border-transparent dark:border-slate-700 rounded-xl outline-none text-sm text-gray-800 dark:text-white font-bold placeholder:text-emerald-500/20\" \n                      placeholder=\"(00) 00000-0000\" \n                      value={formData.phone || ''} \n                      onChange={e => setFormData({...formData, phone: e.target.value})} \n                    />\n                  </div>\n                </div>\n              </div>\n\n              <div className=\"grid grid-cols-2 gap-3\">\n                <div className=\"space-y-1\">\n                  <label className=\"text-[9px] font-black text-gray-400 uppercase tracking-widest ml-1\">Cliente</label>\n                  <div className=\"relative\">\n                    <User className=\"absolute left-3 top-1/2 -translate-y-1/2 w-3.5 h-3.5 text-blue-400\" />\n                    <input \n                      className=\"w-full pl-9 pr-4 py-2 bg-gray-50 dark:bg-slate-900 border border-transparent dark:border-slate-700 rounded-xl outline-none text-xs text-gray-800 dark:text-white font-bold placeholder:text-gray-400\" \n                      placeholder=\"Nome do cliente...\" \n                      value={formData.name} \n                      onChange={e => setFormData({...formData, name: e.target.value})} \n                    />\n                  </div>\n                </div>\n\n                <div className=\"space-y-1\">\n                  <label className=\"text-[9px] font-black text-gray-400 uppercase tracking-widest ml-1\">Etapa</label>\n                  <div className=\"relative\">\n                    <Target className=\"absolute left-3 top-1/2 -translate-y-1/2 w-3.5 h-3.5 text-purple-400\" />\n                    <select\n                      value={formData.status}\n                      onChange={(e) => setFormData({ ...formData, status: e.target.value as CRMStatus })}\n                      className=\"w-full pl-9 pr-4 py-2 bg-gray-50 dark:bg-slate-900 border border-transparent dark:border-slate-700 rounded-xl text-xs font-bold text-gray-800 dark:text-white appearance-none outline-none focus:ring-1 focus:ring-cyan-500/20\"\n                    >\n                      {STATUS_OPTIONS.map(opt => <option key={opt.value} value={opt.value}>{opt.label}</option>)}\n                    </select>\n                  </div>\n                </div>\n              </div>\n\n              <div className=\"grid grid-cols-4 gap-3 border-t border-gray-50 dark:border-slate-700 pt-3\">\n                <div className=\"col-span-3 space-y-1\">\n                    <label className=\"text-[9px] font-black text-gray-400 uppercase flex items-center gap-1.5 ml-1\"><TagIcon className=\"w-2.5 h-2.5\" /> Tags</label>\n                    <div className=\"flex gap-2\">\n                      <input \n                        className=\"flex-1 px-3 py-1.5 bg-gray-50 dark:bg-slate-900 border border-transparent dark:border-slate-700 rounded-xl text-xs outline-none text-gray-800 dark:text-white font-bold\" \n                        placeholder=\"Tag...\" \n                        value={tagInput} \n                        onChange={e => setTagInput(e.target.value)} \n                        onKeyDown={e => e.key === 'Enter' && handleAddTag()}\n                      />\n                      <button onClick={handleAddTag} className=\"px-3 py-1.5 bg-gray-100 dark:bg-slate-900 text-gray-600 dark:text-gray-400 rounded-lg font-black text-[9px] hover:bg-gray-200 dark:hover:bg-slate-700 transition-all border border-transparent dark:border-slate-700/50 uppercase tracking-widest\">Add</button>\n                    </div>\n                </div>\n                <div className=\"space-y-1\">\n                    <label className=\"text-[9px] font-black text-gray-400 uppercase flex items-center gap-1.5 ml-1\"><Clock className=\"w-2.5 h-2.5\" /> Dias</label>\n                    <input \n                      className=\"w-full px-3 py-1.5 bg-gray-50 dark:bg-slate-900 border border-transparent dark:border-slate-700 rounded-xl text-xs text-gray-800 dark:text-white font-bold outline-none\" \n                      placeholder=\"Ex: 5\" \n                      value={formData.duration} \n                      onChange={e => setFormData({...formData, duration: e.target.value})} \n                    />\n                </div>\n              </div>\n              \n              {formData.tags && formData.tags.length > 0 && (\n                <div className=\"flex flex-wrap gap-1.5 pt-0.5\">\n                  <AnimatePresence>\n                    {formData.tags.map((tag: any) => (\n                      <motion.span \n                        initial={{ scale: 0.8, opacity: 0 }} animate={{ scale: 1, opacity: 1 }} exit={{ scale: 0.8, opacity: 0 }} \n                        key={tag} \n                        className=\"px-2 py-0.5 bg-cyan-50 dark:bg-cyan-500/10 text-cyan-600 dark:text-cyan-400 rounded text-[9px] font-black border border-cyan-100 dark:border-cyan-500/20 uppercase tracking-tight flex items-center gap-1.5\"\n                      >\n                        {tag} \n                        <button onClick={() => setFormData({...formData, tags: formData.tags?.filter((t:any)=>t!==tag)})} className=\"opacity-60 hover:opacity-100 transition-opacity\">\n                          <X className=\"w-2.5 h-2.5\" />\n                        </button>\n                      </motion.span>\n                    ))}\n                  </AnimatePresence>\n                </div>\n              )}\n\n              {/* Contadores Globais Compactos */}\n              <div className=\"flex gap-4 overflow-x-auto pt-3 border-t border-gray-50 dark:border-slate-700 scrollbar-hide shrink-0\">\n                {[\n                  { label: 'Adultos', key: 'adults', ic: <User className=\"w-3 h-3\" /> },\n                  { label: 'Crian├ºas', key: 'children', ic: <Users className=\"w-3 h-3\" /> },\n                  { label: 'Beb├¬s', key: 'babies', ic: <Baby className=\"w-3 h-3\" /> },\n                  { label: 'Mala 23kg', key: 'luggage23kg', ic: <Luggage className=\"w-3 h-3\" /> }\n                ].map(p => (\n                  <div key={p.key} className=\"space-y-1 flex-shrink-0\">\n                    <span className=\"text-[8px] font-bold text-gray-400 flex items-center gap-1 uppercase tracking-tighter\">{p.ic} {p.label}</span>\n                    <div className=\"flex items-center gap-1.5\">\n                      <button onClick={() => updateCounter(p.key, 'sub')} className=\"w-6 h-6 bg-white dark:bg-slate-900 border border-gray-200 dark:border-slate-700 rounded-md flex items-center justify-center font-bold text-gray-600 dark:text-gray-300 hover:bg-gray-50 transition-all shadow-sm active:scale-90\">-</button>\n                      <span className=\"font-black text-[11px] w-3 text-center text-gray-800 dark:text-white\">{(formData as any)[p.key] || 0}</span>\n                      <button onClick={() => updateCounter(p.key, 'add')} className=\"w-6 h-6 bg-white dark:bg-slate-900 border border-gray-200 dark:border-slate-700 rounded-md flex items-center justify-center font-bold text-gray-600 dark:text-gray-300 hover:bg-gray-50 transition-all shadow-sm active:scale-90\">+</button>\n                    </div>\n                  </div>\n                ))}\n              </div>\n            </div>\n\n            {/* Seletor de Abas Pequeno */}\n            <div className=\"flex gap-1.5\">\n              {[\n                { id: 'passagem', label: 'PASSAGEM' },\n                { id: 'hospedagem', label: 'HOSPEDAGEM' },\n                { id: 'seguro', label: 'SEGURO' },\n                { id: 'carro', label: 'CARRO' }\n              ].map(tab => (\n                <button \n                  key={tab.id} \n                  onClick={() => {\n                    setActiveItemType(tab.id);\n                    setCurrentItem((prev: any) => ({ ...prev, type: tab.id }));\n                  }}\n                  className={`px-4 py-1.5 rounded-full text-[9px] font-black tracking-widest transition-all border ${\n                    activeItemType === tab.id \n                    ? 'bg-cyan-500 text-white border-cyan-500 shadow-sm' \n                    : 'bg-white dark:bg-slate-800 text-gray-400 dark:text-gray-500 border-gray-100 dark:border-slate-700 hover:bg-gray-50 dark:hover:bg-slate-750'\n                  }`}\n                >\n                  {tab.label}\n                </button>\n              ))}\n            </div>\n\n            {/* FORMUL├üRIO DE ITEM REDEFINIDO */}\n            <div className=\"bg-white dark:bg-slate-800 p-5 rounded-2xl border border-gray-100 dark:border-slate-700/50 shadow-sm space-y-4\">\n              \n              {activeItemType === 'passagem' && (\n                <PassagemForm\n                  currentItem={currentItem}\n                  setCurrentItem={setCurrentItem}\n                  showFlightExtra={showFlightExtra}\n                  setShowFlightExtra={setShowFlightExtra}\n                  flightLookupLoading={flightLookupLoading}\n                  flightLookupError={flightLookupError}\n                  lookupFlight={lookupFlight}\n                />\n              )}\n\n              {/* FORMUL├üRIO HOSPEDAGEM INTELIGENTE */}\n              {activeItemType === 'hospedagem' && (\n                <div className=\"space-y-4 animate-in fade-in duration-300\">\n                    <div className=\"space-y-6\">\n                      <div className=\"space-y-1 relative\">\n                        <label className=\"text-[9px] font-black text-gray-400 uppercase ml-1 tracking-tight opacity-70\">Nome do Hotel</label>\n                      <div className=\"relative\">\n                        <Hotel className=\"absolute left-3 top-1/2 -translate-y-1/2 w-4 h-4 text-cyan-400 z-10\" />\n                        <input \n                          placeholder=\"Ex: Hilton Paris...\" \n                          className=\"w-full pl-9 pr-10 py-2.5 bg-white dark:bg-slate-900 border border-gray-100 dark:border-slate-700/50 rounded-xl outline-none text-xs font-bold text-gray-800 dark:text-white focus:border-cyan-400 focus:ring-4 focus:ring-cyan-500/5 transition-all shadow-sm\" \n                          value={currentItem.hotelName} \n                          onFocus={() => hotelSuggestions.length > 0 && setShowHotelSuggestions(true)}\n                          onChange={e => setCurrentItem({...currentItem, hotelName: e.target.value})}\n                          onKeyDown={e => e.key === 'Enter' && lookupHotel(currentItem.hotelName)}\n                        />\n                        <button \n                          type=\"button\"\n                          onClick={() => lookupHotel(currentItem.hotelName)}\n                          disabled={hotelLookupLoading}\n                          className=\"absolute right-2 top-1/2 -translate-y-1/2 w-7 h-7 flex items-center justify-center bg-cyan-600 text-white rounded-lg hover:bg-cyan-700 disabled:opacity-50 transition-all shadow-md active:scale-95\"\n                        >\n                          {hotelLookupLoading ? <Loader2 className=\"w-3.5 h-3.5 animate-spin\" /> : <Search className=\"w-3.5 h-3.5\" />}\n                        </button>\n                      </div>\n\n                      {/* DROPDOWN DE AUTOCOMPLETE */}\n                      <AnimatePresence>\n                        {showHotelSuggestions && hotelSuggestions.length > 0 && (\n                          <motion.div \n                            initial={{ opacity: 0, y: -10 }}\n                            animate={{ opacity: 1, y: 0 }}\n                            exit={{ opacity: 0, y: -10 }}\n                            className=\"absolute z-[110] left-0 right-0 mt-1 bg-white dark:bg-slate-800 border border-gray-100 dark:border-slate-700 rounded-2xl shadow-2xl overflow-hidden max-h-[240px] overflow-y-auto custom-scrollbar\"\n                          >\n                            {hotelSuggestions.map((s, i) => (\n                              <button\n                                key={i}\n                                type=\"button\"\n                                onClick={() => selectHotelSuggestion(s)}\n                                className=\"w-full p-4 flex items-start gap-3 hover:bg-gray-50 dark:hover:bg-slate-700/50 transition-all border-b border-gray-100 dark:border-slate-700 last:border-0 text-left group\"\n                              >\n                                <div className=\"w-10 h-10 rounded-xl bg-gray-50 dark:bg-slate-700 flex items-center justify-center group-hover:bg-white dark:group-hover:bg-slate-600 transition-colors shadow-sm\">\n                                  <Hotel className=\"w-4 h-4 text-cyan-500\" />\n                                </div>\n                                <div className=\"flex-1 overflow-hidden\">\n                                  <p className=\"text-xs font-black text-gray-900 dark:text-white truncate uppercase tracking-tighter mb-0.5\">{s.name}</p>\n                                  <p className=\"text-[10px] text-gray-400 dark:text-gray-500 truncate font-medium mb-1.5\">{s.address}</p>\n                                  \n                                  {/* ESTRELAS E RATING (ESTILO ELITE) */}\n                                  <div className=\"flex items-center gap-1.5\">\n                                    <div className=\"flex items-center\">\n                                      {[1, 2, 3, 4, 5].map((star) => (\n                                        <Star \n                                          key={star} \n                                          className={`w-2.5 h-2.5 ${star <= Math.round(s.rating || 4) ? 'fill-amber-400 text-amber-400' : 'text-gray-200 fill-gray-200'}`} \n                                        />\n                                      ))}\n                                    </div>\n                                    <span className=\"text-[9px] font-black text-amber-500\">({s.rating || '4.5'})</span>\n                                  </div>\n                                </div>\n                              </button>\n                            ))}\n                          </motion.div>\n                        )}\n                      </AnimatePresence>\n\n                      {hotelLookupError && <p className=\"text-[8px] font-bold text-red-400 ml-1 mt-0.5\">{hotelLookupError}</p>}\n                    </div>\n\n                    <div className=\"flex flex-col md:flex-row gap-5 items-start\">\n                      {/* COLUNA ESQUERDA: M├ìDIA E LOCALIZA├ç├âO (40%) */}\n                      <div className=\"w-full md:w-[35%] space-y-4\">\n                        {currentItem.hotelPhotos && currentItem.hotelPhotos.length > 0 ? (\n                          <div className=\"bg-gray-50/50 dark:bg-slate-900/40 p-2 rounded-2xl border border-gray-100 dark:border-slate-700/50\">\n                            <div className=\"grid grid-cols-2 gap-1.5 h-48 content-start overflow-hidden rounded-xl\">\n                              {currentItem.hotelPhotos.slice(0, 4).map((photo: string, idx: number) => (\n                                <div key={idx} className={`rounded-lg overflow-hidden border border-white dark:border-slate-700 shadow-sm relative group ${idx === 0 ? 'col-span-2 h-28' : 'h-18'}`}>\n                                  <img src={photo} alt={`Hotel ${idx}`} className=\"w-full h-full object-cover transition-all duration-300 group-hover:scale-110\" />\n                                </div>\n                              ))}\n                            </div>\n                            {currentItem.hotelPhotos.length > 4 && (\n                              <p className=\"text-[7px] text-gray-400 font-bold mt-1.5 text-center uppercase tracking-widest opacity-60\">\n                                + {currentItem.hotelPhotos.length - 4} fotos\n                              </p>\n                            )}\n                          </div>\n                        ) : (\n                          <div className=\"aspect-square rounded-2xl bg-gray-50 dark:bg-slate-900/60 border-2 border-dashed border-gray-100 dark:border-slate-700/50 flex flex-col items-center justify-center gap-2 opacity-40\">\n                             <Hotel className=\"w-6 h-6\" />\n                             <span className=\"text-[8px] font-black uppercase\">Sem Imagens</span>\n                          </div>\n                        )}\n\n                        <div className=\"space-y-1.5 px-1\">\n                          <label className=\"text-[8px] font-black text-gray-400 uppercase tracking-tighter opacity-70\">Localiza├º├úo</label>\n                          <div className=\"flex items-start gap-1.5 bg-gray-50/30 dark:bg-slate-900/30 p-2 rounded-xl border border-gray-100 dark:border-slate-700/30\">\n                            <MapPin className=\"w-3 h-3 text-cyan-400 shrink-0 mt-0.5\" />\n                            <p className=\"text-[9px] text-gray-600 dark:text-gray-400 font-bold leading-tight break-words\">\n                              {currentItem.hotelAddress || 'Endere├ºo n├úo informado'}\n                            </p>\n                          </div>\n                        </div>\n                      </div>\n\n                      {/* COLUNA DIREITA: DADOS E DESCRI├ç├âO (60%) */}\n                      <div className=\"flex-1 space-y-4\">\n                        <div className=\"grid grid-cols-5 gap-3\">\n                          <div className=\"space-y-1 col-span-2\">\n                            <label className=\"text-[8px] font-black text-gray-400 uppercase tracking-tight opacity-70\">Quarto</label>\n                            <select \n                              className=\"w-full px-2 py-1.5 bg-white dark:bg-slate-900 border border-gray-100 dark:border-slate-700/50 rounded-xl outline-none text-[10px] font-bold text-gray-800 dark:text-white\"\n                              value={selectedRoomId || ''}\n                              disabled={hotelLookupLoading}\n                              onChange={e => {\n                                const val = e.target.value;\n                                const room = availableRooms.find(r => r.id === Number(val));\n                                handleRoomChange(Number(val), room?.name || 'N├úo informado');\n                              }}\n                            >\n                              <option value=\"\">{hotelLookupLoading ? 'Buscando...' : 'Geral / Ver Todos'}</option>\n                              {!hotelLookupLoading && availableRooms.map(r => (\n                                <option key={r.id} value={r.id}>{r.name}</option>\n                              ))}\n                            </select>\n                          </div>\n                          <div className=\"space-y-1 col-span-2\">\n                            <label className=\"text-[8px] font-black text-gray-400 uppercase tracking-tight opacity-70\">Alimenta├º├úo</label>\n                            <select \n                              className=\"w-full px-2 py-1.5 bg-white dark:bg-slate-900 border border-gray-100 dark:border-slate-700/50 rounded-xl outline-none text-[10px] font-bold text-gray-800 dark:text-white\"\n                              value={currentItem.boardBasis || 'N├úo informado'}\n                              onChange={e => setCurrentItem({...currentItem, boardBasis: e.target.value})}\n                            >\n                              <option value=\"N├úo informado\">Escolha...</option>\n                              <option value=\"Inclui Caf├® da Manh├ú\">C. Manh├ú</option>\n                              <option value=\"Sem Caf├® da Manh├ú\">Sem Caf├®</option>\n                              <option value=\"Meia Pens├úo\">M. Pens├úo</option>\n                              <option value=\"Pens├úo Completa\">Pens├úo C.</option>\n                              <option value=\"All Inclusive\">All Inclusive</option>\n                            </select>\n                          </div>\n                          <div className=\"space-y-1 col-span-1\">\n                            <label className=\"text-[8px] font-black text-amber-500 uppercase tracking-tight opacity-70 text-center\">Stars</label>\n                            <div className=\"w-full px-1 py-1.5 bg-gray-50 dark:bg-slate-900 border border-gray-100 dark:border-slate-700/50 rounded-xl flex items-center justify-center gap-1\">\n                               <span className=\"text-[10px] font-black text-amber-600 dark:text-amber-400\">{currentItem.stars?.split(' ')[0]}</span>\n                               <Star className=\"w-2.5 h-2.5 fill-amber-400 text-amber-400\" />\n                            </div>\n                          </div>\n                        </div>\n\n                        {(hotelLookupLoading || hotelDescription) && (\n                          <div className=\"space-y-1.5\">\n                            <label className=\"text-[8px] font-black text-gray-400 uppercase tracking-tight opacity-70\">Resumo da Propriedade</label>\n                            <div className=\"p-3 bg-gray-50/50 dark:bg-slate-900/40 rounded-xl border border-gray-100 dark:border-slate-700/30\">\n                              <p className=\"text-[9px] text-gray-500 dark:text-gray-400 leading-relaxed italic line-clamp-4\">\n                                {hotelDescription}\n                              </p>\n                            </div>\n                          </div>\n                        )}\n\n                        {(hotelLookupLoading || hotelFacilities.length > 0) && (\n                          <div className=\"space-y-1.5\">\n                            <label className=\"text-[8px] font-black text-emerald-500 uppercase tracking-tight opacity-70 flex items-center gap-1\">\n                              <CheckCircle className=\"w-2.5 h-2.5\" /> Comodidades\n                            </label>\n                            <div className=\"grid grid-cols-2 sm:grid-cols-3 gap-x-2 gap-y-0.5\">\n                              {hotelFacilities.map((f, i) => (\n                                <div key={i} className=\"flex items-center gap-1 group\">\n                                  <div className=\"w-1 h-1 rounded-full bg-emerald-400 opacity-60 shrink-0\" />\n                                  <span className=\"text-[8px] text-gray-500 dark:text-gray-400 font-bold truncate tracking-tighter\">{f}</span>\n                                </div>\n                              ))}\n                            </div>\n                          </div>\n                        )}\n                      </div>\n                    </div>\n\n                    {/* RODAP├ë DA SE├ç├âO: DATAS COMPACTAS */}\n                    <div className=\"grid grid-cols-2 gap-4 pt-3 border-t border-gray-50 dark:border-slate-700/50\">\n                      <div className=\"flex items-center gap-2\">\n                        <label className=\"text-[8px] font-black text-gray-400 uppercase tracking-tighter opacity-70 shrink-0\">Check-In</label>\n                        <DateInput className=\"flex-1 px-3 py-1.5 bg-gray-50/50 dark:bg-slate-900/50 border border-transparent dark:border-slate-700 rounded-xl text-[10px] font-bold text-gray-800 dark:text-white\" value={currentItem.checkInDate} onChange={v => setCurrentItem({...currentItem, checkInDate: v})} />\n                      </div>\n                      <div className=\"flex items-center gap-2\">\n                        <label className=\"text-[8px] font-black text-gray-400 uppercase tracking-tighter opacity-70 shrink-0\">Check-Out</label>\n                        <DateInput className=\"flex-1 px-3 py-1.5 bg-gray-50/50 dark:bg-slate-900/50 border border-transparent dark:border-slate-700 rounded-xl text-[10px] font-bold text-gray-800 dark:text-white\" value={currentItem.checkOutDate} onChange={v => setCurrentItem({...currentItem, checkOutDate: v})} />\n                      </div>\n                    </div>\n                  </div>\n                </div>\n              )}\n\n              {/* Campos Financeiros Gerais do Item */}\n              <div className=\"grid grid-cols-2 gap-4 border-t border-gray-50 dark:border-slate-700 pt-4\">\n                <div className=\"space-y-1\">\n                  <label className=\"text-[9px] font-black text-cyan-500 uppercase ml-1 tracking-tight\">Venda</label>\n                  <NumericFormat \n                    className=\"w-full px-3 py-1.5 bg-gray-50 dark:bg-slate-900 border border-transparent dark:border-slate-700 rounded-xl text-xs font-black text-cyan-600 outline-none\" \n                    placeholder=\"R$ 0,00\" prefix=\"R$ \" thousandSeparator=\".\" decimalSeparator=\",\" decimalScale={2} fixedDecimalScale={true} \n                    value={currentItem.value} onValueChange={v => setCurrentItem({...currentItem, value: v.floatValue || 0})}\n                  />\n                </div>\n                <div className=\"space-y-1\">\n                  <label className=\"text-[9px] font-black text-red-400 uppercase ml-1 tracking-tight\">Custo Estimado por Pessoa</label>\n                  <NumericFormat \n                    className=\"w-full px-3 py-1.5 bg-gray-50 dark:bg-slate-900 border border-transparent dark:border-slate-700 rounded-xl text-xs font-black text-red-500 outline-none\" \n                    placeholder=\"R$ 0,00\" prefix=\"R$ \" thousandSeparator=\".\" decimalSeparator=\",\" decimalScale={2} fixedDecimalScale={true} \n                    value={currentItem.cost} onValueChange={v => setCurrentItem({...currentItem, cost: v.floatValue || 0})}\n                  />\n                </div>\n              </div>\n\n              <div className=\"flex justify-end pt-1\">\n                <button \n                  onClick={handleAddItem}\n                  className=\"px-6 py-2 bg-[#0f172a] dark:bg-slate-700 text-white rounded-lg font-black text-[9px] uppercase tracking-widest hover:bg-black dark:hover:bg-slate-600 transition-all shadow-md active:scale-95\"\n                >\n                  {editingItemId ? 'ATUALIZAR ITEM' : 'INCLUIR NO OR├çAMENTO'}\n                </button>\n              </div>\n            </div>\n          </div>\n\n          {/* COLUNA DIREITA (SIDEBAR E ITENS ADICIONADOS) */}\n          <div className=\"w-full md:w-[280px] flex flex-col gap-5 shrink-0\">\n            \n            {/* Resumo Financeiro Pequeno */}\n            <div className=\"bg-white dark:bg-slate-800 p-5 rounded-2xl border border-gray-100 dark:border-slate-700/50 shadow-sm space-y-4\">\n              <h3 className=\"font-black text-[9px] uppercase text-gray-400 tracking-widest border-b border-gray-50 dark:border-slate-700 pb-2\">Resumo Financeiro</h3>\n              <div className=\"space-y-3\">\n                <div className=\"flex justify-between items-end\">\n                  <div className=\"space-y-0.5\">\n                    <span className=\"text-[9px] font-black text-gray-400 uppercase tracking-tighter\">Venda</span>\n                    <p className=\"text-lg font-black text-gray-900 dark:text-white leading-none\">R$ {(formData.value || 0).toLocaleString('pt-BR', { minimumFractionDigits: 2 })}</p>\n                  </div>\n                </div>\n                <div className=\"flex justify-between items-end pt-0.5\">\n                  <div className=\"space-y-0.5\">\n                    <span className=\"text-[9px] font-black text-red-400/80 uppercase tracking-tighter\">Custo Total</span>\n                    <p className=\"text-sm font-bold text-red-500/90 leading-none\">R$ {estimatedCost.toLocaleString('pt-BR', { minimumFractionDigits: 2 })}</p>\n                  </div>\n                </div>\n                <div className=\"pt-3 border-t border-gray-50 dark:border-slate-700 flex justify-between items-center\">\n                  <span className=\"text-[9px] font-black text-gray-400 uppercase tracking-tighter\">Lucro</span>\n                  <p className=\"text-lg font-black text-emerald-500\">R$ {profit.toLocaleString('pt-BR', { minimumFractionDigits: 2 })}</p>\n                </div>\n              </div>\n            </div>\n            \n            {(() => {\n              const isAprovadoAndInvalid = formData.status === 'aprovado' && ((formData.value || 0) <= 0 || estimatedCost <= 0);\n              const canSave = formData.title && !isAprovadoAndInvalid;\n              return (\n                <div className=\"space-y-3\">\n                  {isAprovadoAndInvalid && (\n                    <div className=\"bg-amber-50 dark:bg-amber-500/10 border border-amber-200 dark:border-amber-500/20 p-3 rounded-xl flex items-start gap-2.5 shadow-sm animate-in zoom-in-95 duration-200\">\n                      <div className=\"w-5 h-5 rounded-full bg-amber-100 dark:bg-amber-500/20 flex items-center justify-center shrink-0 mt-0.5\">\n                        <span className=\"text-amber-500 font-black text-[10px]\">!</span>\n                      </div>\n                      <p className=\"text-[10px] font-bold text-amber-700 dark:text-amber-400 leading-tight\">\n                        Para mover para <strong className=\"text-amber-600 dark:text-amber-300\">Aprovado</strong>, ├® obrigat├│rio preencher <strong className=\"text-amber-600 dark:text-amber-300\">Venda</strong> e <strong className=\"text-amber-600 dark:text-amber-300\">Custo</strong> em Itens.\n                      </p>\n                    </div>\n                  )}\n                  <button \n                    onClick={() => onSave(formData)} \n                    disabled={!canSave}\n                    className={`w-full py-3.5 rounded-xl font-black text-[10px] uppercase tracking-widest transition-all shadow-xl shadow-cyan-500/10 active:scale-95 ${\n                      canSave ? 'bg-cyan-500 text-white hover:bg-cyan-600' : 'bg-gray-100 text-gray-400 cursor-not-allowed'\n                    }`}\n                  >\n                    {isAprovadoAndInvalid ? 'PREENCHA VENDA E CUSTO' : (editingLead ? 'SALVAR ALTERA├ç├òES' : 'CRIAR OR├çAMENTO')}\n                  </button>\n                </div>\n              );\n            })()}\n\n            {/* ITENS ADICIONADOS COMPACTOS */}\n            {formData.items && formData.items.length > 0 && (\n              <div className=\"flex flex-col gap-2.5 mt-0.5\">\n                <h3 className=\"font-black text-[9px] uppercase text-gray-400 tracking-widest px-1\">Itens ({formData.items.length})</h3>\n                <div className=\"space-y-2 max-h-[300px] overflow-y-auto pr-1 custom-scrollbar\">\n                  <AnimatePresence>\n                    {formData.items.map((item: any) => (\n                      <motion.div \n                        initial={{ opacity: 0, scale: 0.98 }} animate={{ opacity: 1, scale: 1 }} exit={{ opacity: 0, scale: 0.98 }}\n                        key={item.id} \n                        className=\"flex items-center justify-between p-3 bg-white dark:bg-slate-800 border border-gray-100 dark:border-slate-700/50 rounded-xl shadow-sm hover:border-cyan-200 dark:hover:border-cyan-500/30 transition-all group\"\n                      >\n                        <div className=\"flex items-center gap-2.5 overflow-hidden\">\n                          <div className={`w-8 h-8 rounded-lg flex items-center justify-center shrink-0 shadow-sm ${\n                            item.type === 'hospedagem' ? 'bg-purple-50 dark:bg-purple-500/10 text-purple-600 dark:text-purple-400' : \n                            'bg-cyan-50 dark:bg-cyan-500/10 text-cyan-600 dark:text-cyan-400'\n                          }`}>\n                            {item.type === 'hospedagem' ? <Hotel className=\"w-4 h-4\" /> : <Plane className=\"w-4 h-4\" />}\n                          </div>\n                          <div className=\"flex flex-col truncate pr-1\">\n                            <p className=\"font-bold text-gray-900 dark:text-white text-[11px] truncate leading-tight\">{item.description}</p>\n                            <p className=\"text-[8px] text-gray-400 dark:text-gray-500 font-black uppercase tracking-tighter truncate mt-0.5\">\n                              {item.type === 'passagem' ? (\n                                `${item.adults || (formData as any).adults}A ${item.children || (formData as any).children}C ${item.babies || (formData as any).babies}B`\n                              ) : (\n                                formatDateRange(item.checkInDate, item.checkOutDate)\n                              )}\n                            </p>\n                          </div>\n                        </div>\n                        <div className=\"flex items-center gap-2 shrink-0\">\n                          <span className=\"text-[10px] font-black text-gray-800 dark:text-white\">\n                            R$ {(item.value || 0).toLocaleString('pt-BR', { maximumFractionDigits: 0 })}\n                          </span>\n                          \n                          <div className=\"flex gap-0.5 opacity-0 group-hover:opacity-100 transition-opacity\">\n                            <button onClick={() => handleEditItem(item)} className=\"p-1 text-gray-400 hover:text-cyan-500 hover:bg-cyan-50 dark:hover:bg-cyan-500/10 rounded transition-colors\">\n                              <Pencil className=\"w-3 h-3\" />\n                            </button>\n                            <button onClick={() => setFormData({...formData, items: formData.items?.filter((i:any)=>i.id !== item.id)})} className=\"p-1 text-gray-400 hover:text-red-500 hover:bg-red-50 dark:hover:bg-red-500/10 rounded transition-colors\">\n                              <Trash2 className=\"w-3 h-3\" />\n                            </button>\n                          </div>\n                        </div>\n                      </motion.div>\n                    ))}\n                  </AnimatePresence>\n                </div>\n              </div>\n            )}\n            \n          </div>\n        </div>\n\n        {/* BOT├âO FLUTUANTE: COPIAR LINK DO OR├çAMENTO */}\n        {editingLead?.id && (\n          <div className=\"shrink-0 px-5 pb-4 pt-2 flex justify-end border-t border-gray-50 dark:border-slate-700/50 bg-white dark:bg-[#1e293b]\">\n            <button\n              type=\"button\"\n              onClick={() => {\n                const link = `${window.location.origin}/cotacao/${editingLead.id}`;\n                navigator.clipboard.writeText(link).then(() => {\n                  setLinkCopied(true);\n                  setTimeout(() => setLinkCopied(false), 3000);\n                });\n              }}\n              className={`flex items-center gap-2 px-5 py-2.5 rounded-xl font-black text-[11px] uppercase tracking-widest shadow-lg transition-all active:scale-95 ${\n                linkCopied\n                  ? 'bg-green-500 text-white shadow-green-500/20'\n                  : 'bg-[#19727d] text-white hover:bg-[#145d66] shadow-[#19727d]/20'\n              }`}\n            >\n              {linkCopied ? (\n                <>\n                  <svg className=\"w-4 h-4\" fill=\"none\" stroke=\"currentColor\" viewBox=\"0 0 24 24\">\n                    <path strokeLinecap=\"round\" strokeLinejoin=\"round\" strokeWidth={2.5} d=\"M5 13l4 4L19 7\" />\n                  </svg>\n                  Link Copiado!\n                </>\n              ) : (\n                <>\n                  <svg className=\"w-4 h-4\" fill=\"none\" stroke=\"currentColor\" viewBox=\"0 0 24 24\">\n                    <path strokeLinecap=\"round\" strokeLinejoin=\"round\" strokeWidth={2} d=\"M8 16H6a2 2 0 01-2-2V6a2 2 0 012-2h8a2 2 0 012 2v2m-6 12h8a2 2 0 002-2v-8a2 2 0 00-2-2h-8a2 2 0 00-2 2v8a2 2 0 002 2z\" />\n                  </svg>\n                  Copiar link do or├ºamento\n                </>\n              )}\n            </button>\n          </div>\n        )}\n      </motion.div>\n    </div>\n  );\n}\n","usedDeprecatedRules":[]},{"filePath":"C:\\Users\\Cleber\\Documents\\EASY FLY\\SISTEMA\\Easy Fly\\components\\LoginView.tsx","messages":[{"ruleId":"@next/next/no-img-element","severity":1,"message":"Using `<img>` could result in slower LCP and higher bandwidth. Consider using `<Image />` from `next/image` or a custom image loader to automatically optimize images. This may incur additional usage or cost from your provider. See: https://nextjs.org/docs/messages/no-img-element","line":61,"column":29,"nodeType":"JSXOpeningElement","endLine":61,"endColumn":112}],"suppressedMessages":[],"errorCount":0,"fatalErrorCount":0,"warningCount":1,"fixableErrorCount":0,"fixableWarningCount":0,"source":"'use client';\n\nimport React, { useState } from 'react';\nimport { Plane, Eye, EyeOff, Lock, User, AlertCircle, RefreshCw } from 'lucide-react';\nimport { supabase } from '@/lib/supabase';\n\ninterface LoginViewProps {\n    onLogin: (user: any) => void;\n    sessionExpiredMessage?: string;\n}\n\nexport function LoginView({ onLogin, sessionExpiredMessage }: LoginViewProps) {\n    const [showPassword, setShowPassword] = useState(false);\n    const [email, setEmail] = useState('');\n    const [password, setPassword] = useState('');\n    const [error, setError] = useState('');\n    const [isLoading, setIsLoading] = useState(false);\n\n    const handleSubmit = async (e: React.FormEvent) => {\n        e.preventDefault();\n        setError('');\n        setIsLoading(true);\n\n        try {\n            const { data, error: authError } = await supabase.auth.signInWithPassword({\n                email,\n                password,\n            });\n\n            if (authError) {\n                setError(authError.message === 'Invalid login credentials'\n                    ? 'E-mail ou senha incorretos.'\n                    : authError.message);\n                return;\n            }\n\n            if (data.user) {\n                onLogin(data.user);\n            }\n        } catch (err: any) {\n            setError('Ocorreu um erro ao tentar conectar ao servidor.');\n        } finally {\n            setIsLoading(false);\n        }\n    };\n\n    return (\n        <div className=\"min-h-screen w-full flex items-center justify-center relative overflow-hidden\">\n            {/* Imagem de Fundo com Overlay */}\n            <div\n                className=\"absolute inset-0 z-0 bg-cover bg-center bg-no-repeat transition-all duration-700\"\n                style={{ backgroundImage: 'url(\"/fundo.jpg\")' }}\n            >\n                <div className=\"absolute inset-0 bg-black/30 backdrop-blur-[2px]\" />\n            </div>\n\n            <div className=\"w-full max-w-md relative z-10 px-4\">\n                <div className=\"bg-white/40 dark:bg-[#1e293b]/60 backdrop-blur-2xl p-8 rounded-[2.5rem] shadow-2xl border border-white/30 dark:border-slate-700/50 flex flex-col gap-4\">\n                    <div className=\"text-center pt-2\">\n                        <div className=\"inline-flex items-center justify-center mb-4 transition-transform hover:scale-105 duration-300\">\n                            <img src=\"/logo2.png\" alt=\"Easy Fly Logo\" className=\"w-32 h-auto drop-shadow-xl\" />\n                        </div>\n                        <h1 className=\"text-5xl font-black text-gray-900 dark:text-white tracking-tight leading-none drop-shadow-sm\">Easy Fly</h1>\n                        <p className=\"text-[#19727d] dark:text-cyan-400 font-bold text-sm uppercase tracking-[0.4em] mt-3 opacity-90 drop-shadow-sm\">Ag├¬ncia de Viagens</p>\n                    </div>\n\n                    <div className=\"w-full h-px bg-gradient-to-r from-transparent via-gray-200 dark:via-slate-700 to-transparent\" />\n\n                    <h2 className=\"text-lg font-bold text-gray-800 dark:text-gray-200 text-center -mt-2\">Acesse sua conta</h2>\n\n                    <form onSubmit={handleSubmit} className=\"space-y-5\">\n                        {sessionExpiredMessage && !error && (\n                            <div className=\"flex items-center gap-2 bg-amber-50 dark:bg-amber-500/10 text-amber-600 dark:text-amber-400 p-3 rounded-xl text-sm font-medium animate-in fade-in zoom-in duration-200\">\n                                <AlertCircle className=\"w-4 h-4\" />\n                                {sessionExpiredMessage}\n                            </div>\n                        )}\n                        {error && (\n                            <div className=\"flex items-center gap-2 bg-red-50 dark:bg-red-500/10 text-red-600 dark:text-red-400 p-3 rounded-xl text-sm font-medium animate-in fade-in zoom-in duration-200\">\n                                <AlertCircle className=\"w-4 h-4\" />\n                                {error}\n                            </div>\n                        )}\n\n                        <div className=\"space-y-1.5\">\n                            <label className=\"text-xs font-black text-black dark:text-white uppercase ml-1\">E-mail</label>\n                            <div className=\"relative group\">\n                                <User className=\"absolute left-4 top-1/2 -translate-y-1/2 w-5 h-5 text-gray-400 group-focus-within:text-[#19727d] dark:group-focus-within:text-cyan-400 transition-colors\" />\n                                <input\n                                    type=\"email\"\n                                    required\n                                    placeholder=\"exemplo@easyfly.com\"\n                                    className=\"w-full pl-12 pr-4 py-3.5 bg-gray-50 dark:bg-slate-900/50 border border-transparent rounded-2xl focus:bg-white dark:focus:bg-slate-900 focus:border-[#19727d] dark:focus:border-cyan-500 focus:ring-4 focus:ring-[#19727d]/10 dark:focus:ring-cyan-500/10 transition-all outline-none text-sm font-medium text-gray-900 dark:text-white cursor-text\"\n                                    value={email}\n                                    onChange={(e) => setEmail(e.target.value)}\n                                    disabled={isLoading}\n                                />\n                            </div>\n                        </div>\n\n                        <div className=\"space-y-1.5\">\n                            <label className=\"text-xs font-black text-black dark:text-white uppercase ml-1\">Senha</label>\n                            <div className=\"relative group\">\n                                <Lock className=\"absolute left-4 top-1/2 -translate-y-1/2 w-5 h-5 text-gray-400 group-focus-within:text-[#19727d] dark:group-focus-within:text-cyan-400 transition-colors\" />\n                                <input\n                                    type={showPassword ? 'text' : 'password'}\n                                    required\n                                    placeholder=\"ÔÇóÔÇóÔÇóÔÇóÔÇóÔÇóÔÇóÔÇó\"\n                                    className=\"w-full pl-12 pr-12 py-3.5 bg-gray-50 dark:bg-slate-900/50 border border-transparent rounded-2xl focus:bg-white dark:focus:bg-slate-900 focus:border-[#19727d] dark:focus:border-cyan-500 focus:ring-4 focus:ring-[#19727d]/10 dark:focus:ring-cyan-500/10 transition-all outline-none text-sm font-medium text-gray-900 dark:text-white cursor-text\"\n                                    value={password}\n                                    onChange={(e) => setPassword(e.target.value)}\n                                    disabled={isLoading}\n                                />\n                                <button\n                                    type=\"button\"\n                                    onClick={() => setShowPassword(!showPassword)}\n                                    className=\"absolute right-4 top-1/2 -translate-y-1/2 p-1 text-gray-400 hover:text-[#19727d] dark:hover:text-cyan-400 transition-colors cursor-pointer\"\n                                >\n                                    {showPassword ? <EyeOff className=\"w-5 h-5\" /> : <Eye className=\"w-5 h-5\" />}\n                                </button>\n                            </div>\n                        </div>\n\n                        <button\n                            type=\"submit\"\n                            disabled={isLoading}\n                            className=\"w-full bg-[#19727d] dark:bg-cyan-600 hover:bg-[#145d66] dark:hover:bg-cyan-700 disabled:opacity-70 text-white font-bold py-4 rounded-2xl shadow-lg shadow-cyan-900/10 dark:shadow-cyan-900/20 transition-all active:scale-[0.98] mt-4 flex items-center justify-center gap-2 cursor-pointer\"\n                        >\n                            {isLoading ? (\n                                <>\n                                    <RefreshCw className=\"w-5 h-5 animate-spin\" />\n                                    <span>Entrando...</span>\n                                </>\n                            ) : (\n                                \"Entrar no Sistema\"\n                            )}\n                        </button>\n                    </form>\n                </div>\n\n                <p className=\"text-center text-white/80 text-[10px] mt-8 uppercase font-bold tracking-[0.2em] drop-shadow-md\">\n                    ┬® 2026 Easy Fly Dashboard ÔÇó Todos os direitos reservados\n                </p>\n            </div>\n        </div>\n    );\n}","usedDeprecatedRules":[]},{"filePath":"C:\\Users\\Cleber\\Documents\\EASY FLY\\SISTEMA\\Easy Fly\\components\\Modals.tsx","messages":[],"suppressedMessages":[],"errorCount":0,"fatalErrorCount":0,"warningCount":0,"fixableErrorCount":0,"fixableWarningCount":0,"usedDeprecatedRules":[]},{"filePath":"C:\\Users\\Cleber\\Documents\\EASY FLY\\SISTEMA\\Easy Fly\\components\\MyProfileModal.tsx","messages":[{"ruleId":"react-hooks/exhaustive-deps","severity":1,"message":"React Hook useEffect has a missing dependency: 'loadProfile'. Either include it or remove the dependency array.","line":30,"column":8,"nodeType":"ArrayExpression","endLine":30,"endColumn":27,"suggestions":[{"desc":"Update the dependencies array to be: [isOpen, loadProfile, userEmail]","fix":{"range":[781,800],"text":"[isOpen, loadProfile, userEmail]"}}]},{"ruleId":"@next/next/no-img-element","severity":1,"message":"Using `<img>` could result in slower LCP and higher bandwidth. Consider using `<Image />` from `next/image` or a custom image loader to automatically optimize images. This may incur additional usage or cost from your provider. See: https://nextjs.org/docs/messages/no-img-element","line":123,"column":37,"nodeType":"JSXOpeningElement","endLine":123,"endColumn":123}],"suppressedMessages":[],"errorCount":0,"fatalErrorCount":0,"warningCount":2,"fixableErrorCount":0,"fixableWarningCount":0,"source":"'use client';\n\nimport React, { useState, useEffect } from 'react';\nimport { supabase } from '@/lib/supabase';\nimport { X } from 'lucide-react';\n\ninterface MyProfileModalProps {\n    isOpen: boolean;\n    onClose: () => void;\n    userEmail: string;\n}\n\nexport function MyProfileModal({ isOpen, onClose, userEmail }: MyProfileModalProps) {\n    const [formData, setFormData] = useState({\n        id: '',\n        name: '',\n        last_name: '',\n        birth_date: '',\n        address: '',\n        avatar_url: ''\n    });\n    const [password, setPassword] = useState('');\n    const [isUploading, setIsUploading] = useState(false);\n    const [isLoading, setIsLoading] = useState(false);\n\n    useEffect(() => {\n        if (isOpen && userEmail) {\n            loadProfile();\n        }\n    }, [isOpen, userEmail]);\n\n    const loadProfile = async () => {\n        const { data } = await supabase.from('team_members').select('*').eq('email', userEmail).single();\n        if (data) {\n            setFormData({\n                id: data.id,\n                name: data.name || '',\n                last_name: data.last_name || '',\n                birth_date: data.birth_date || '',\n                address: data.address || '',\n                avatar_url: data.avatar_url || ''\n            });\n            setPassword('');\n        }\n    };\n\n    const handleUploadAvatar = async (e: React.ChangeEvent<HTMLInputElement>) => {\n        if (!e.target.files || e.target.files.length === 0) return;\n        const file = e.target.files[0];\n        const fileExt = file.name.split('.').pop();\n        const fileName = `${Math.random()}.${fileExt}`;\n        const filePath = `${fileName}`;\n\n        setIsUploading(true);\n        try {\n            const { error: uploadError } = await supabase.storage.from('avatars').upload(filePath, file);\n            if (uploadError) throw uploadError;\n\n            const { data } = supabase.storage.from('avatars').getPublicUrl(filePath);\n            setFormData(prev => ({ ...prev, avatar_url: data.publicUrl }));\n        } catch (error: any) {\n            alert('Erro ao fazer upload: ' + error.message);\n        } finally {\n            setIsUploading(false);\n        }\n    };\n\n    const handleSave = async () => {\n        if (!formData.name) {\n            alert(\"O nome ├® obrigat├│rio.\");\n            return;\n        }\n\n        setIsLoading(true);\n\n        try {\n            if (password) {\n                const { error: authError } = await supabase.auth.updateUser({ password });\n                if (authError) throw authError;\n            }\n\n            const payload = {\n                id: formData.id,\n                name: formData.name,\n                last_name: formData.last_name,\n                birth_date: formData.birth_date || null,\n                address: formData.address,\n                avatar_url: formData.avatar_url\n            };\n\n            const { error: dbError } = await supabase.from('team_members').update(payload).eq('id', formData.id);\n            if (dbError) throw dbError;\n\n            // Disparar evento para a sidebar atualizar a foto imediatamente\n            window.dispatchEvent(new CustomEvent('profile-updated'));\n\n            alert(\"Perfil atualizado com sucesso!\");\n            onClose();\n        } catch (error: any) {\n            alert(\"Erro ao salvar perfil: \" + error.message);\n        } finally {\n            setIsLoading(false);\n        }\n    };\n\n    if (!isOpen) return null;\n\n    return (\n        <div className=\"fixed inset-0 z-[200] flex items-center justify-center p-4 bg-black/60 backdrop-blur-sm\">\n            <div className=\"bg-white dark:bg-[#1e293b] w-full max-w-2xl rounded-[2rem] shadow-2xl overflow-hidden animate-in zoom-in duration-300 border border-gray-100 dark:border-slate-700/50\">\n                <div className=\"p-6 md:p-8 space-y-8\">\n                    <div className=\"flex justify-between items-center border-b border-gray-100 dark:border-slate-700/50 pb-4\">\n                        <h3 className=\"text-xl font-black text-gray-800 dark:text-gray-200\">Meu Perfil</h3>\n                        <button onClick={onClose} className=\"text-gray-400 hover:text-gray-600 dark:hover:text-gray-300 transition-colors p-1\">\n                            <X className=\"w-6 h-6\" />\n                        </button>\n                    </div>\n\n                    <div className=\"flex flex-col md:flex-row items-center gap-8 mb-6\">\n                        <div className=\"relative group flex-shrink-0\">\n                            <div className=\"w-28 h-28 rounded-full bg-gray-100 dark:bg-slate-800 border-2 dashed border-gray-300 dark:border-slate-700 flex items-center justify-center overflow-hidden\">\n                                {formData.avatar_url ? (\n                                    <img src={formData.avatar_url} alt=\"Profile\" className=\"w-full h-full object-cover\" />\n                                ) : (\n                                    <span className=\"text-gray-400 text-xs font-bold uppercase\">{formData.name.charAt(0)}</span>\n                                )}\n                                <label className=\"absolute inset-0 bg-black/50 hidden group-hover:flex items-center justify-center flex-col transition-all cursor-pointer\">\n                                    <span className=\"text-xs text-white font-bold\">{isUploading ? 'Enviando...' : 'Alterar Foto'}</span>\n                                    <input type=\"file\" accept=\"image/*\" className=\"hidden\" disabled={isUploading || isLoading} onChange={handleUploadAvatar} />\n                                </label>\n                            </div>\n                        </div>\n                        <div className=\"flex-1 w-full grid grid-cols-1 md:grid-cols-2 gap-4\">\n                            <div className=\"space-y-2\">\n                                <label className=\"text-xs font-bold text-gray-500 dark:text-gray-400\">Nome</label>\n                                <input type=\"text\" autoComplete=\"off\" value={formData.name} onChange={e => setFormData({...formData, name: e.target.value})} className=\"w-full p-3 bg-gray-50 dark:bg-slate-900 border border-gray-100 dark:border-slate-700 rounded-xl text-sm font-medium outline-none text-gray-900 dark:text-white\" />\n                            </div>\n                            <div className=\"space-y-2\">\n                                <label className=\"text-xs font-bold text-gray-500 dark:text-gray-400\">Sobrenome</label>\n                                <input type=\"text\" autoComplete=\"off\" value={formData.last_name} onChange={e => setFormData({...formData, last_name: e.target.value})} className=\"w-full p-3 bg-gray-50 dark:bg-slate-900 border border-gray-100 dark:border-slate-700 rounded-xl text-sm font-medium outline-none text-gray-900 dark:text-white\" />\n                            </div>\n                        </div>\n                    </div>\n\n                    <div className=\"grid grid-cols-1 md:grid-cols-2 gap-6 pt-4\">\n                        <div className=\"space-y-2\">\n                            <label className=\"text-xs font-bold text-gray-500 dark:text-gray-400\">Endere├ºo Completo</label>\n                            <input type=\"text\" autoComplete=\"off\" value={formData.address} onChange={e => setFormData({...formData, address: e.target.value})} className=\"w-full p-3 bg-gray-50 dark:bg-slate-900 border border-gray-100 dark:border-slate-700 rounded-xl text-sm font-medium outline-none text-gray-900 dark:text-white\" />\n                        </div>\n                        <div className=\"space-y-2\">\n                            <label className=\"text-xs font-bold text-gray-500 dark:text-gray-400\">Data Nasc.</label>\n                            <input type=\"date\" value={formData.birth_date} onChange={e => setFormData({...formData, birth_date: e.target.value})} className=\"w-full p-3 bg-gray-50 dark:bg-slate-900 border border-gray-100 dark:border-slate-700 rounded-xl text-sm font-medium outline-none text-gray-900 dark:text-white\" />\n                        </div>\n                    </div>\n\n                    <div className=\"pt-4 border-t border-gray-100 dark:border-slate-700/50\">\n                        <div className=\"space-y-2\">\n                            <label className=\"text-xs font-bold text-gray-500 dark:text-gray-400\">Redefinir Senha (Deixe vazio para n├úo mudar)</label>\n                            <input type=\"password\" placeholder=\"ÔÇóÔÇóÔÇóÔÇóÔÇóÔÇóÔÇóÔÇó\" value={password} onChange={e => setPassword(e.target.value)} className=\"w-full p-3 bg-gray-50 dark:bg-slate-900 border border-gray-100 dark:border-slate-700 rounded-xl text-sm font-medium outline-none text-gray-900 dark:text-white\" />\n                        </div>\n                    </div>\n\n                    <div className=\"flex justify-end gap-3 pt-6 border-t border-gray-100 dark:border-slate-700/50\">\n                        <button onClick={onClose} disabled={isLoading} className=\"px-6 py-2.5 text-sm font-bold text-gray-400 dark:text-gray-500 hover:text-gray-600 dark:hover:text-gray-300\">Cancelar</button>\n                        <button onClick={handleSave} disabled={isLoading} className=\"px-8 py-2.5 bg-[#8B5CF6] text-white rounded-xl text-sm font-bold hover:bg-[#7C3AED] shadow-lg shadow-purple-200 dark:shadow-purple-900/20 transition-all\">{isLoading ? 'Salvando...' : 'Salvar Perfil'}</button>\n                    </div>\n                </div>\n            </div>\n        </div>\n    );\n}\n","usedDeprecatedRules":[]},{"filePath":"C:\\Users\\Cleber\\Documents\\EASY FLY\\SISTEMA\\Easy Fly\\components\\OtherViews.tsx","messages":[],"suppressedMessages":[],"errorCount":0,"fatalErrorCount":0,"warningCount":0,"fixableErrorCount":0,"fixableWarningCount":0,"usedDeprecatedRules":[]},{"filePath":"C:\\Users\\Cleber\\Documents\\EASY FLY\\SISTEMA\\Easy Fly\\components\\SaleModal.tsx","messages":[{"ruleId":"@next/next/no-img-element","severity":1,"message":"Using `<img>` could result in slower LCP and higher bandwidth. Consider using `<Image />` from `next/image` or a custom image loader to automatically optimize images. This may incur additional usage or cost from your provider. See: https://nextjs.org/docs/messages/no-img-element","line":902,"column":44,"nodeType":"JSXOpeningElement","endLine":902,"endColumn":104},{"ruleId":"jsx-a11y/alt-text","severity":1,"message":"img elements must have an alt prop, either with meaningful text, or an empty string for decorative images.","line":902,"column":44,"nodeType":"JSXOpeningElement","endLine":902,"endColumn":104}],"suppressedMessages":[],"errorCount":0,"fatalErrorCount":0,"warningCount":2,"fixableErrorCount":0,"fixableWarningCount":0,"source":"import React, { useState, useEffect, useRef } from 'react';\r\nimport { AnimatePresence, motion } from 'motion/react';\r\nimport { supabase } from '@/lib/supabase';\r\nimport {\r\n  X,\r\n  Plus,\r\n  Trash2,\r\n  Search,\r\n  ChevronDown,\r\n  AlertCircle,\r\n  Plane,\r\n  Hotel,\r\n  Shield,\r\n  Car,\r\n  MoreHorizontal,\r\n  Settings,\r\n  Calendar,\r\n  User as UserIcon,\r\n  Users,\r\n  Baby,\r\n  Briefcase,\r\n  LayoutGrid,\r\n  DollarSign,\r\n  RefreshCw,\r\n  ArrowLeftRight,\r\n  ArrowLeft,\r\n  FileText,\r\n  Upload,\r\n  Loader2\r\n} from 'lucide-react';\r\nimport { NumericFormat } from 'react-number-format';\r\nimport { Sale, SaleItem, Customer, Group, ItemType, TransactionStatus, Supplier } from '@/types';\r\nimport { SearchSelectorModal } from './Modals';\r\n\r\nconst ITEM_TYPES: { id: ItemType; label: string }[] = [\r\n  { id: 'passagem', label: 'Passagem' },\r\n  { id: 'hospedagem', label: 'Hospedagem' },\r\n  { id: 'seguro', label: 'Seguro' },\r\n  { id: 'aluguel', label: 'Aluguel de Carro' },\r\n  { id: 'adicionais', label: 'Adicionais' },\r\n];\r\n\r\ninterface SaleModalProps {\r\n  isOpen: boolean;\r\n  onClose: () => void;\r\n  onSave: (data: Partial<Sale>) => void;\r\n  sale: Sale | null;\r\n  customers: Customer[];\r\n  groups: Group[];\r\n  suppliers: Supplier[];\r\n  onAddCustomerClick: () => void;\r\n  onEditCustomerClick: (customer: Customer) => void;\r\n  onDeleteCustomerClick: (customer: Customer) => void;\r\n}\r\n\r\nexport function SaleModal({ \r\n  isOpen, \r\n  onClose, \r\n  onSave, \r\n  sale,\r\n  customers,\r\n  groups,\r\n  suppliers,\r\n  onAddCustomerClick,\r\n  onEditCustomerClick,\r\n  onDeleteCustomerClick\r\n}: SaleModalProps) {\r\n  const [formData, setFormData] = useState<Partial<Sale>>({\r\n    saleDate: new Date().toISOString().split('T')[0],\r\n    customerId: '',\r\n    groupId: '',\r\n    items: [],\r\n    totalValue: 0,\r\n    totalCost: 0,\r\n    costStatus: 'Pendente',\r\n    saleStatus: 'Pendente',\r\n    paymentMethod: 'N├úo definido',\r\n    notes: '',\r\n  });\r\n\r\n  const [activeItemType, setActiveItemType] = useState<ItemType>('passagem');\r\n  const [saleTargetType, setSaleTargetType] = useState<'individual' | 'group'>('individual');\r\n  const [isSearchSelectorOpen, setIsSearchSelectorOpen] = useState(false);\r\n  const [editingItemId, setEditingItemId] = useState<string | null>(null);\r\n  const [error, setError] = useState<string | null>(null);\r\n  const [additionalCustomerIds, setAdditionalCustomerIds] = useState<string[]>([]);\r\n  const [isModelHelpOpen, setIsModelHelpOpen] = useState(false);\r\n  const [isUploadingTicket, setIsUploadingTicket] = useState(false);\r\n  const fileInputRef = useRef<HTMLInputElement>(null);\r\n  const fileInputRef2 = useRef<HTMLInputElement>(null);\r\n\r\n  // ESTADOS PARA BUSCA DE HOTEL (Portados do LeadModal)\r\n  const [hotelSuggestions, setHotelSuggestions] = useState<any[]>([]);\r\n  const [showHotelSuggestions, setShowHotelSuggestions] = useState(false);\r\n  const [hotelLookupLoading, setHotelLookupLoading] = useState(false);\r\n  const [hotelLookupError, setHotelLookupError] = useState<string | null>(null);\r\n  const [allPhotos, setAllPhotos] = useState<any[]>([]);\r\n  const [hotelDescription, setHotelDescription] = useState('');\r\n  const [hotelFacilities, setHotelFacilities] = useState<string[]>([]);\r\n  const [lastSearchedName, setLastSearchedName] = useState('');\r\n  const hotelSearchTimeout = useRef<any>(null);\r\n\r\n  useEffect(() => {\r\n    if (isOpen) {\r\n      if (sale) {\r\n        setFormData({\r\n          saleDate: sale.saleDate || new Date().toISOString().split('T')[0],\r\n          customerId: sale.customerId || '',\r\n          customerName: sale.customerName || '',\r\n          groupId: sale.groupId || '',\r\n          groupName: sale.groupName || '',\r\n          items: [...sale.items],\r\n          totalValue: sale.totalValue,\r\n          totalCost: sale.totalCost,\r\n          costStatus: sale.costStatus || 'Pendente',\r\n          saleStatus: sale.saleStatus || 'Pendente',\r\n          paymentMethod: sale.paymentMethod,\r\n          notes: sale.notes,\r\n        });\r\n        setSaleTargetType(sale.groupId ? 'group' : 'individual');\r\n      } else {\r\n        setFormData({\r\n          saleDate: new Date().toISOString().split('T')[0],\r\n          customerId: '',\r\n          groupId: '',\r\n          items: [],\r\n          totalValue: 0,\r\n          totalCost: 0,\r\n          costStatus: 'Pendente',\r\n          saleStatus: 'Pendente',\r\n          paymentMethod: 'N├úo definido',\r\n          notes: '',\r\n        });\r\n        setSaleTargetType('individual');\r\n      }\r\n      setAdditionalCustomerIds([]);\r\n      setError(null);\r\n      setEditingItemId(null);\r\n    }\r\n  }, [sale, isOpen]);\r\n\r\n  const [currentItem, setCurrentItem] = useState<Partial<SaleItem>>({\r\n    type: 'passagem',\r\n    flightType: 'ida_volta',\r\n    adults: 1,\r\n    children: 0,\r\n    babies: 0,\r\n    bags23kg: 0,\r\n    valuePaidByCustomer: 0,\r\n    emissionValue: 0,\r\n    additionalCosts: 0,\r\n    vendor: '',\r\n    origin: '',\r\n    destination: '',\r\n    locator: '',\r\n    emissionDate: '',\r\n    departureDate: '',\r\n    checkIn: '',\r\n    checkOut: '',\r\n    hasBreakfast: false,\r\n    returnDate: '',\r\n  });\r\n\r\n  const handleTicketUpload = async (e: React.ChangeEvent<HTMLInputElement>, ticketIndex: 1 | 2 = 1) => {\r\n    const file = e.target.files?.[0];\r\n    if (!file) return;\r\n\r\n    if (file.type !== 'application/pdf') {\r\n      setError('Apenas arquivos PDF s├úo permitidos para o bilhete.');\r\n      return;\r\n    }\r\n\r\n    try {\r\n      setIsUploadingTicket(true);\r\n      setError(null);\r\n\r\n      const fileExt = file.name.split('.').pop();\r\n      const fileName = `${Math.random().toString(36).substring(2)}_${Date.now()}.${fileExt}`;\r\n      const filePath = `tickets/${fileName}`;\r\n\r\n      const { data, error: uploadError } = await supabase.storage\r\n        .from('sale_tickets')\r\n        .upload(filePath, file);\r\n\r\n      if (uploadError) throw uploadError;\r\n\r\n      const { data: { publicUrl } } = supabase.storage\r\n        .from('sale_tickets')\r\n        .getPublicUrl(filePath);\r\n\r\n      if (ticketIndex === 1) {\r\n        setCurrentItem(prev => ({ ...prev, ticket_url: publicUrl }));\r\n      } else {\r\n        setCurrentItem(prev => ({ ...prev, ticket_url2: publicUrl }));\r\n      }\r\n    } catch (err: any) {\r\n      console.error('Error uploading ticket:', err);\r\n      setError('Erro ao enviar o bilhete: ' + (err.message || 'Tente novamente.'));\r\n    } finally {\r\n      setIsUploadingTicket(false);\r\n      if (fileInputRef.current) fileInputRef.current.value = '';\r\n      if (fileInputRef2.current) fileInputRef2.current.value = '';\r\n    }\r\n  };\r\n\r\n  // --- C├üLCULOS TOTAIS (Considendo itens salvos + item sendo editado/criado) ---\r\n  const isNewItem = !formData.items?.some(i => i.id === editingItemId);\r\n  \r\n  const currentItemValue = currentItem.valuePaidByCustomer || 0;\r\n  const currentItemCost = currentItem.emissionValue || 0;\r\n  const currentItemComm = currentItem.additionalCosts || 0;\r\n\r\n  const totalValue = (formData.items?.reduce((sum, item) => {\r\n    const val = item.id === editingItemId ? currentItemValue : (item.valuePaidByCustomer || 0);\r\n    return sum + val;\r\n  }, 0) || 0) + (isNewItem ? currentItemValue : 0);\r\n\r\n  const totalCost = (formData.items?.reduce((sum, item) => {\r\n    const val = item.id === editingItemId ? currentItemCost : (item.emissionValue || 0);\r\n    return sum + val;\r\n  }, 0) || 0) + (isNewItem ? currentItemCost : 0);\r\n\r\n  const totalCommissions = (formData.items?.reduce((sum, item) => {\r\n    const val = item.id === editingItemId ? currentItemComm : (item.additionalCosts || 0);\r\n    return sum + val;\r\n  }, 0) || 0) + (isNewItem ? currentItemComm : 0);\r\n\r\n  const profit = totalCommissions > 0 ? totalCommissions : (totalValue - totalCost);\r\n  const margin = totalValue > 0 ? (profit / totalValue) * 100 : (totalCommissions > 0 ? 100 : 0);\r\n\r\n  if (!isOpen) return null;\r\n\r\n  const handleAddItem = () => {\r\n    // Lista unificada de passageiros em um ├║nico item\r\n    const getCustomerName = (id: string) => customers.find(c => c.id === id)?.name || '';\r\n    const allNames = [\r\n      formData.customerName,\r\n      ...(additionalCustomerIds.map(id => getCustomerName(id)))\r\n    ].filter((n): n is string => !!n).map(n => n.toUpperCase()).join(', ');\r\n\r\n    if (!allNames) {\r\n      setError('Selecione pelo menos um cliente.');\r\n      return;\r\n    }\r\n\r\n    setError(null);\r\n\r\n    if (editingItemId) {\r\n      setFormData(prev => ({\r\n        ...prev,\r\n        items: prev.items?.map(item => \r\n          item.id === editingItemId \r\n            ? { ...currentItem, passengerName: allNames, id: editingItemId, type: activeItemType } as SaleItem \r\n            : item\r\n        )\r\n      }));\r\n      setEditingItemId(null);\r\n    } else {\r\n      const newItem: SaleItem = {\r\n        ...currentItem,\r\n        id: `temp_${Math.random().toString(36).substr(2, 9)}`,\r\n        type: activeItemType,\r\n        passengerName: allNames\r\n      } as SaleItem;\r\n\r\n      setFormData(prev => ({\r\n        ...prev,\r\n        items: [...(prev.items || []), newItem]\r\n      }));\r\n    }\r\n\r\n    setActiveItemType('passagem'); // Reset para o tipo padr├úo\r\n    // Preserva dados de passageiros (adultos, crian├ºas, beb├¬s, malas) e clientes adicionais\r\n    setCurrentItem(prev => ({\r\n      type: 'passagem',\r\n      flightType: 'ida_volta',\r\n      // Mant├®m contadores de passageiros intactos\r\n      adults: prev.adults,\r\n      children: prev.children,\r\n      babies: prev.babies,\r\n      bags23kg: prev.bags23kg,\r\n      // Limpa apenas os campos do item\r\n      valuePaidByCustomer: 0,\r\n      emissionValue: 0,\r\n      additionalCosts: 0,\r\n      vendor: '',\r\n      origin: '',\r\n      destination: '',\r\n      locator: '',\r\n      emissionDate: '',\r\n      departureDate: '',\r\n      returnDate: '',\r\n      checkIn: '',\r\n      checkOut: '',\r\n      hasBreakfast: false,\r\n    }));\r\n    // N├âO reseta additionalCustomerIds ÔÇö passageiros permanecem os mesmos\r\n\r\n    // Limpar estados auxiliares de hotel\r\n    setHotelDescription('');\r\n    setHotelFacilities([]);\r\n    setAllPhotos([]);\r\n    (window as any)._lastHotelId = null;\r\n  };\r\n\r\n  const editItem = (item: SaleItem) => {\r\n    setEditingItemId(item.id);\r\n    setActiveItemType(item.type);\r\n    setCurrentItem(item);\r\n    setError(null);\r\n    // Scroll to item form\r\n    const formElement = document.getElementById('item-form');\r\n    if (formElement) {\r\n      formElement.scrollIntoView({ behavior: 'smooth' });\r\n    }\r\n  };\r\n\r\n  const removeItem = (id: string) => {\r\n    setFormData(prev => ({\r\n      ...prev,\r\n      items: prev.items?.filter(item => item.id !== id)\r\n    }));\r\n    if (editingItemId === id) {\r\n      setEditingItemId(null);\r\n      setCurrentItem({\r\n        type: activeItemType,\r\n        flightType: 'ida_volta',\r\n        adults: 1,\r\n        children: 0,\r\n        babies: 0,\r\n        bags23kg: 0,\r\n        valuePaidByCustomer: 0,\r\n        emissionValue: 0,\r\n        additionalCosts: 0,\r\n        vendor: '',\r\n        origin: '',\r\n        destination: '',\r\n        locator: '',\r\n        emissionDate: '',\r\n        departureDate: '',\r\n        returnDate: '',\r\n        checkIn: '',\r\n        checkOut: '',\r\n        hasBreakfast: false,\r\n      });\r\n    }\r\n  };\r\n\r\n  const handleSubmit = (e?: React.FormEvent | React.MouseEvent) => {\r\n    if (e) e.preventDefault();\r\n    \r\n    let currentItems = [...(formData.items || [])];\r\n\r\n    // Auto-add current item if it's filled and list is empty\r\n    const hasCurrentItemData = currentItem.origin || currentItem.destination || currentItem.valuePaidByCustomer;\r\n    if (hasCurrentItemData && !editingItemId) {\r\n      const allNames = [\r\n        formData.customerName,\r\n        ...additionalCustomerIds.map(id => customers.find(c => c.id === id)?.name)\r\n      ].filter(Boolean).join(', ');\r\n\r\n      if (allNames) {\r\n        const newItem: SaleItem = {\r\n          ...(currentItem as SaleItem),\r\n          id: `temp_${Math.random().toString(36).substr(2, 9)}`,\r\n          passengerName: allNames,\r\n          saleModel: currentItem.saleModel || 'Revenda'\r\n        };\r\n        currentItems.push(newItem);\r\n      }\r\n    }\r\n\r\n    if (currentItems.length === 0) {\r\n      setError('Adicione pelo menos um item ├á venda antes de finalizar.');\r\n      return;\r\n    }\r\n    \r\n    // Generate product name summary\r\n    const productSummary = currentItems.map(item => {\r\n      const typeLabel = ITEM_TYPES.find(t => t.id === item.type)?.label || item.type;\r\n      return typeLabel;\r\n    }).filter((v, i, a) => a.indexOf(v) === i).join(' + ') || 'N/A';\r\n\r\n    console.log('Submitting sale:', { ...formData, items: currentItems, totalValue, totalCost, productName: productSummary });\r\n    onSave({ ...formData, items: currentItems, totalValue, totalCost, productName: productSummary });\r\n  };\r\n\r\n  const searchHotels = async (query: string) => {\r\n    if (query.length < 3) {\r\n      setHotelSuggestions([]);\r\n      setShowHotelSuggestions(false);\r\n      return;\r\n    }\r\n\r\n    if (hotelSearchTimeout.current) clearTimeout(hotelSearchTimeout.current);\r\n\r\n    hotelSearchTimeout.current = setTimeout(async () => {\r\n      try {\r\n        const res = await fetch(`/api/lookup-hotel?type=search&query=${encodeURIComponent(query)}`);\r\n        const data = await res.json();\r\n        if (res.ok) {\r\n          setHotelSuggestions(data.hotels || []);\r\n          setShowHotelSuggestions(true);\r\n        }\r\n      } catch (err) {\r\n        console.error('Erro na busca de hot├®is:', err);\r\n      }\r\n    }, 500);\r\n  };\r\n\r\n  const selectHotelSuggestion = async (suggestion: any) => {\r\n    setLastSearchedName(suggestion.name);\r\n    setCurrentItem((prev: any) => ({\r\n      ...prev,\r\n      hotelName: suggestion.name,\r\n      hotelPhotos: [] \r\n    }));\r\n    setHotelSuggestions([]);\r\n    setShowHotelSuggestions(false);\r\n    setHotelLookupLoading(true);\r\n    setHotelLookupError(null);\r\n    \r\n    setHotelDescription('');\r\n    setHotelFacilities([]);\r\n\r\n    try {\r\n      const hotelId = suggestion.hotelId;\r\n      (window as any)._lastHotelId = hotelId; \r\n\r\n      // 1. BUSCAR FOTOS\r\n      const resPhotos = await fetch(`/api/lookup-hotel?type=details&hotelId=${hotelId}`);\r\n      const dataPhotos = await resPhotos.json();\r\n      if (resPhotos.ok) {\r\n        setAllPhotos(dataPhotos.photos || []);\r\n        setCurrentItem((prev: any) => ({\r\n          ...prev,\r\n          hotelPhotos: (dataPhotos.photos || []).map((p: any) => p.url),\r\n          hotelId: hotelId\r\n        }));\r\n      }\r\n\r\n      // 2. BUSCAR DESCRI├ç├âO E FACILIDADES\r\n      const resFac = await fetch(`/api/lookup-hotel?type=facilities&hotelId=${hotelId}`);\r\n      const dataFac = await resFac.json();\r\n      if (resFac.ok) {\r\n        setHotelDescription(dataFac.description || '');\r\n        setHotelFacilities(dataFac.facilities || []);\r\n        setCurrentItem((prev: any) => ({\r\n          ...prev,\r\n          hotelDescription: dataFac.description || '',\r\n          hotelAmenities: dataFac.facilities || []\r\n        }));\r\n      }\r\n\r\n    } catch (e) {\r\n      setHotelLookupError('Erro ao carregar detalhes do hotel');\r\n    } finally {\r\n      setHotelLookupLoading(false);\r\n    }\r\n  };\r\n\r\n\r\n  if (!isOpen) return null;\r\n\r\n  return (\r\n    <div className=\"fixed inset-0 z-[60] flex items-center justify-center p-4\">\r\n      <motion.div \r\n        initial={{ opacity: 0 }}\r\n        animate={{ opacity: 1 }}\r\n        exit={{ opacity: 0 }}\r\n        onClick={onClose}\r\n        className=\"absolute inset-0 bg-black/40 backdrop-blur-sm\"\r\n      />\r\n      <motion.div \r\n        initial={{ opacity: 0, scale: 0.95, y: 20 }}\r\n        animate={{ opacity: 1, scale: 1, y: 0 }}\r\n        exit={{ opacity: 0, scale: 0.95, y: 20 }}\r\n        className=\"relative w-full max-w-5xl bg-white dark:bg-[#1e293b] dark:border dark:border-slate-700/50 rounded-[24px] shadow-2xl overflow-hidden flex flex-col max-h-[95vh]\"\r\n      >\r\n        <div className=\"p-6 border-b border-gray-100 dark:border-slate-700/50 flex items-center justify-between bg-white dark:bg-[#1e293b]\">\r\n          <h2 className=\"text-xl font-bold text-gray-900 dark:text-gray-100 dark:text-gray-200\">{sale ? 'Editar Emiss├úo' : 'Nova Emiss├úo'}</h2>\r\n          <button onClick={onClose} className=\"p-2 hover:bg-gray-100 dark:hover:bg-slate-800 rounded-xl transition-all\">\r\n            <X className=\"w-6 h-6 text-gray-400\" />\r\n          </button>\r\n        </div>\r\n        <div className=\"flex-1 overflow-y-auto p-5 md:p-6 flex flex-col md:flex-row gap-6 bg-[#f8fafc]/50 dark:bg-slate-900/50 custom-scrollbar\">\r\n          {/* COLUNA ESQUERDA (FORMUL├üRIO PRINCIPAL) */}\r\n          <div className=\"flex-1 space-y-5\">\r\n\r\n          {/* DADOS DOS PASSAGEIROS - Cabe├ºalho */}\r\n          <div className=\"space-y-1.5\">\r\n            <div className=\"flex items-center justify-between\">\r\n              <label className=\"text-xs font-bold text-gray-500 dark:text-gray-400 uppercase tracking-wider\">Dados dos Passageiros</label>\r\n              <div className=\"flex bg-gray-100 dark:bg-slate-800 p-1 rounded-lg\">\r\n                <button\r\n                  type=\"button\"\r\n                  onClick={() => {\r\n                    setSaleTargetType('individual');\r\n                    setFormData(prev => ({ ...prev, groupId: '', customerId: '' }));\r\n                  }}\r\n                  className={`px-3 py-1 text-[10px] font-bold uppercase rounded-md transition-all ${\r\n                    saleTargetType === 'individual' ? 'bg-white dark:bg-slate-700 text-cyan-600 dark:text-cyan-400 shadow-sm' : 'text-gray-500 dark:text-gray-400 hover:text-gray-700 dark:hover:text-gray-300'\r\n                  }`}\r\n                >\r\n                  Individual\r\n                </button>\r\n                <button\r\n                  type=\"button\"\r\n                  onClick={() => {\r\n                    setSaleTargetType('group');\r\n                    setFormData(prev => ({ ...prev, customerId: '', groupId: '' }));\r\n                  }}\r\n                  className={`px-3 py-1 text-[10px] font-bold uppercase rounded-md transition-all ${\r\n                    saleTargetType === 'group' ? 'bg-white dark:bg-slate-700 text-cyan-600 dark:text-cyan-400 shadow-sm' : 'text-gray-500 dark:text-gray-400 hover:text-gray-700 dark:hover:text-gray-300'\r\n                  }`}\r\n                >\r\n                  Grupo\r\n                </button>\r\n              </div>\r\n            </div>\r\n            <div className=\"flex gap-2\">\r\n              {saleTargetType === 'individual' ? (\r\n                <>\r\n                  <div className=\"flex-1 relative\">\r\n                    <select \r\n                      className=\"w-full px-4 py-2.5 bg-gray-50 dark:bg-slate-900 border border-gray-200 dark:border-slate-700 text-gray-900 dark:text-white rounded-xl focus:outline-none focus:ring-2 focus:ring-cyan-500/20 focus:border-cyan-500 transition-all text-sm appearance-none pr-12\"\r\n                      value={formData.customerId}\r\n                      onChange={e => {\r\n                        const customer = customers.find(c => c.id === e.target.value);\r\n                        setFormData(prev => ({ \r\n                          ...prev, \r\n                          customerId: e.target.value,\r\n                          customerName: customer ? customer.name : ''\r\n                        }));\r\n                      }}\r\n                      required\r\n                    >\r\n                      <option value=\"\">Nome do cliente...</option>\r\n                      {customers.map(c => (\r\n                        <option key={c.id} value={c.id}>{c.name}</option>\r\n                      ))}\r\n                    </select>\r\n                    <div className=\"absolute right-3 top-1/2 -translate-y-1/2 flex items-center gap-1.5 text-gray-400\">\r\n                      <button \r\n                        type=\"button\"\r\n                        onClick={() => setIsSearchSelectorOpen(true)}\r\n                        className=\"p-1 hover:bg-gray-200 rounded-md transition-colors pointer-events-auto\"\r\n                      >\r\n                        <Search className=\"w-3.5 h-3.5\" />\r\n                      </button>\r\n                      <ChevronDown className=\"w-4 h-4 pointer-events-none\" />\r\n                    </div>\r\n                  </div>\r\n                  <button \r\n                    type=\"button\"\r\n                    onClick={onAddCustomerClick}\r\n                    className=\"p-2.5 bg-gray-100 dark:bg-slate-800 text-gray-500 dark:text-gray-400 rounded-xl hover:bg-gray-200 dark:hover:bg-slate-700 transition-all\"\r\n                  >\r\n                    <Plus className=\"w-5 h-5\" />\r\n                  </button>\r\n                </>\r\n              ) : (\r\n                <div className=\"flex-1 relative\">\r\n                  <select \r\n                    className=\"w-full px-4 py-2.5 bg-gray-50 dark:bg-slate-900 border border-gray-200 dark:border-slate-700 text-gray-900 dark:text-white rounded-xl focus:outline-none focus:ring-2 focus:ring-cyan-500/20 focus:border-cyan-500 transition-all text-sm appearance-none pr-12\"\r\n                    value={formData.groupId}\r\n                    onChange={e => {\r\n                      const group = groups.find(g => g.id === e.target.value);\r\n                      setFormData(prev => ({ \r\n                        ...prev, \r\n                        groupId: e.target.value,\r\n                        groupName: group ? group.name : ''\r\n                      }));\r\n                    }}\r\n                    required\r\n                  >\r\n                    <option value=\"\">Nome do grupo...</option>\r\n                    {groups.map(g => (\r\n                      <option key={g.id} value={g.id}>{g.name}</option>\r\n                    ))}\r\n                  </select>\r\n                  <div className=\"absolute right-3 top-1/2 -translate-y-1/2 flex items-center gap-1.5 text-gray-400\">\r\n                    <button \r\n                      type=\"button\"\r\n                      onClick={() => setIsSearchSelectorOpen(true)}\r\n                      className=\"p-1 hover:bg-gray-200 rounded-md transition-colors pointer-events-auto\"\r\n                    >\r\n                      <Search className=\"w-3.5 h-3.5\" />\r\n                    </button>\r\n                    <ChevronDown className=\"w-4 h-4 pointer-events-none\" />\r\n                  </div>\r\n                </div>\r\n              )}\r\n            </div>\r\n\r\n            {/* M├║ltiplos Seletores de Cliente */}\r\n            <div className=\"space-y-3 mt-2\">\r\n              {additionalCustomerIds.map((selectedId, idx) => (\r\n                <div key={idx} className=\"flex gap-2 items-end\">\r\n                  <div className=\"flex-1 space-y-1\">\r\n                    <label className=\"text-[10px] font-black text-gray-400 dark:text-gray-500 uppercase tracking-widest px-1\">Nome do Cliente {idx + 2}</label>\r\n                    <div className=\"relative\">\r\n                      <select \r\n                        className=\"w-full px-4 py-2.5 bg-gray-50 dark:bg-slate-900 border border-gray-200 dark:border-slate-700 text-gray-900 dark:text-white rounded-xl focus:outline-none focus:ring-2 focus:ring-cyan-500/20 focus:border-cyan-500 transition-all text-sm appearance-none pr-12\"\r\n                        value={selectedId}\r\n                        onChange={e => {\r\n                          const newIds = [...additionalCustomerIds];\r\n                          newIds[idx] = e.target.value;\r\n                          setAdditionalCustomerIds(newIds);\r\n                        }}\r\n                      >\r\n                        <option value=\"\">Selecione o cliente...</option>\r\n                        {customers.map(c => (\r\n                          <option key={c.id} value={c.id}>{c.name}</option>\r\n                        ))}\r\n                      </select>\r\n                      <div className=\"absolute right-3 top-1/2 -translate-y-1/2 flex items-center gap-1.5 text-gray-400 pointer-events-none\">\r\n                        <ChevronDown className=\"w-4 h-4\" />\r\n                      </div>\r\n                    </div>\r\n                  </div>\r\n                  <button \r\n                    type=\"button\" \r\n                    onClick={() => setAdditionalCustomerIds(additionalCustomerIds.filter((_, i) => i !== idx))}\r\n                    className=\"p-2.5 bg-gray-50 dark:bg-slate-800/50 text-gray-300 dark:text-gray-500 hover:text-red-500 dark:hover:text-red-400 rounded-xl hover:bg-red-50 dark:hover:bg-red-500/10 transition-colors\"\r\n                  >\r\n                    <Trash2 className=\"w-5 h-5\" />\r\n                  </button>\r\n                </div>\r\n              ))}\r\n\r\n              {/* Bot├úo + para adicionar novos campos de cliente */}\r\n              <div className=\"flex justify-start px-1\">\r\n                <button \r\n                  type=\"button\" \r\n                  onClick={() => setAdditionalCustomerIds([...additionalCustomerIds, ''])}\r\n                  className=\"flex items-center gap-2 text-[10px] font-black text-gray-400 dark:text-gray-500 hover:text-[#06B6D4] uppercase tracking-widest transition-colors group\"\r\n                >\r\n                  <div className=\"w-5 h-5 rounded-full bg-gray-100 flex items-center justify-center group-hover:bg-cyan-50 transition-colors\">\r\n                    <Plus className=\"w-3 h-3\" />\r\n                  </div>\r\n                  <span>Adicionar outro cliente</span>\r\n                </button>\r\n              </div>\r\n            </div>\r\n          </div>\r\n\r\n          <SearchSelectorModal\r\n            isOpen={isSearchSelectorOpen}\r\n            onClose={() => setIsSearchSelectorOpen(false)}\r\n            title={saleTargetType === 'individual' ? \"Pesquisar Cliente\" : \"Pesquisar Grupo\"}\r\n            items={saleTargetType === 'individual' \r\n              ? customers.map(c => ({ id: c.id, name: c.name, subtitle: c.email, originalItem: c }))\r\n              : groups.map(g => ({ id: g.id, name: g.name, subtitle: `${g.memberIds.length} membros`, originalItem: g }))\r\n            }\r\n            onSelect={(id) => {\r\n              if (saleTargetType === 'individual') {\r\n                const customer = customers.find(c => c.id === id);\r\n                setFormData(prev => ({ \r\n                  ...prev, \r\n                  customerId: id,\r\n                  customerName: customer ? customer.name : ''\r\n                }));\r\n              } else {\r\n                const group = groups.find(g => g.id === id);\r\n                setFormData(prev => ({ \r\n                  ...prev, \r\n                  groupId: id, \r\n                  groupName: group ? group.name : ''\r\n                }));\r\n              }\r\n            }}\r\n            onAddNew={saleTargetType === 'individual' ? onAddCustomerClick : undefined}\r\n            onEdit={saleTargetType === 'individual' ? onEditCustomerClick : undefined}\r\n            onDelete={saleTargetType === 'individual' ? onDeleteCustomerClick : undefined}\r\n          />\r\n\r\n          {/* QUANTIDADE DE PASSAGEIROS */}\r\n          <div className=\"flex flex-wrap items-center justify-center gap-10 py-4 border-y border-gray-100/50\">\r\n            <div className=\"flex flex-col items-center gap-2\">\r\n              <div className=\"flex items-center gap-2\">\r\n                <UserIcon className=\"w-4 h-4 text-[#06B6D4]\" />\r\n                <span className=\"text-[11px] font-black text-gray-400 dark:text-gray-500 uppercase tracking-wider\">Adultos</span>\r\n              </div>\r\n              <div className=\"flex items-center gap-2 group\">\r\n                <button type=\"button\" onClick={() => setCurrentItem(prev => ({ ...prev, adults: Math.max(0, (prev.adults || 0) - 1) }))} className=\"w-6 h-6 flex items-center justify-center text-gray-400 hover:text-[#06B6D4] font-bold text-lg\">-</button>\r\n                <span className=\"text-sm font-black text-gray-800 dark:text-gray-200 w-5 text-center\">{currentItem.adults}</span>\r\n                <button type=\"button\" onClick={() => setCurrentItem(prev => ({ ...prev, adults: (prev.adults || 0) + 1 }))} className=\"w-6 h-6 flex items-center justify-center text-gray-400 hover:text-[#06B6D4] font-bold text-lg\">+</button>\r\n              </div>\r\n            </div>\r\n\r\n            <div className=\"flex flex-col items-center gap-2\">\r\n              <div className=\"flex items-center gap-2\">\r\n                <Users className=\"w-4 h-4 text-[#06B6D4]\" />\r\n                <span className=\"text-[11px] font-black text-gray-400 dark:text-gray-500 uppercase tracking-wider\">Crian├ºas</span>\r\n              </div>\r\n              <div className=\"flex items-center gap-2\">\r\n                <button type=\"button\" onClick={() => setCurrentItem(prev => ({ ...prev, children: Math.max(0, (prev.children || 0) - 1) }))} className=\"w-6 h-6 flex items-center justify-center text-gray-400 hover:text-[#06B6D4] font-bold text-lg\">-</button>\r\n                <span className=\"text-sm font-black text-gray-800 dark:text-gray-200 w-5 text-center\">{currentItem.children}</span>\r\n                <button type=\"button\" onClick={() => setCurrentItem(prev => ({ ...prev, children: (prev.children || 0) + 1 }))} className=\"w-6 h-6 flex items-center justify-center text-gray-400 hover:text-[#06B6D4] font-bold text-lg\">+</button>\r\n              </div>\r\n            </div>\r\n\r\n            <div className=\"flex flex-col items-center gap-2\">\r\n              <div className=\"flex items-center gap-2\">\r\n                <Baby className=\"w-4 h-4 text-[#06B6D4]\" />\r\n                <span className=\"text-[11px] font-black text-gray-400 dark:text-gray-500 uppercase tracking-wider\">Beb├¬s</span>\r\n              </div>\r\n              <div className=\"flex items-center gap-2\">\r\n                <button type=\"button\" onClick={() => setCurrentItem(prev => ({ ...prev, babies: Math.max(0, (prev.babies || 0) - 1) }))} className=\"w-6 h-6 flex items-center justify-center text-gray-400 hover:text-[#06B6D4] font-bold text-lg\">-</button>\r\n                <span className=\"text-sm font-black text-gray-800 dark:text-gray-200 w-5 text-center\">{currentItem.babies}</span>\r\n                <button type=\"button\" onClick={() => setCurrentItem(prev => ({ ...prev, babies: (prev.babies || 0) + 1 }))} className=\"w-6 h-6 flex items-center justify-center text-gray-400 hover:text-[#06B6D4] font-bold text-lg\">+</button>\r\n              </div>\r\n            </div>\r\n\r\n            <div className=\"flex flex-col items-center gap-2\">\r\n              <div className=\"flex items-center gap-2\">\r\n                <Briefcase className=\"w-4 h-4 text-[#06B6D4]\" />\r\n                <span className=\"text-[11px] font-black text-gray-400 dark:text-gray-500 uppercase tracking-wider\">Malas 23kg</span>\r\n              </div>\r\n              <div className=\"flex items-center gap-2\">\r\n                <button type=\"button\" onClick={() => setCurrentItem(prev => ({ ...prev, bags23kg: Math.max(0, (prev.bags23kg || 0) - 1) }))} className=\"w-6 h-6 flex items-center justify-center text-gray-400 hover:text-[#06B6D4] font-bold text-lg\">-</button>\r\n                <span className=\"text-sm font-black text-gray-800 dark:text-gray-200 w-5 text-center\">{currentItem.bags23kg || 0}</span>\r\n                <button type=\"button\" onClick={() => setCurrentItem(prev => ({ ...prev, bags23kg: (prev.bags23kg || 0) + 1 }))} className=\"w-6 h-6 flex items-center justify-center text-gray-400 hover:text-[#06B6D4] font-bold text-lg\">+</button>\r\n              </div>\r\n            </div>\r\n          </div>\r\n\r\n          <div id=\"item-form\" className=\"p-6 bg-gray-50/50 dark:bg-slate-800/50 border border-gray-100 dark:border-slate-700/50 rounded-[24px] space-y-6\">\r\n            {/* Item Emitido - sempre acima do formul├írio do item */}\r\n            <div className=\"space-y-3\">\r\n              <label className=\"text-xs font-bold text-gray-500 dark:text-gray-400 uppercase tracking-wider\">Item Emitido</label>\r\n              <div className=\"flex flex-wrap gap-2\">\r\n                {ITEM_TYPES.map(type => (\r\n                  <button\r\n                    key={type.id}\r\n                    type=\"button\"\r\n                    onClick={() => setActiveItemType(type.id)}\r\n                    className={`px-4 py-2 rounded-full text-sm font-medium transition-all ${\r\n                      activeItemType === type.id \r\n                        ? 'bg-[#06B6D4] text-white shadow-lg shadow-cyan-500/20' \r\n                        : 'bg-gray-100 dark:bg-slate-800 text-gray-600 dark:text-gray-400 hover:bg-gray-200 dark:hover:bg-slate-700'\r\n                    }`}\r\n                  >\r\n                    {type.label}\r\n                  </button>\r\n                ))}\r\n              </div>\r\n            </div>\r\n\r\n            {error && (\r\n              <div className=\"p-3 bg-red-50 border border-red-100 rounded-xl flex items-center gap-2 text-red-600 text-sm\">\r\n                <AlertCircle className=\"w-4 h-4\" />\r\n                {error}\r\n              </div>\r\n            )}\r\n            {activeItemType === 'passagem' && (\r\n              <div className=\"space-y-6\">\r\n                <div className=\"flex items-center gap-4\">\r\n                  <span className=\"text-xs font-bold text-gray-500 dark:text-gray-400 dark:text-gray-400 uppercase\">DADOS DO VOO</span>\r\n                  <div className=\"flex gap-2\">\r\n                    <button\r\n                      type=\"button\"\r\n                      onClick={() => setCurrentItem(prev => ({ ...prev, flightType: 'ida' }))}\r\n                      className={`px-4 py-1.5 rounded-full text-xs font-bold transition-all ${\r\n                        currentItem.flightType === 'ida' ? 'bg-[#06B6D4] text-white' : 'bg-white dark:bg-slate-800 text-gray-500 dark:text-gray-400 border border-gray-200 dark:border-slate-700'\r\n                      }`}\r\n                    >\r\n                      Somente Ida\r\n                    </button>\r\n                    <button\r\n                      type=\"button\"\r\n                      onClick={() => setCurrentItem(prev => ({ ...prev, flightType: 'ida_volta' }))}\r\n                      className={`px-4 py-1.5 rounded-full text-xs font-bold transition-all ${\r\n                        currentItem.flightType === 'ida_volta' ? 'bg-[#06B6D4] text-white' : 'bg-white dark:bg-slate-800 text-gray-500 dark:text-gray-400 border border-gray-200 dark:border-slate-700'\r\n                      }`}\r\n                    >\r\n                      Ida e Volta\r\n                    </button>\r\n                  </div>\r\n                </div>\r\n\r\n                <div className=\"grid grid-cols-2 gap-4\">\r\n                  <div className=\"space-y-1\">\r\n                    <label className=\"text-xs font-bold text-gray-500 dark:text-gray-400\">Origem</label>\r\n                    <input \r\n                      type=\"text\" \r\n                      placeholder=\"Ex: GRU\"\r\n                      className=\"w-full px-4 py-2 bg-white dark:bg-slate-900 border border-gray-200 dark:border-slate-700 text-gray-900 dark:text-white rounded-xl text-sm outline-none\"\r\n                      value={currentItem.origin}\r\n                      onChange={e => setCurrentItem(prev => ({ ...prev, origin: e.target.value }))}\r\n                    />\r\n                  </div>\r\n                  <div className=\"space-y-1\">\r\n                    <label className=\"text-xs font-bold text-gray-500 dark:text-gray-400\">Destino</label>\r\n                    <input \r\n                      type=\"text\" \r\n                      placeholder=\"Ex: LIS\"\r\n                      className=\"w-full px-4 py-2 bg-white dark:bg-slate-900 border border-gray-200 dark:border-slate-700 text-gray-900 dark:text-white rounded-xl text-sm outline-none\"\r\n                      value={currentItem.destination}\r\n                      onChange={e => setCurrentItem(prev => ({ ...prev, destination: e.target.value }))}\r\n                    />\r\n                  </div>\r\n                  <div className=\"space-y-1\">\r\n                    <label className=\"text-xs font-bold text-gray-500 dark:text-gray-400\">Fornecedor <span className=\"text-red-500\">*</span></label>\r\n                    <select \r\n                      className=\"w-full px-4 py-2 bg-white dark:bg-slate-900 border border-gray-200 dark:border-slate-700 text-gray-900 dark:text-white rounded-xl text-sm outline-none cursor-pointer\"\r\n                      value={currentItem.vendor || ''}\r\n                      onChange={e => setCurrentItem(prev => ({ ...prev, vendor: e.target.value }))}\r\n                      required\r\n                    >\r\n                      <option value=\"\">Selecione um fornecedor...</option>\r\n                      {suppliers.map(s => (\r\n                        <option key={s.id} value={s.name}>{s.name}</option>\r\n                      ))}\r\n                    </select>\r\n                  </div>\r\n                  <div className=\"space-y-1\">\r\n                    <label className=\"text-xs font-bold text-gray-500 dark:text-gray-400\">Localizador</label>\r\n                    <input \r\n                      type=\"text\" \r\n                      placeholder=\"Ex: ABC123\"\r\n                      className=\"w-full px-4 py-2 bg-white dark:bg-slate-900 border border-gray-200 dark:border-slate-700 text-gray-900 dark:text-white rounded-xl text-sm outline-none\"\r\n                      value={currentItem.locator}\r\n                      onChange={e => setCurrentItem(prev => ({ ...prev, locator: e.target.value }))}\r\n                    />\r\n                  </div>\r\n                  <div className=\"space-y-1\">\r\n                    <label className=\"text-xs font-bold text-gray-500 dark:text-gray-400\">Data de Emiss├úo</label>\r\n                    <input \r\n                      type=\"date\" \r\n                      className=\"w-full px-4 py-2 bg-white dark:bg-slate-900 border border-gray-200 dark:border-slate-700 text-gray-900 dark:text-white rounded-xl text-sm outline-none\"\r\n                      value={currentItem.emissionDate}\r\n                      onChange={e => setCurrentItem(prev => ({ ...prev, emissionDate: e.target.value }))}\r\n                    />\r\n                  </div>\r\n                  <div className=\"space-y-1\">\r\n                    <label className=\"text-xs font-bold text-gray-500 dark:text-gray-400\">Embarque</label>\r\n                    <input \r\n                      type=\"date\" \r\n                      className=\"w-full px-4 py-2 bg-white dark:bg-slate-900 border border-gray-200 dark:border-slate-700 text-gray-900 dark:text-white rounded-xl text-sm outline-none\"\r\n                      value={currentItem.departureDate || ''}\r\n                      onChange={e => setCurrentItem(prev => ({ ...prev, departureDate: e.target.value }))}\r\n                    />\r\n                  </div>\r\n                  <div className=\"space-y-1\">\r\n                    <label className=\"text-xs font-bold text-gray-500 dark:text-gray-400\">Retorno</label>\r\n                    <input \r\n                      type=\"date\" \r\n                      disabled={currentItem.flightType === 'ida'}\r\n                      className=\"w-full px-4 py-2 bg-white dark:bg-slate-900 border border-gray-200 dark:border-slate-700 text-gray-900 dark:text-white rounded-xl text-sm outline-none disabled:bg-gray-100 dark:disabled:bg-slate-800\"\r\n                      value={currentItem.returnDate || ''}\r\n                      onChange={e => setCurrentItem(prev => ({ ...prev, returnDate: e.target.value }))}\r\n                    />\r\n                  </div>\r\n                </div>\r\n              </div>\r\n            )}\r\n\r\n            {activeItemType !== 'passagem' && (\r\n              <div className=\"space-y-4\">\r\n                <span className=\"text-xs font-bold text-gray-500 dark:text-gray-400 dark:text-gray-400 uppercase\">DADOS DO ITEM</span>\r\n                <div className=\"grid grid-cols-1 md:grid-cols-2 gap-4\">\r\n                  <div className=\"space-y-1 relative\">\r\n                    <label className=\"text-xs font-bold text-gray-500 dark:text-gray-400\">Descri├º├úo / Nome</label>\r\n                    <div className=\"relative\">\r\n                      <input \r\n                        type=\"text\" \r\n                        placeholder={activeItemType === 'hospedagem' ? \"Digite para buscar hotel...\" : \"Ex: Seguro Prata\"}\r\n                        className=\"w-full px-4 py-2 bg-white dark:bg-slate-900 border border-gray-200 dark:border-slate-700 text-gray-900 dark:text-white rounded-xl text-sm outline-none pr-10\"\r\n                        value={currentItem.description || currentItem.hotelName || ''}\r\n                        onChange={e => {\r\n                          const val = e.target.value;\r\n                          setCurrentItem(prev => ({ ...prev, description: val, hotelName: val }));\r\n                          if (activeItemType === 'hospedagem') searchHotels(val);\r\n                        }}\r\n                      />\r\n                      {hotelLookupLoading && (\r\n                        <div className=\"absolute right-3 top-1/2 -translate-y-1/2\">\r\n                          <Loader2 className=\"w-4 h-4 animate-spin text-cyan-500\" />\r\n                        </div>\r\n                      )}\r\n                    </div>\r\n\r\n                    {/* Sugest├Áes de Hotel */}\r\n                    <AnimatePresence>\r\n                      {showHotelSuggestions && hotelSuggestions.length > 0 && (\r\n                        <motion.div\r\n                          initial={{ opacity: 0, y: -10 }}\r\n                          animate={{ opacity: 1, y: 0 }}\r\n                          exit={{ opacity: 0, y: -10 }}\r\n                          className=\"absolute z-[70] left-0 right-0 top-full mt-1 bg-white dark:bg-slate-800 border border-gray-200 dark:border-slate-700 rounded-xl shadow-xl overflow-hidden max-h-[300px] overflow-y-auto\"\r\n                        >\r\n                          {hotelSuggestions.map((h, i) => (\r\n                            <button\r\n                              key={i}\r\n                              type=\"button\"\r\n                              onClick={() => selectHotelSuggestion(h)}\r\n                              className=\"w-full px-4 py-3 text-left hover:bg-gray-50 dark:hover:bg-slate-700 border-b border-gray-100 dark:border-slate-700 last:border-0 flex items-center gap-3\"\r\n                            >\r\n                              <div className=\"w-10 h-10 bg-gray-100 dark:bg-slate-700 rounded-lg flex items-center justify-center overflow-hidden flex-shrink-0\">\r\n                                {h.photo ? <img src={h.photo} className=\"w-full h-full object-cover\" /> : <Hotel className=\"w-5 h-5 text-gray-400\" />}\r\n                              </div>\r\n                              <div className=\"flex-1 min-w-0\">\r\n                                <p className=\"text-sm font-bold text-gray-900 dark:text-gray-100 truncate\">{h.name}</p>\r\n                                <p className=\"text-[10px] text-gray-500 dark:text-gray-400 truncate\">{h.address}</p>\r\n                              </div>\r\n                            </button>\r\n                          ))}\r\n                        </motion.div>\r\n                      )}\r\n                    </AnimatePresence>\r\n                  </div>\r\n                  <div className=\"space-y-1\">\r\n                    <label className=\"text-xs font-bold text-gray-500 dark:text-gray-400\">Fornecedor <span className=\"text-red-500\">*</span></label>\r\n                    <select \r\n                      className=\"w-full px-4 py-2 bg-white dark:bg-slate-900 border border-gray-200 dark:border-slate-700 text-gray-900 dark:text-white rounded-xl text-sm outline-none cursor-pointer\"\r\n                      value={currentItem.vendor || ''}\r\n                      onChange={e => setCurrentItem(prev => ({ ...prev, vendor: e.target.value }))}\r\n                      required\r\n                    >\r\n                      <option value=\"\">Selecione um fornecedor...</option>\r\n                      {suppliers.map(s => (\r\n                        <option key={s.id} value={s.name}>{s.name}</option>\r\n                      ))}\r\n                    </select>\r\n                  </div>\r\n                  <div className=\"space-y-1\">\r\n                    <label className=\"text-xs font-bold text-gray-500 dark:text-gray-400\">Data de Emiss├úo</label>\r\n                    <input \r\n                      type=\"date\" \r\n                      className=\"w-full px-4 py-2 bg-white dark:bg-slate-900 border border-gray-200 dark:border-slate-700 text-gray-900 dark:text-white rounded-xl text-sm outline-none\"\r\n                      value={currentItem.emissionDate || ''}\r\n                      onChange={e => setCurrentItem(prev => ({ ...prev, emissionDate: e.target.value }))}\r\n                    />\r\n                  </div>\r\n                </div>\r\n\r\n                {(activeItemType === 'hospedagem' || activeItemType === 'aluguel') && (\r\n                  <div className=\"grid grid-cols-2 gap-4\">\r\n                    <div className=\"space-y-1\">\r\n                      <label className=\"text-xs font-bold text-gray-500 dark:text-gray-400\">\r\n                        {activeItemType === 'hospedagem' ? 'Check-in' : 'Data do In├¡cio'}\r\n                      </label>\r\n                      <input \r\n                        type=\"date\" \r\n                        className=\"w-full px-4 py-2 bg-white dark:bg-slate-900 border border-gray-200 dark:border-slate-700 text-gray-900 dark:text-white rounded-xl text-sm outline-none\"\r\n                        value={currentItem.checkIn || ''}\r\n                        onChange={e => setCurrentItem(prev => ({ ...prev, checkIn: e.target.value }))}\r\n                      />\r\n                    </div>\r\n                    <div className=\"space-y-1\">\r\n                      <label className=\"text-xs font-bold text-gray-500 dark:text-gray-400\">\r\n                        {activeItemType === 'hospedagem' ? 'Check-out' : 'Data do Fim'}\r\n                      </label>\r\n                      <input \r\n                        type=\"date\" \r\n                        className=\"w-full px-4 py-2 bg-white dark:bg-slate-900 border border-gray-200 dark:border-slate-700 text-gray-900 dark:text-white rounded-xl text-sm outline-none\"\r\n                        value={currentItem.checkOut || ''}\r\n                        onChange={e => setCurrentItem(prev => ({ ...prev, checkOut: e.target.value }))}\r\n                      />\r\n                    </div>\r\n                  </div>\r\n                )}\r\n\r\n                {activeItemType === 'seguro' && (\r\n                  <div className=\"grid grid-cols-2 gap-4\">\r\n                    <div className=\"space-y-1\">\r\n                      <label className=\"text-xs font-bold text-gray-500 dark:text-gray-400\">Data do In├¡cio</label>\r\n                      <input \r\n                        type=\"date\" \r\n                        className=\"w-full px-4 py-2 bg-white dark:bg-slate-900 border border-gray-200 dark:border-slate-700 text-gray-900 dark:text-white rounded-xl text-sm outline-none\"\r\n                        value={currentItem.departureDate || ''}\r\n                        onChange={e => setCurrentItem(prev => ({ ...prev, departureDate: e.target.value }))}\r\n                      />\r\n                    </div>\r\n                    <div className=\"space-y-1\">\r\n                      <label className=\"text-xs font-bold text-gray-500 dark:text-gray-400\">Data do Fim</label>\r\n                      <input \r\n                        type=\"date\" \r\n                        className=\"w-full px-4 py-2 bg-white dark:bg-slate-900 border border-gray-200 dark:border-slate-700 text-gray-900 dark:text-white rounded-xl text-sm outline-none\"\r\n                        value={currentItem.returnDate || ''}\r\n                        onChange={e => setCurrentItem(prev => ({ ...prev, returnDate: e.target.value }))}\r\n                      />\r\n                    </div>\r\n                  </div>\r\n                )}\r\n              </div>\r\n            )}\r\n\r\n            <div className=\"space-y-6 pt-6 border-t border-gray-100\">\r\n              <span className=\"text-xs font-bold text-gray-500 dark:text-gray-400 dark:text-gray-400 uppercase\">FINANCEIRO</span>\r\n              <div className=\"grid grid-cols-3 gap-4\">\r\n                <div className=\"space-y-1 text-left\">\r\n                  <label className=\"text-xs font-bold text-gray-500 dark:text-gray-400\">Valor Pago pelo Cliente (R$)</label>\r\n                  <NumericFormat\r\n                    thousandSeparator=\".\"\r\n                    decimalSeparator=\",\"\r\n                    prefix=\"R$ \"\r\n                    decimalScale={2}\r\n                    fixedDecimalScale\r\n                    placeholder=\"R$ 0,00\"\r\n                    className=\"w-full px-4 py-2 bg-white dark:bg-slate-900 border border-gray-200 dark:border-slate-700 text-gray-900 dark:text-white rounded-xl text-sm outline-none\"\r\n                    value={currentItem.valuePaidByCustomer}\r\n                    onValueChange={(values) => {\r\n                      setCurrentItem(prev => ({ ...prev, valuePaidByCustomer: values.floatValue || 0 }));\r\n                    }}\r\n                  />\r\n                </div>\r\n                <div className=\"space-y-1\">\r\n                  <label className=\"text-xs font-bold text-gray-500 dark:text-gray-400\">Custo</label>\r\n                  <NumericFormat\r\n                    thousandSeparator=\".\"\r\n                    decimalSeparator=\",\"\r\n                    prefix=\"R$ \"\r\n                    decimalScale={2}\r\n                    fixedDecimalScale\r\n                    placeholder=\"R$ 0,00\"\r\n                    className=\"w-full px-4 py-2 bg-white dark:bg-slate-900 border border-gray-200 dark:border-slate-700 text-gray-900 dark:text-white rounded-xl text-sm outline-none\"\r\n                    value={currentItem.emissionValue}\r\n                    onValueChange={(values) => {\r\n                      setCurrentItem(prev => ({ ...prev, emissionValue: values.floatValue || 0 }));\r\n                    }}\r\n                  />\r\n                </div>\r\n                <div className=\"space-y-1\">\r\n                  <label className=\"text-xs font-bold text-gray-500 dark:text-gray-400\">Comiss├úo</label>\r\n                  <NumericFormat\r\n                    thousandSeparator=\".\"\r\n                    decimalSeparator=\",\"\r\n                    prefix=\"R$ \"\r\n                    decimalScale={2}\r\n                    fixedDecimalScale\r\n                    placeholder=\"R$ 0,00\"\r\n                    className=\"w-full px-4 py-2 bg-white dark:bg-slate-900 border border-gray-200 dark:border-slate-700 text-gray-900 dark:text-white rounded-xl text-sm outline-none\"\r\n                    value={currentItem.additionalCosts}\r\n                    onValueChange={(values) => {\r\n                      const val = values.floatValue || 0;\r\n                      setCurrentItem(prev => {\r\n                        let newModel = prev.saleModel;\r\n                        if (val > 0 && prev.saleModel !== 'Comiss├úo direta') newModel = 'Comiss├úo direta';\r\n                        \r\n                        let comDate = prev.commissionDate || '';\r\n                        if (prev.vendor?.toLowerCase().includes('hoteldo') && val > 0) {\r\n                          const baseDateStr = prev.emissionDate || formData.saleDate;\r\n                          if (baseDateStr) {\r\n                             try {\r\n                               const d = new Date(baseDateStr + 'T12:00:00Z');\r\n                               const day = d.getUTCDay();\r\n                               let daysToClosing = 0;\r\n                               if (day === 4) daysToClosing = 0;\r\n                               else if (day < 4) daysToClosing = 4 - day;\r\n                               else daysToClosing = 11 - day;\r\n                               d.setUTCDate(d.getUTCDate() + daysToClosing + 7);\r\n                               comDate = d.toISOString().split('T')[0];\r\n                             } catch(e){}\r\n                          }\r\n                        }\r\n                        \r\n                        return { \r\n                          ...prev, \r\n                          additionalCosts: val,\r\n                          saleModel: newModel,\r\n                          commissionDate: comDate\r\n                        };\r\n                      });\r\n                    }}\r\n                  />\r\n                </div>\r\n              </div>\r\n              <div className=\"flex items-center gap-4\">\r\n                {/* Comiss├úo movida para cima */}\r\n                {/* Campo de comiss├úo removido daqui */}\r\n                {currentItem.saleModel === 'Comiss├úo direta' && (\r\n                  <div className=\"space-y-1 flex-1 max-w-[150px] animate-in fade-in zoom-in-95 duration-200\">\r\n                    <label className=\"text-xs font-bold text-gray-500 dark:text-gray-400 whitespace-nowrap\">Data Repasse</label>\r\n                    <input\r\n                      type=\"date\"\r\n                      className=\"w-full px-3 py-2 bg-white dark:bg-slate-900 border border-gray-200 dark:border-slate-700 text-gray-900 dark:text-white rounded-xl text-sm outline-none\"\r\n                      value={currentItem.commissionDate || ''}\r\n                      onChange={e => setCurrentItem(prev => ({ ...prev, commissionDate: e.target.value }))}\r\n                    />\r\n                  </div>\r\n                )}\r\n                {/* Movid Modelo de Venda */}\r\n                <div className=\"flex flex-col gap-1 min-w-[280px]\">\r\n                  <label className=\"text-xs font-bold text-gray-500 dark:text-gray-400\">Bilhetes (PDF)</label>\r\n                  <div className=\"flex gap-2\">\r\n                    {/* Bilhete 1 */}\r\n                    <div className=\"flex-1\">\r\n                      <input \r\n                        type=\"file\" \r\n                        ref={fileInputRef}\r\n                        className=\"hidden\" \r\n                        accept=\".pdf\"\r\n                        onChange={(e) => handleTicketUpload(e, 1)}\r\n                      />\r\n                      {currentItem.ticket_url ? (\r\n                        <div className=\"flex items-center gap-2 px-3 py-2 bg-green-50 dark:bg-green-500/10 border border-green-100 dark:border-green-500/20 rounded-xl h-[38px]\">\r\n                          <FileText className=\"w-3.5 h-3.5 text-green-600\" />\r\n                          <span className=\"text-[10px] font-bold text-green-600 truncate max-w-[60px]\">PDF 1</span>\r\n                          <button \r\n                            type=\"button\" \r\n                            onClick={() => setCurrentItem(prev => ({ ...prev, ticket_url: undefined }))}\r\n                            className=\"p-1 hover:bg-green-100 rounded-full text-green-600\"\r\n                          >\r\n                            <X className=\"w-3 h-3\" />\r\n                          </button>\r\n                        </div>\r\n                      ) : (\r\n                        <button \r\n                          type=\"button\"\r\n                          disabled={isUploadingTicket}\r\n                          onClick={() => fileInputRef.current?.click()}\r\n                          className=\"w-full px-3 py-2 bg-white dark:bg-slate-900 border border-dashed border-gray-300 dark:border-slate-700 hover:border-cyan-500 hover:text-cyan-500 text-gray-500 rounded-xl text-[10px] font-bold transition-all flex items-center justify-center gap-2 h-[38px]\"\r\n                        >\r\n                          {isUploadingTicket ? <Loader2 className=\"w-3 h-3 animate-spin\" /> : <Upload className=\"w-3 h-3\" />} PDF 1\r\n                        </button>\r\n                      )}\r\n                    </div>\r\n\r\n                    {/* Bilhete 2 */}\r\n                    <div className=\"flex-1\">\r\n                      <input \r\n                        type=\"file\" \r\n                        ref={fileInputRef2}\r\n                        className=\"hidden\" \r\n                        accept=\".pdf\"\r\n                        onChange={(e) => handleTicketUpload(e, 2)}\r\n                      />\r\n                      {currentItem.ticket_url2 ? (\r\n                        <div className=\"flex items-center gap-2 px-3 py-2 bg-green-50 dark:bg-green-500/10 border border-green-100 dark:border-green-500/20 rounded-xl h-[38px]\">\r\n                          <FileText className=\"w-3.5 h-3.5 text-green-600\" />\r\n                          <span className=\"text-[10px] font-bold text-green-600 truncate max-w-[60px]\">PDF 2</span>\r\n                          <button \r\n                            type=\"button\" \r\n                            onClick={() => setCurrentItem(prev => ({ ...prev, ticket_url2: undefined }))}\r\n                            className=\"p-1 hover:bg-green-100 rounded-full text-green-600\"\r\n                          >\r\n                            <X className=\"w-3 h-3\" />\r\n                          </button>\r\n                        </div>\r\n                      ) : (\r\n                        <button \r\n                          type=\"button\"\r\n                          disabled={isUploadingTicket}\r\n                          onClick={() => fileInputRef2.current?.click()}\r\n                          className=\"w-full px-3 py-2 bg-white dark:bg-slate-900 border border-dashed border-gray-300 dark:border-slate-700 hover:border-cyan-500 hover:text-cyan-500 text-gray-500 rounded-xl text-[10px] font-bold transition-all flex items-center justify-center gap-2 h-[38px]\"\r\n                        >\r\n                          {isUploadingTicket ? <Loader2 className=\"w-3 h-3 animate-spin\" /> : <Upload className=\"w-3 h-3\" />} PDF 2\r\n                        </button>\r\n                      )}\r\n                    </div>\r\n                  </div>\r\n                </div>\r\n\r\n                <div className=\"flex-1 flex items-end justify-end\">\r\n                  <button \r\n                    type=\"button\"\r\n                    onClick={handleAddItem}\r\n                    className={`px-4 py-2 rounded-xl text-xs font-bold transition-all flex items-center gap-2 h-[38px] shadow-sm ${\r\n                      editingItemId \r\n                        ? 'bg-amber-500 text-white hover:bg-amber-600' \r\n                        : 'bg-[#06B6D4] text-white hover:bg-[#0891B2]'\r\n                    }`}\r\n                  >\r\n                    {editingItemId ? (\r\n                      <>\r\n                        <Settings className=\"w-3 h-3\" /> Atualizar\r\n                      </>\r\n                    ) : (\r\n                      <>\r\n                        <Plus className=\"w-3 h-3\" /> Adicionar item\r\n                      </>\r\n                    )}\r\n                  </button>\r\n                </div>\r\n            </div>\r\n          </div>\r\n        </div>\r\n\r\n          {/* Itens movidos para a barra lateral */}\r\n\r\n          <div className=\"space-y-6\">\r\n            <div className=\"grid grid-cols-2 md:grid-cols-4 gap-4 items-end\">\r\n              <div className=\"space-y-1\">\r\n                <div className=\"flex items-center gap-2 h-4\">\r\n                  <label className=\"text-[10px] font-bold text-gray-400 uppercase tracking-wider\">Modelo de Venda</label>\r\n                  <button \r\n                    type=\"button\"\r\n                    onClick={() => setIsModelHelpOpen(true)}\r\n                    className=\"w-3.5 h-3.5 rounded-full bg-gray-100 flex items-center justify-center text-[8px] font-black text-gray-400 hover:bg-gray-200 hover:text-cyan-600 transition-colors\"\r\n                  >\r\n                    !\r\n                  </button>\r\n                </div>\r\n                <select \r\n                  className=\"w-full px-4 py-2.5 bg-gray-50 dark:bg-slate-900 border border-gray-200 dark:border-slate-700 text-gray-900 dark:text-white rounded-xl text-sm outline-none cursor-pointer\"\r\n                  value={currentItem.saleModel || 'Revenda'}\r\n                  onChange={e => setCurrentItem(prev => ({ ...prev, saleModel: e.target.value }))}\r\n                >\r\n                  <option value=\"Customizado\">Customizado</option>\r\n                  <option value=\"Comiss├úo direta\">Comiss├úo direta</option>\r\n                  <option value=\"Comiss├úo com repasse\">Comiss├úo com repasse</option>\r\n                  <option value=\"Revenda\">Revenda</option>\r\n                </select>\r\n              </div>\r\n              <div className=\"space-y-1\">\r\n                <label className=\"text-[10px] font-bold text-gray-400 uppercase tracking-wider h-4 flex items-center\">M├®todo de Pagamento</label>\r\n                <select \r\n                  className=\"w-full px-4 py-2.5 bg-gray-50 dark:bg-slate-900 border border-gray-200 dark:border-slate-700 text-gray-900 dark:text-white rounded-xl text-sm\"\r\n                  value={formData.paymentMethod}\r\n                  onChange={e => setFormData(prev => ({ ...prev, paymentMethod: e.target.value }))}\r\n                >\r\n                  <option value=\"N├úo definido\">N├úo definido</option>\r\n                  <option value=\"Cart├úo de Cr├®dito\">Cart├úo de Cr├®dito</option>\r\n                  <option value=\"Pix\">Pix</option>\r\n                  <option value=\"Dinheiro\">Dinheiro</option>\r\n                  <option value=\"Boleto\">Boleto</option>\r\n                </select>\r\n              </div>\r\n              <div className=\"space-y-1\">\r\n                <label className=\"text-[10px] font-bold text-gray-400 uppercase tracking-wider h-4 flex items-center\">Status Custo</label>\r\n                <select \r\n                  className=\"w-full px-4 py-2.5 bg-gray-50 dark:bg-slate-900 border border-gray-200 dark:border-slate-700 text-gray-900 dark:text-white rounded-xl text-sm\"\r\n                  value={formData.costStatus}\r\n                  onChange={e => setFormData(prev => ({ ...prev, costStatus: e.target.value as TransactionStatus }))}\r\n                >\r\n                  <option value=\"Pendente\">Pendente</option>\r\n                  <option value=\"Pago\">Pago</option>\r\n                </select>\r\n              </div>\r\n              <div className=\"space-y-1\">\r\n                <label className=\"text-[10px] font-bold text-gray-400 uppercase tracking-wider h-4 flex items-center\">Status Venda</label>\r\n                <select \r\n                  className=\"w-full px-4 py-2.5 bg-gray-50 dark:bg-slate-900 border border-gray-200 dark:border-slate-700 text-gray-900 dark:text-white rounded-xl text-sm\"\r\n                  value={formData.saleStatus}\r\n                  onChange={e => setFormData(prev => ({ ...prev, saleStatus: e.target.value as TransactionStatus }))}\r\n                >\r\n                  <option value=\"Pendente\">Pendente</option>\r\n                  <option value=\"Recebido\">Recebido</option>\r\n                  <option value=\"Parcial\">Parcial</option>\r\n                  <option value=\"Atrasado\">Atrasado</option>\r\n                  <option value=\"Cancelado\">Cancelado</option>\r\n                </select>\r\n              </div>\r\n            </div>\r\n\r\n            <div className=\"space-y-1\">\r\n              <label className=\"text-xs font-bold text-gray-500 dark:text-gray-400 dark:text-gray-400 uppercase tracking-wider\">Observa├º├Áes</label>\r\n              <textarea \r\n                placeholder=\"Observa├º├Áes sobre a venda...\"\r\n                className=\"w-full px-4 py-2.5 bg-gray-50 dark:bg-slate-900 border border-gray-200 dark:border-slate-700 text-gray-900 dark:text-white rounded-xl text-sm min-h-[80px]\"\r\n                value={formData.notes}\r\n                onChange={e => setFormData(prev => ({ ...prev, notes: e.target.value }))}\r\n              />\r\n            </div>\r\n          </div>\r\n          </div>\r\n\r\n          {/* COLUNA DIREITA (SIDEBAR) */}\r\n          <div className=\"w-full md:w-[320px] flex flex-col gap-5 shrink-0 overflow-y-auto custom-scrollbar pr-1 pb-10\">\r\n            {/* Resumo Financeiro Pequeno */}\r\n            <div className=\"bg-white dark:bg-slate-800 p-5 rounded-2xl border border-gray-100 dark:border-slate-700/50 shadow-sm space-y-5\">\r\n              <h3 className=\"font-black text-xs uppercase text-gray-400 tracking-widest border-b border-gray-50 dark:border-slate-700 pb-2\">Resumo Financeiro</h3>\r\n              <div className=\"space-y-4\">\r\n                <div className=\"flex justify-between items-end\">\r\n                  <div className=\"space-y-0.5\">\r\n                    <span className=\"text-xs font-black text-gray-400 uppercase tracking-tighter\">Venda</span>\r\n                    <p className=\"text-xl font-black text-gray-900 dark:text-white leading-none\">\r\n                      {new Intl.NumberFormat('pt-BR', { style: 'currency', currency: 'BRL' }).format(totalValue)}\r\n                    </p>\r\n                  </div>\r\n                </div>\r\n                <div className=\"flex justify-between items-end pt-1\">\r\n                  <div className=\"space-y-0.5\">\r\n                    <span className=\"text-xs font-black text-red-400/80 uppercase tracking-tighter\">Custo Total</span>\r\n                    <p className=\"text-lg font-bold text-red-500/90 leading-none\">\r\n                      {new Intl.NumberFormat('pt-BR', { style: 'currency', currency: 'BRL' }).format(totalCost)}\r\n                    </p>\r\n                  </div>\r\n                </div>\r\n                <div className=\"pt-4 border-t border-gray-50 dark:border-slate-700 flex justify-between items-center\">\r\n                  <span className=\"text-xs font-black text-gray-400 uppercase tracking-tighter\">Lucro/Comiss├úo</span>\r\n                  <div className=\"text-right\">\r\n                    <p className=\"text-2xl font-black text-emerald-500\">\r\n                      {new Intl.NumberFormat('pt-BR', { style: 'currency', currency: 'BRL' }).format(profit)}\r\n                    </p>\r\n                    <p className=\"text-xs text-emerald-600 font-bold opacity-80 leading-none\">{margin.toFixed(1)}% margem</p>\r\n                  </div>\r\n                </div>\r\n              </div>\r\n            </div>\r\n\r\n            {/* ITENS ADICIONADOS (SIDEBAR) */}\r\n            {formData.items && formData.items.length > 0 && (\r\n              <div className=\"space-y-3\">\r\n                <h3 className=\"font-black text-[10px] uppercase text-gray-400 tracking-widest px-1\">Produtos na Reserva ({formData.items.length})</h3>\r\n                <div className=\"space-y-2\">\r\n                  {formData.items.map((item, index) => (\r\n                    <div key={item.id} className=\"p-3 bg-white dark:bg-slate-800 border border-gray-100 dark:border-slate-700/50 rounded-xl shadow-sm space-y-2 relative group\">\r\n                      <div className=\"flex items-center justify-between\">\r\n                        <div className=\"flex items-center gap-2\">\r\n                          <div className=\"w-6 h-6 bg-cyan-50 dark:bg-cyan-500/10 rounded flex items-center justify-center text-cyan-600 font-bold text-[10px]\">\r\n                            {index + 1}\r\n                          </div>\r\n                          <span className=\"text-[11px] font-black text-gray-900 dark:text-gray-100 uppercase\">{item.type}</span>\r\n                        </div>\r\n                        <div className=\"flex items-center gap-1\">\r\n                          <button onClick={() => editItem(item)} className=\"p-1 text-gray-400 hover:text-amber-500 transition-colors\"><Settings className=\"w-3.5 h-3.5\" /></button>\r\n                          <button onClick={() => removeItem(item.id)} className=\"p-1 text-gray-400 hover:text-red-500 transition-colors\"><Trash2 className=\"w-3.5 h-3.5\" /></button>\r\n                        </div>\r\n                      </div>\r\n                      \r\n                      <div className=\"flex flex-wrap gap-1\">\r\n                        {item.passengerName && item.passengerName.split(', ').map((name, i) => (\r\n                          <span key={i} className=\"text-[8px] px-1.5 py-0.5 bg-gray-50 dark:bg-slate-900 border border-gray-200 dark:border-slate-700 text-gray-500 dark:text-gray-400 rounded font-black uppercase tracking-tighter truncate max-w-[120px]\">\r\n                            {name}\r\n                          </span>\r\n                        ))}\r\n                      </div>\r\n\r\n                      <div className=\"flex items-center justify-between pt-1 border-t border-gray-50 dark:border-slate-700/50\">\r\n                        <span className=\"text-[10px] font-bold text-gray-900 dark:text-gray-100\">\r\n                          {new Intl.NumberFormat('pt-BR', { style: 'currency', currency: 'BRL' }).format(item.valuePaidByCustomer || 0)}\r\n                        </span>\r\n                        <span className={`text-[10px] font-black ${ (item.additionalCosts || 0) > 0 ? 'text-emerald-500' : 'text-gray-400' }`}>\r\n                          {new Intl.NumberFormat('pt-BR', { style: 'currency', currency: 'BRL' }).format(\r\n                            (item.additionalCosts || 0) > 0 \r\n                              ? (item.additionalCosts || 0) \r\n                              : ((item.valuePaidByCustomer || 0) - (item.emissionValue || 0))\r\n                          )}\r\n                        </span>\r\n                        {item.ticket_url && <FileText className=\"w-3 h-3 text-red-500\" />}\r\n                      </div>\r\n                    </div>\r\n                  ))}\r\n                </div>\r\n              </div>\r\n            )}\r\n\r\n            <button \r\n              type=\"button\"\r\n              onClick={handleSubmit}\r\n              className=\"w-full py-4 bg-[#06B6D4] text-white font-black text-sm uppercase tracking-widest rounded-xl hover:bg-[#0891B2] shadow-xl shadow-cyan-500/20 transition-all active:scale-95\"\r\n            >\r\n              FINALIZAR VENDA\r\n            </button>\r\n            <button \r\n              type=\"button\"\r\n              onClick={onClose}\r\n              className=\"w-full py-2.5 text-[10px] font-black uppercase tracking-widest text-gray-400 dark:text-gray-500 hover:bg-gray-100 dark:hover:bg-slate-800 rounded-xl transition-all\"\r\n            >\r\n              CANCELAR\r\n            </button>\r\n          </div>\r\n        </div>\r\n      </motion.div>\r\n\r\n      {/* MODAL DE BUSCA */}\r\n      <SearchSelectorModal \r\n        isOpen={isSearchSelectorOpen}\r\n        onClose={() => setIsSearchSelectorOpen(false)}\r\n        onSelect={(id) => {\r\n          const item = saleTargetType === 'individual' \r\n            ? customers.find(c => c.id === id) \r\n            : (groups.find(g => g.id === id) as any);\r\n          const name = item ? (item.name || '') : '';\r\n          \r\n          if (saleTargetType === 'individual') {\r\n            setFormData(prev => ({ ...prev, customerId: id, customerName: name }));\r\n          } else {\r\n            setFormData(prev => ({ ...prev, groupId: id, groupName: name }));\r\n          }\r\n          setIsSearchSelectorOpen(false);\r\n        }}\r\n        items={saleTargetType === 'individual' \r\n          ? customers.map(c => ({ id: c.id, name: c.name, originalItem: c })) \r\n          : groups.map(g => ({ id: g.id, name: g.name, originalItem: g }))\r\n        }\r\n        title={saleTargetType === 'individual' ? 'Selecionar Cliente' : 'Selecionar Grupo'}\r\n      />\r\n\r\n      {/* MODAL DE AJUDA: MODELOS DE VENDA */}\r\n      <AnimatePresence>\r\n        {isModelHelpOpen && (\r\n          <div className=\"fixed inset-0 z-[70] flex items-center justify-center p-4 bg-gray-900/40 backdrop-blur-sm\">\r\n            <motion.div \r\n              initial={{ opacity: 0, scale: 0.95, y: 20 }}\r\n              animate={{ opacity: 1, scale: 1, y: 0 }}\r\n              exit={{ opacity: 0, scale: 0.95, y: 20 }}\r\n              className=\"bg-white dark:bg-[#1e293b] rounded-[32px] w-full max-w-4xl border border-gray-100 dark:border-slate-700/50 max-h-[90vh] overflow-y-auto shadow-2xl relative\"\r\n            >\r\n              <div className=\"p-8 border-b border-gray-100 flex items-center justify-between sticky top-0 bg-white dark:bg-[#1e293b] z-10\">\r\n                <h2 className=\"text-xl font-black text-gray-900 dark:text-gray-100 uppercase tracking-tight\">Modelos de venda</h2>\r\n                <button onClick={() => setIsModelHelpOpen(false)} className=\"p-2 hover:bg-gray-100 rounded-full transition-all text-gray-400\">\r\n                  <X className=\"w-5 h-5\" />\r\n                </button>\r\n              </div>\r\n\r\n              <div className=\"p-8 space-y-8\">\r\n                <p className=\"text-sm font-bold text-gray-400\">Conhe├ºa os modelos de venda dispon├¡veis e como cada um gera lan├ºamentos financeiros.</p>\r\n                \r\n                <div className=\"grid grid-cols-1 md:grid-cols-2 gap-6\">\r\n                  {/* CUSTOMIZADO */}\r\n                  <div className=\"p-6 border border-gray-100 dark:border-slate-700/50 rounded-3xl space-y-4 hover:border-cyan-100 transition-all group\">\r\n                    <div className=\"flex items-center gap-3\">\r\n                      <div className=\"w-10 h-10 rounded-xl bg-green-600 flex items-center justify-center text-white shadow-lg shadow-green-500/20\">\r\n                        <LayoutGrid className=\"w-5 h-5\" />\r\n                      </div>\r\n                      <h3 className=\"text-lg font-black text-gray-800 dark:text-gray-200\">Customizado</h3>\r\n                    </div>\r\n                    <p className=\"text-sm font-bold text-gray-400 leading-relaxed\">Nenhum lan├ºamento ├® criado automaticamente. Os lan├ºamentos financeiros devem ser feitos manualmente.</p>\r\n                  </div>\r\n\r\n                  {/* COMISS├âO DIRETA */}\r\n                  <div className=\"p-6 border border-gray-100 dark:border-slate-700/50 rounded-3xl space-y-4 hover:border-cyan-100 transition-all group\">\r\n                    <div className=\"flex items-center gap-3\">\r\n                      <div className=\"w-10 h-10 rounded-xl bg-blue-600 flex items-center justify-center text-white shadow-lg shadow-blue-500/20\">\r\n                        <DollarSign className=\"w-5 h-5\" />\r\n                      </div>\r\n                      <h3 className=\"text-lg font-black text-gray-800 dark:text-gray-200\">Comiss├úo direta</h3>\r\n                    </div>\r\n                    <p className=\"text-sm font-bold text-gray-400 leading-relaxed\">O cliente paga diretamente o fornecedor ou consolidadora. A ag├¬ncia recebe apenas a comiss├úo/lucro.</p>\r\n                    <div className=\"flex flex-wrap gap-2 pt-2\">\r\n                      <span className=\"px-3 py-1.5 bg-green-50 text-green-600 rounded-full text-[10px] font-black uppercase tracking-tighter\">Receita (valor da comiss├úo/lucro)</span>\r\n                    </div>\r\n                  </div>\r\n\r\n                  {/* COMISS├âO COM REPASSE */}\r\n                  <div className=\"p-6 border border-gray-100 dark:border-slate-700/50 rounded-3xl space-y-4 hover:border-cyan-100 transition-all group\">\r\n                    <div className=\"flex items-center gap-3\">\r\n                      <div className=\"w-10 h-10 rounded-xl bg-yellow-500 flex items-center justify-center text-white shadow-lg shadow-yellow-500/20\">\r\n                        <RefreshCw className=\"w-5 h-5\" />\r\n                      </div>\r\n                      <h3 className=\"text-lg font-black text-gray-800 dark:text-gray-200\">Comiss├úo com repasse</h3>\r\n                    </div>\r\n                    <p className=\"text-sm font-bold text-gray-400 leading-relaxed\">O cliente paga a ag├¬ncia, e a ag├¬ncia repassa o valor total ao fornecedor.</p>\r\n                    <div className=\"flex flex-wrap gap-2 pt-2\">\r\n                      <span className=\"px-3 py-1.5 bg-blue-50 text-blue-600 rounded-full text-[10px] font-black uppercase tracking-tighter\">Repasse de entrada (valor do cliente)</span>\r\n                      <span className=\"px-3 py-1.5 bg-blue-50 text-blue-600 rounded-full text-[10px] font-black uppercase tracking-tighter\">Repasse de sa├¡da (valor do fornecedor)</span>\r\n                      <span className=\"px-3 py-1.5 bg-green-50 text-green-600 rounded-full text-[10px] font-black uppercase tracking-tighter\">Receita (valor da comiss├úo/lucro)</span>\r\n                    </div>\r\n                  </div>\r\n\r\n                  {/* REVENDA */}\r\n                  <div className=\"p-6 border border-gray-100 dark:border-slate-700/50 rounded-3xl space-y-4 hover:border-cyan-100 transition-all group\">\r\n                    <div className=\"flex items-center gap-3\">\r\n                      <div className=\"w-10 h-10 rounded-xl bg-gray-900 flex items-center justify-center text-white shadow-lg shadow-gray-500/20\">\r\n                        <ArrowLeftRight className=\"w-5 h-5\" />\r\n                      </div>\r\n                      <h3 className=\"text-lg font-black text-gray-800 dark:text-gray-200\">Revenda</h3>\r\n                    </div>\r\n                    <p className=\"text-sm font-bold text-gray-400 leading-relaxed\">O cliente paga a ag├¬ncia e a ag├¬ncia paga o fornecedor.</p>\r\n                    <div className=\"flex flex-wrap gap-2 pt-2\">\r\n                      <span className=\"px-3 py-1.5 bg-green-50 text-green-600 rounded-full text-[10px] font-black uppercase tracking-tighter\">Receita (valor total)</span>\r\n                      <span className=\"px-3 py-1.5 bg-red-50 text-red-600 rounded-full text-[10px] font-black uppercase tracking-tighter\">Despesa (fornecedor)</span>\r\n                    </div>\r\n                  </div>\r\n                </div>\r\n              </div>\r\n\r\n              <div className=\"p-8 border-t border-gray-100 flex justify-end\">\r\n                <button \r\n                  onClick={() => setIsModelHelpOpen(false)}\r\n                  className=\"px-6 py-2.5 bg-gray-50 dark:bg-slate-800 text-gray-900 dark:text-gray-100 dark:text-gray-100 font-bold rounded-xl hover:bg-gray-100 transition-all flex items-center gap-2\"\r\n                >\r\n                  <ArrowLeft className=\"w-4 h-4\" /> Voltar\r\n                </button>\r\n              </div>\r\n            </motion.div>\r\n          </div>\r\n        )}\r\n      </AnimatePresence>\r\n    </div>\r\n  );\r\n}\r\n","usedDeprecatedRules":[]},{"filePath":"C:\\Users\\Cleber\\Documents\\EASY FLY\\SISTEMA\\Easy Fly\\components\\SalesView.tsx","messages":[{"ruleId":"react-hooks/exhaustive-deps","severity":1,"message":"React Hook useMemo has an unnecessary dependency: 'currentDate'. Either exclude it or remove the dependency array.","line":126,"column":6,"nodeType":"ArrayExpression","endLine":126,"endColumn":50,"suggestions":[{"desc":"Update the dependencies array to be: [sales, searchTerm, sortConfig]","fix":{"range":[4755,4799],"text":"[sales, searchTerm, sortConfig]"}}]}],"suppressedMessages":[],"errorCount":0,"fatalErrorCount":0,"warningCount":1,"fixableErrorCount":0,"fixableWarningCount":0,"source":"'use client';\n\nimport React, { useState, useMemo, useRef, useEffect } from 'react';\nimport {\n  Search, Settings, Trash2, Plus, Users,\n  Target, TrendingUp, DollarSign, Receipt, Plane, Activity,\n  ChevronLeft, ChevronRight, Calendar, Tag, FileText, SlidersHorizontal, Upload,\n  ArrowUpDown, X, LayoutGrid, RefreshCw, ArrowLeftRight, ArrowLeft\n} from 'lucide-react';\nimport { motion, AnimatePresence } from 'framer-motion';\nimport { Sale } from '@/types';\n\ninterface SalesViewProps {\n  sales: Sale[];\n  onAddSale: () => void;\n  onEditSale: (sale: Sale) => void;\n  onDeleteSale: (id: string) => void;\n  onUpdateSale: (saleId: string, updates: Partial<Sale>) => void;\n  currentUser: any;\n  fetchSales: (filters?: { startDate?: string; endDate?: string }) => Promise<void>;\n  showValues?: boolean;\n}\n\nexport function SalesView({\n  sales,\n  onAddSale,\n  onEditSale,\n  onDeleteSale,\n  onUpdateSale,\n  currentUser,\n  fetchSales,\n  showValues = true\n}: SalesViewProps) {\n  // Helper para formatar data sem sofrer com fuso hor├írio (UTC vs Local)\n  const formatDate = (dateString: string | undefined | null) => {\n    if (!dateString) return '-';\n    // Se vier no formato YYYY-MM-DD\n    if (dateString.includes('-') && dateString.length <= 10) {\n      const [year, month, day] = dateString.split('-');\n      return `${day}/${month}/${year}`;\n    }\n    // Caso contr├írio (ISO string completa), usa o fallback seguro\n    try {\n      const date = new Date(dateString);\n      // For├ºa o meio do dia para evitar virar o dia no fuso hor├írio\n      date.setHours(12, 0, 0, 0);\n      return date.toLocaleDateString('pt-BR');\n    } catch {\n      return '-';\n    }\n  };\n\n  const [searchTerm, setSearchTerm] = useState('');\n  const [sortConfig, setSortConfig] = useState<{ key: keyof Sale | 'lucro'; direction: 'asc' | 'desc' } | null>(null);\n  const [isCalendarOpen, setIsCalendarOpen] = useState(false);\n  const [isModelHelpOpen, setIsModelHelpOpen] = useState(false);\n  const calendarRef = useRef<HTMLDivElement>(null);\n\n  // --- ESTADO DA DATA (Mar├ºo 2026 como base) ---\n  const [currentDate, setCurrentDate] = useState(new Date(2026, 2, 25));\n\n  // --- ATALHOS DO CALEND├üRIO ---\n  const handleShortcut = (type: string) => {\n    const today = new Date(2026, 2, 25);\n    switch (type) {\n      case 'Hoje': setCurrentDate(today); break;\n      case 'Ontem': setCurrentDate(new Date(2026, 2, 24)); break;\n      case 'Este m├¬s': setCurrentDate(new Date(2026, 2, 1)); break;\n      case 'M├¬s passado': setCurrentDate(new Date(2026, 1, 1)); break;\n      case 'Este ano': setCurrentDate(new Date(2026, 0, 1)); break;\n    }\n    setIsCalendarOpen(false);\n  };\n\n  // Fecha o calend├írio ao clicar fora\n  useEffect(() => {\n    function handleClickOutside(event: MouseEvent) {\n      if (calendarRef.current && !calendarRef.current.contains(event.target as Node)) {\n        setIsCalendarOpen(false);\n      }\n    }\n    document.addEventListener(\"mousedown\", handleClickOutside);\n    return () => document.removeEventListener(\"mousedown\", handleClickOutside);\n  }, []);\n\n  // --- BUSCA DIN├éMICA NO SUPABASE AO MUDAR O M├èS ---\n  useEffect(() => {\n    const firstDay = new Date(currentDate.getFullYear(), currentDate.getMonth(), 1);\n    const lastDay = new Date(currentDate.getFullYear(), currentDate.getMonth() + 1, 0);\n    \n    // Formata YYYY-MM-DD mantendo o fuso local\n    const formatDate = (d: Date) => d.toISOString().split('T')[0];\n    \n    fetchSales({ \n      startDate: formatDate(firstDay), \n      endDate: formatDate(lastDay) \n    });\n  }, [currentDate, fetchSales]);\n\n  const monthYearLabel = currentDate.toLocaleDateString('pt-BR', { month: 'long', year: 'numeric' });\n\n  // --- FILTRO E ORDENA├ç├âO DE VENDAS ---\n  const filteredSales = useMemo(() => {\n    let result = sales.filter(sale => {\n      // J├í vem filtrado por m├¬s do Supabase, filtramos apenas por termo de busca\n      const matchesSearch = sale.customerName.toLowerCase().includes(searchTerm.toLowerCase()) ||\n        sale.orderNumber?.toString().toLowerCase().includes(searchTerm.toLowerCase());\n\n      return matchesSearch;\n    });\n\n    if (sortConfig) {\n      result.sort((a: any, b: any) => {\n        const getSaleProfit = (s: any) => {\n          const comms = s.items?.reduce((sum: number, i: any) => sum + (i.additionalCosts || 0), 0) || 0;\n          return comms > 0 ? comms : (s.totalValue - s.totalCost);\n        };\n        const aValue = sortConfig.key === 'lucro' ? getSaleProfit(a) : a[sortConfig.key];\n        const bValue = sortConfig.key === 'lucro' ? getSaleProfit(b) : b[sortConfig.key];\n        if (aValue < bValue) return sortConfig.direction === 'asc' ? -1 : 1;\n        if (aValue > bValue) return sortConfig.direction === 'asc' ? 1 : -1;\n        return 0;\n      });\n    }\n    return result;\n  }, [sales, searchTerm, currentDate, sortConfig]);\n\n  // --- C├üLCULOS DIN├éMICOS ---\n  const stats = useMemo(() => {\n    const isAdminOrManager = currentUser?.role === 'Administrador' || currentUser?.role === 'Gerente';\n    const currentUserName = `${currentUser?.name} ${currentUser?.lastName || ''}`.trim();\n\n    // Filtra as vendas que comp├Áem os INDICADORES (Cards de cima)\n    const mySales = filteredSales.filter(s => isAdminOrManager || s.emissor === currentUserName);\n\n    const totalVendas = mySales.reduce((acc, s) => acc + (s.totalValue || 0), 0);\n    const lucroTotal = mySales.reduce((acc, s) => {\n      const saleCommissions = s.items?.reduce((sum, item) => sum + (item.additionalCosts || 0), 0) || 0;\n      const saleProfit = saleCommissions > 0 ? saleCommissions : (s.totalValue - s.totalCost);\n      return acc + (saleProfit || 0);\n    }, 0);\n    const custoTotal = totalVendas - lucroTotal;\n    return { totalVendas, custoTotal, lucroTotal };\n  }, [filteredSales, currentUser]);\n\n  const fmt = (value: number) => showValues\n    ? new Intl.NumberFormat('pt-BR', { style: 'currency', currency: 'BRL' }).format(value)\n    : 'ÔÇóÔÇóÔÇóÔÇóÔÇóÔÇó';\n\n  const formatCurrency = (value: number) => {\n    return new Intl.NumberFormat('pt-BR', { style: 'currency', currency: 'BRL' }).format(value);\n  };\n\n  const handleSort = (key: keyof Sale | 'lucro') => {\n    let direction: 'asc' | 'desc' = 'desc';\n    if (sortConfig && sortConfig.key === key && sortConfig.direction === 'desc') {\n      direction = 'asc';\n    }\n    setSortConfig({ key, direction });\n  };\n\n  return (\n    <div className=\"w-full space-y-6 relative\">\n\n      {/* 1. INDICADORES (Cards Superiores) */}\n      <div className=\"grid grid-cols-1 sm:grid-cols-2 lg:grid-cols-3 gap-4\">\n        <div className=\"bg-white dark:bg-[#1e293b] p-5 rounded-2xl shadow-sm border border-gray-100 dark:border-slate-700/50 flex justify-between\">\n          <div>\n            <p className=\"text-[10px] font-bold text-gray-400 dark:text-gray-500 uppercase mb-1\">Lucro Total</p>\n            <p className={`text-2xl font-bold ${stats.lucroTotal >= 0 ? 'text-gray-900 dark:text-white' : 'text-red-500 dark:text-red-400'}`}>\n              {fmt(stats.lucroTotal)}\n            </p>\n          </div>\n          <Target className=\"w-5 h-5 text-purple-300\" />\n        </div>\n        <div className=\"bg-white dark:bg-[#1e293b] p-5 rounded-2xl shadow-sm border border-gray-100 dark:border-slate-700/50 flex justify-between\">\n          <div>\n            <p className=\"text-[10px] font-bold text-gray-400 dark:text-gray-500 uppercase mb-1\">Total de Vendas</p>\n            <p className=\"text-2xl font-bold text-gray-900 dark:text-white\">{fmt(stats.totalVendas)}</p>\n          </div>\n          <TrendingUp className=\"w-5 h-5 text-purple-300\" />\n        </div>\n        <div className=\"bg-white dark:bg-[#1e293b] p-5 rounded-2xl shadow-sm border border-gray-100 dark:border-slate-700/50 flex justify-between\">\n          <div>\n            <p className=\"text-[10px] font-bold text-gray-400 dark:text-gray-500 uppercase mb-1\">Custo Total</p>\n            <p className=\"text-2xl font-bold text-gray-900 dark:text-white\">{fmt(stats.custoTotal)}</p>\n          </div>\n          <DollarSign className=\"w-5 h-5 text-purple-300\" />\n        </div>\n      </div>\n\n      {/* 2. BARRA DE FERRAMENTAS COM POPOVER DE CALEND├üRIO */}\n      <div className=\"flex flex-col xl:flex-row gap-4 relative\">\n\n        {/* Seletor de Data */}\n        <div className=\"flex items-center justify-between bg-white dark:bg-[#1e293b] px-4 py-2 rounded-xl shadow-sm border border-gray-100 dark:border-slate-700/50 min-w-[260px] relative\">\n          <button\n            onClick={() => setCurrentDate(new Date(currentDate.setMonth(currentDate.getMonth() - 1)))}\n            className=\"p-1 hover:bg-gray-100 dark:hover:bg-slate-800 rounded text-gray-400 dark:text-gray-500 cursor-pointer transition-colors\"\n          >\n            <ChevronLeft className=\"w-4 h-4\" />\n          </button>\n          <span className=\"font-bold text-gray-700 dark:text-gray-200 text-sm capitalize\">{monthYearLabel}</span>\n          <div className=\"flex items-center gap-2\">\n            <button\n              onClick={() => setCurrentDate(new Date(currentDate.setMonth(currentDate.getMonth() + 1)))}\n              className=\"p-1 hover:bg-gray-100 dark:hover:bg-slate-800 rounded text-gray-400 dark:text-gray-500 cursor-pointer transition-colors\"\n            >\n              <ChevronRight className=\"w-4 h-4\" />\n            </button>\n            <div className=\"w-px h-4 bg-gray-200 dark:bg-slate-700/50\"></div>\n\n            <button\n              onClick={() => setIsCalendarOpen(!isCalendarOpen)}\n              className={`p-1 rounded cursor-pointer transition-colors ${isCalendarOpen ? 'bg-purple-100 dark:bg-purple-900/40 text-purple-600 dark:text-purple-400' : 'text-gray-400 dark:text-gray-500 hover:bg-gray-100 dark:hover:bg-slate-800'}`}\n            >\n              <Calendar className=\"w-4 h-4\" />\n            </button>\n          </div>\n\n          {/* POPOVER DO CALEND├üRIO */}\n          {isCalendarOpen && (\n            <div ref={calendarRef} className=\"absolute top-14 left-0 z-50 bg-white dark:bg-[#1e293b] shadow-2xl border border-gray-200 dark:border-slate-700/50 rounded-2xl flex overflow-hidden animate-in fade-in zoom-in duration-200\">\n              <div className=\"w-44 bg-gray-50/50 dark:bg-slate-800/50 border-r border-gray-100 dark:border-slate-700/50 p-2 flex flex-col gap-1\">\n                <p className=\"text-[10px] font-bold text-gray-400 dark:text-gray-500 px-3 py-2 uppercase\">Atalhos</p>\n                {['Hoje', 'Ontem', '├Ültimos 7 dias', '├Ültimos 30 dias', 'Esta semana', 'Semana passada', 'Este m├¬s', 'M├¬s passado', 'Este ano'].map((label) => (\n                  <button\n                    key={label}\n                    onClick={() => handleShortcut(label)}\n                    className=\"text-left px-3 py-1.5 text-xs font-semibold text-gray-600 dark:text-gray-300 hover:bg-white dark:hover:bg-slate-700 hover:text-purple-600 dark:hover:text-purple-400 rounded-lg transition-all cursor-pointer\"\n                  >\n                    {label}\n                  </button>\n                ))}\n              </div>\n\n              <div className=\"p-4 bg-white dark:bg-[#1e293b]\">\n                <div className=\"flex items-center justify-between mb-4 px-2\">\n                  <div className=\"flex gap-2\">\n                    <div className=\"text-xs font-bold bg-gray-50 dark:bg-slate-800 rounded-md px-2 py-1 capitalize dark:text-gray-200\">{currentDate.toLocaleDateString('pt-BR', { month: 'long' })}</div>\n                    <div className=\"text-xs font-bold bg-gray-50 dark:bg-slate-800 rounded-md px-2 py-1 dark:text-gray-200\">2026</div>\n                  </div>\n                </div>\n                <div className=\"grid grid-cols-7 gap-1 text-center\">\n                  {['dom', 'seg', 'ter', 'qua', 'qui', 'sex', 'sab'].map(d => (\n                    <span key={d} className=\"text-[10px] font-bold text-gray-400 dark:text-gray-500 uppercase py-2\">{d}</span>\n                  ))}\n                  {Array.from({ length: 31 }).map((_, i) => (\n                    <button\n                      key={i}\n                      onClick={() => {\n                        setCurrentDate(new Date(2026, currentDate.getMonth(), i + 1));\n                        setIsCalendarOpen(false);\n                      }}\n                      className={`w-8 h-8 text-xs font-bold rounded-lg flex items-center justify-center transition-all cursor-pointer\n                        ${i + 1 === currentDate.getDate() ? 'bg-purple-600 text-white shadow-lg shadow-purple-200 dark:shadow-purple-900/50' : 'hover:bg-purple-50 dark:hover:bg-purple-900/20 text-gray-700 dark:text-gray-300'}\n                      `}\n                    >\n                      {i + 1}\n                    </button>\n                  ))}\n                </div>\n              </div>\n            </div>\n          )}\n        </div>\n\n        {/* Barra de Pesquisa e A├º├Áes */}\n        <div className=\"flex-1 flex flex-col md:flex-row items-center gap-3 bg-white dark:bg-[#1e293b] p-2 rounded-xl shadow-sm border border-gray-100 dark:border-slate-700/50\">\n          <div className=\"relative flex-1 group\">\n            <Search className=\"absolute left-3 top-1/2 -translate-y-1/2 w-4 h-4 text-gray-400 group-focus-within:text-purple-500 transition-colors\" />\n            <input\n              type=\"text\"\n              placeholder=\"Buscar...\"\n              className=\"w-full pl-10 pr-4 py-2 bg-gray-50 dark:bg-slate-800/50 dark:text-gray-100 border-none rounded-lg text-sm focus:outline-none cursor-text\"\n              value={searchTerm}\n              onChange={(e) => setSearchTerm(e.target.value)}\n            />\n          </div>\n          <div className=\"flex items-center gap-2\">\n            <button className=\"p-2 text-gray-500 dark:text-gray-400 hover:bg-gray-50 dark:hover:bg-slate-800/50 rounded-lg border border-gray-100 dark:border-slate-700/50 cursor-pointer\"><Tag className=\"w-4 h-4\" /></button>\n            <button onClick={() => handleSort('lucro')} className=\"flex items-center gap-2 px-3 py-2 text-sm font-bold text-gray-600 dark:text-gray-300 hover:bg-gray-50 dark:hover:bg-slate-800/50 rounded-lg border border-gray-100 dark:border-slate-700/50 cursor-pointer whitespace-nowrap\"><Settings className=\"w-4 h-4\" /> Organizar</button>\n            <button className=\"flex items-center gap-2 px-3 py-2 text-sm font-bold text-gray-600 dark:text-gray-300 hover:bg-gray-50 dark:hover:bg-slate-800/50 rounded-lg border border-gray-100 dark:border-slate-700/50 cursor-pointer whitespace-nowrap\"><FileText className=\"w-4 h-4\" /> Relat├│rio</button>\n            <button className=\"p-2 text-gray-500 dark:text-gray-400 hover:bg-gray-50 dark:hover:bg-slate-800/50 rounded-lg border border-gray-100 dark:border-slate-700/50 cursor-pointer\"><SlidersHorizontal className=\"w-4 h-4\" /></button>\n            <button className=\"p-2 text-gray-500 dark:text-gray-400 hover:bg-gray-50 dark:hover:bg-slate-800/50 rounded-lg border border-gray-100 dark:border-slate-700/50 cursor-pointer\"><Upload className=\"w-4 h-4\" /></button>\n            <button onClick={onAddSale} className=\"flex items-center gap-2 px-4 py-2 text-sm font-bold text-white bg-[#8B5CF6] hover:bg-[#7C3AED] rounded-lg shadow-sm cursor-pointer whitespace-nowrap\"><Plus className=\"w-4 h-4\" /> Nova Venda</button>\n          </div>\n        </div>\n      </div>\n\n      {/* 3. TABELA DE VENDAS */}\n      <div className=\"bg-white dark:bg-[#1e293b] rounded-2xl shadow-sm border border-gray-100 dark:border-slate-700/50 overflow-hidden\">\n        <div className=\"overflow-x-auto\">\n          <table className=\"w-full text-left whitespace-nowrap\">\n            <thead>\n              <tr className=\"border-b border-gray-50 dark:border-slate-700/50 bg-white dark:bg-[#1e293b]/50\">\n                <th className=\"px-6 py-4 text-[10px] font-black text-gray-400 dark:text-gray-500 uppercase tracking-widest\">Emiss├úo</th>\n                <th className=\"px-6 py-4 text-[10px] font-black text-gray-400 dark:text-gray-500 uppercase tracking-widest\">Embarque</th>\n                <th className=\"px-6 py-4 text-[10px] font-black text-gray-400 dark:text-gray-500 uppercase tracking-widest\">Retorno</th>\n                <th className=\"px-6 py-4 text-[10px] font-black text-gray-400 dark:text-gray-500 uppercase tracking-widest\">Localizador</th>\n                <th className=\"px-6 py-4 text-[10px] font-black text-gray-400 dark:text-gray-500 uppercase tracking-widest\">Cliente</th>\n                <th className=\"px-6 py-4 text-[10px] font-black text-gray-400 dark:text-gray-500 uppercase tracking-widest text-center\">Valor Venda</th>\n                <th className=\"px-6 py-4 text-[10px] font-black text-gray-400 dark:text-gray-500 uppercase tracking-widest text-center\">Custo</th>\n                <th className=\"px-6 py-4 text-[10px] font-black text-gray-400 dark:text-gray-500 uppercase tracking-widest text-center\">Comiss├úo</th>\n                <th className=\"px-6 py-4 text-[10px] font-black text-gray-400 dark:text-gray-500 uppercase tracking-widest text-center\">Emissor</th>\n                <th className=\"px-6 py-4 text-[10px] font-black text-gray-400 dark:text-gray-500 uppercase tracking-widest text-center\">Fornecedor</th>\n                <th className=\"px-6 py-4 text-[10px] font-black text-gray-400 dark:text-gray-500 uppercase tracking-widest flex items-center justify-center gap-1\">\n                  Modelo de Venda\n                  <button \n                    onClick={() => setIsModelHelpOpen(true)}\n                    className=\"w-3.5 h-3.5 rounded-full bg-gray-100 dark:bg-slate-700 flex items-center justify-center text-[9px] font-black text-gray-400 dark:text-gray-500 hover:bg-cyan-100 hover:text-cyan-600 transition-colors\"\n                  >\n                    !\n                  </button>\n                </th>\n                <th className=\"px-6 py-4 text-[10px] font-black text-gray-400 dark:text-gray-500 uppercase tracking-widest\">Status Custo</th>\n                <th className=\"px-6 py-4 text-[10px] font-black text-gray-400 dark:text-gray-500 uppercase tracking-widest\">Status Venda</th>\n                <th className=\"px-6 py-4 text-[10px] font-black text-gray-400 dark:text-gray-500 uppercase tracking-widest text-center\">Produto</th>\n                <th className=\"px-6 py-4 text-[10px] font-black text-gray-400 dark:text-gray-500 uppercase tracking-widest text-center\">Bilhetes</th>\n                <th className=\"px-6 py-4 text-[10px] font-black text-gray-400 dark:text-gray-500 uppercase tracking-widest text-right\">A├º├Áes</th>\n              </tr>\n            </thead>\n            <tbody className=\"divide-y divide-gray-50 dark:divide-slate-700/50\">\n              {filteredSales.map((sale) => (\n                <tr key={sale.id} className=\"hover:bg-gray-50/50 dark:hover:bg-slate-800/30 transition-colors group\">\n                  {/* 1. Data da Emiss├úo */}\n                  <td className=\"px-6 py-3 text-xs font-medium text-gray-600 dark:text-gray-400\">\n                    {formatDate(sale.saleDate)}\n                  </td>\n\n                  {/* 2. Data de Embarque */}\n                  <td className=\"px-6 py-3 text-xs font-bold text-gray-800 dark:text-gray-200\">\n                    {(() => {\n                      const date = sale.items?.find(i => i.departureDate)?.departureDate;\n                      return date ? formatDate(date) : '-';\n                    })()}\n                  </td>\n                  \n                  {/* 2.5 Data de Retorno */}\n                  <td className=\"px-6 py-3 text-xs font-bold text-gray-800 dark:text-gray-200\">\n                    {(() => {\n                      // Procura em qualquer item o campo returnDate preenchido\n                      const date = sale.items?.find(i => i.returnDate && i.returnDate !== '')?.returnDate;\n                      return date ? formatDate(date) : '-';\n                    })()}\n                  </td>\n\n                  {/* 3. Localizador */}\n                  <td className=\"px-6 py-3 text-xs font-black text-cyan-600 dark:text-cyan-400 tracking-wider\">\n                    {sale.items?.map(i => i.locator).filter(Boolean).filter((v, i, a) => a.indexOf(v) === i).join(', ') || '-'}\n                  </td>\n\n                  {/* 4. Cliente / Passageiros */}\n                  <td className=\"px-6 py-3 text-xs leading-tight\">\n                    <div className=\"flex flex-col\">\n                      {(() => {\n                        // 1. All unique names from all items\n                        const itemNames = sale.items?.flatMap(i => \n                          i.passengerName ? i.passengerName.split(',').map(n => n.trim()) : []\n                        ).filter(Boolean) || [];\n                        const uniqueNames = Array.from(new Set(itemNames));\n                        \n                        // 2. Resolve Main Name: Preference order\n                        // 1. sale.customerName\n                        // 2. first item passengerName first part\n                        // 3. first unique name\n                        let mainName = sale.customerName?.trim();\n                        if (!mainName && sale.items?.[0]?.passengerName) {\n                          mainName = sale.items[0].passengerName.split(',')[0].trim();\n                        }\n                        if (!mainName && uniqueNames.length > 0) {\n                          mainName = uniqueNames[0];\n                        }\n                        mainName = mainName || '-';\n\n                        // 3. Count others\n                        const othersCount = uniqueNames.filter(n => n.toLowerCase() !== mainName!.toLowerCase()).length;\n\n                        return (\n                          <>\n                            <span className=\"font-bold text-gray-900 dark:text-gray-100 uppercase truncate max-w-[150px]\" title={mainName}>\n                              {mainName}\n                            </span>\n                            {othersCount > 0 && (\n                              <span className=\"text-[10px] font-black text-cyan-500 dark:text-cyan-400 mt-0.5\">\n                                + {othersCount} {othersCount === 1 ? 'Passageiro' : 'Passageiros'}\n                              </span>\n                            )}\n                          </>\n                        );\n                      })()}\n                    </div>\n                  </td>\n\n                  {/* 5. Valor da Venda */}\n                  <td className=\"px-6 py-3 text-sm font-bold text-gray-800 dark:text-gray-200\">\n                    {(currentUser?.role === 'Administrador' || currentUser?.role === 'Gerente' || sale.emissor === `${currentUser?.name} ${currentUser?.lastName || ''}`.trim())\n                      ? fmt(sale.totalValue) : 'ÔÇóÔÇóÔÇóÔÇóÔÇóÔÇó'}\n                  </td>\n\n                  {/* 6. Custo Total */}\n                  <td className=\"px-6 py-3 text-sm font-bold text-gray-600 dark:text-gray-400\">\n                    {(currentUser?.role === 'Administrador' || currentUser?.role === 'Gerente' || sale.emissor === `${currentUser?.name} ${currentUser?.lastName || ''}`.trim())\n                      ? fmt(sale.totalCost) : 'ÔÇóÔÇóÔÇóÔÇóÔÇóÔÇó'}\n                  </td>\n\n                  {/* 6.1 Comiss├úo Total */}\n                  <td className=\"px-6 py-3 text-sm font-bold text-emerald-600 dark:text-emerald-400 text-center\">\n                    {(currentUser?.role === 'Administrador' || currentUser?.role === 'Gerente' || sale.emissor === `${currentUser?.name} ${currentUser?.lastName || ''}`.trim())\n                      ? fmt(sale.items?.reduce((sum, i) => sum + (i.additionalCosts || 0), 0) || 0) : 'ÔÇóÔÇóÔÇóÔÇóÔÇóÔÇó'}\n                  </td>\n\n                  {/* 6.2 Emissor */}\n                  <td className=\"px-6 py-3 text-center\">\n                    <div className=\"flex justify-center\">\n                      <span className=\"px-3 py-1 bg-gray-50/50 dark:bg-slate-800/50 text-[#3b82f6] dark:text-blue-400 font-black text-[10px] uppercase tracking-wider rounded-lg border border-gray-100 dark:border-slate-700/50 shadow-sm\" title={sale.emissor || '-'}>\n                        {sale.emissor || '-'}\n                      </span>\n                    </div>\n                  </td>\n\n                  {/* 6.5 Fornecedor */}\n                  <td className=\"px-6 py-3 text-[10px] font-bold text-gray-500 dark:text-gray-400\">\n                    <span className=\"truncate max-w-[120px] block\" title={sale.items?.map(i => i.vendor).filter(Boolean).join(', ')}>\n                      {sale.items?.map(i => i.vendor).filter(Boolean).filter((v, i, a) => a.indexOf(v) === i).join(', ') || '-'}\n                    </span>\n                  </td>\n\n                  {/* 7. Modelo da Venda */}\n                  <td className=\"px-6 py-3\">\n                    <select \n                      className=\"text-[10px] font-bold text-gray-500 dark:text-gray-400 bg-gray-50 dark:bg-slate-800 px-2 py-1 rounded-md uppercase border-none outline-none cursor-pointer hover:bg-gray-100 dark:hover:bg-slate-700 transition-colors\"\n                      value={sale.items && sale.items[0]?.saleModel ? sale.items[0].saleModel : 'Revenda'}\n                      disabled={currentUser?.role !== 'Administrador' && currentUser?.role !== 'Gerente' && sale.emissor !== `${currentUser?.name} ${currentUser?.lastName || ''}`.trim()}\n                      onChange={(e) => {\n                        const newModel = e.target.value;\n                        const updatedItems = sale.items?.map(item => ({ \n                          ...item, \n                          saleModel: newModel \n                        })) || [];\n                        onUpdateSale(sale.id, { \n                          items: updatedItems \n                        });\n                      }}\n                    >\n                      <option value=\"Customizado\">Customizado</option>\n                      <option value=\"Comiss├úo direta\">Comiss├úo direta</option>\n                      <option value=\"Comiss├úo com repasse\">Comiss├úo com repasse</option>\n                      <option value=\"Revenda\">Revenda</option>\n                    </select>\n                  </td>\n\n                  {/* 8. Status Custo */}\n                  <td className=\"px-6 py-3\">\n                    <select \n                      className={`text-[10px] font-bold px-2 py-1 rounded-md uppercase border-none outline-none cursor-pointer transition-colors ${\n                        sale.costStatus === 'Pago' \n                          ? 'bg-green-100 dark:bg-green-500/10 text-green-700 dark:text-green-400' \n                          : 'bg-red-100 dark:bg-red-500/10 text-red-700 dark:text-red-400'\n                      }`}\n                      value={sale.costStatus || 'Pendente'}\n                      disabled={currentUser?.role !== 'Administrador' && currentUser?.role !== 'Gerente' && sale.emissor !== `${currentUser?.name} ${currentUser?.lastName || ''}`.trim()}\n                      onChange={(e) => onUpdateSale(sale.id, { costStatus: e.target.value as any })}\n                    >\n                      <option value=\"Pendente\">Pendente</option>\n                      <option value=\"Pago\">Pago</option>\n                    </select>\n                  </td>\n\n                  {/* 9. Status Venda */}\n                  <td className=\"px-6 py-3\">\n                    <select \n                      className={`text-[10px] font-bold px-2 py-1 rounded-md uppercase border-none outline-none cursor-pointer transition-colors ${\n                        sale.saleStatus === 'Recebido' \n                          ? 'bg-cyan-100 dark:bg-cyan-500/10 text-cyan-700 dark:text-cyan-400' \n                          : 'bg-yellow-100 dark:bg-yellow-500/10 text-yellow-700 dark:text-yellow-400'\n                      }`}\n                      value={sale.saleStatus || 'Pendente'}\n                      disabled={currentUser?.role !== 'Administrador' && currentUser?.role !== 'Gerente' && sale.emissor !== `${currentUser?.name} ${currentUser?.lastName || ''}`.trim()}\n                      onChange={(e) => onUpdateSale(sale.id, { saleStatus: e.target.value as any })}\n                    >\n                      <option value=\"Pendente\">Pendente</option>\n                      <option value=\"Recebido\">Recebido</option>\n                      <option value=\"Parcial\">Parcial</option>\n                      <option value=\"Atrasado\">Atrasado</option>\n                      <option value=\"Cancelado\">Cancelado</option>\n                    </select>\n                  </td>\n\n                   {/* 9.5 Produto */}\n                  <td className=\"px-6 py-3\">\n                    <div className=\"flex justify-center flex-wrap gap-1 max-w-[120px] mx-auto\">\n                      {(() => {\n                        const types = Array.from(new Set(sale.items?.map(i => i.type).filter(Boolean) || []));\n                        const labels: Record<string, string> = {\n                          passagem: 'Passagem',\n                          hospedagem: 'Hospedagem',\n                          seguro: 'Seguro',\n                          aluguel: 'Aluguel',\n                          adicionais: 'Adicionais'\n                        };\n                        const colors: Record<string, string> = {\n                          passagem: 'bg-blue-50 dark:bg-blue-500/10 text-blue-600 dark:text-blue-400 border border-blue-100 dark:border-blue-500/20',\n                          hospedagem: 'bg-green-50 dark:bg-green-500/10 text-green-600 dark:text-green-400 border border-green-100 dark:border-green-500/20',\n                          seguro: 'bg-yellow-50 dark:bg-yellow-500/10 text-yellow-600 dark:text-yellow-400 border border-yellow-100 dark:border-yellow-500/20',\n                          aluguel: 'bg-purple-50 dark:bg-purple-500/10 text-purple-600 dark:text-purple-400 border border-purple-100 dark:border-purple-500/20',\n                          adicionais: 'bg-gray-50 dark:bg-gray-500/10 text-gray-600 dark:text-gray-400 border border-gray-100 dark:border-gray-500/20'\n                        };\n                        \n                        return types.length > 0 ? types.map(t => (\n                          <span key={t} className={`px-2 py-1 rounded-md text-[9px] font-black uppercase tracking-tighter whitespace-nowrap ${colors[t] || colors.passagem}`}>\n                            {labels[t] || t}\n                          </span>\n                        )) : <span className=\"text-[10px] font-bold text-gray-300 dark:text-gray-600 italic\">N/A</span>;\n                      })()}\n                    </div>\n                  </td>\n\n                  {/* 10. Bilhetes */}\n                  <td className=\"px-6 py-3\">\n                    <div className=\"flex justify-center gap-1.5 flex-wrap max-w-[120px] mx-auto\">\n                      {sale.items && sale.items.flatMap(item => [\n                        item.ticket_url ? { url: item.ticket_url, label: 'B1' } : null,\n                        item.ticket_url2 ? { url: item.ticket_url2, label: 'B2' } : null\n                      ]).filter(Boolean).map((ticket: any, idx) => (\n                        <a \n                          key={idx}\n                          href={ticket.url}\n                          target=\"_blank\"\n                          rel=\"noopener noreferrer\"\n                          className={`w-7 h-7 flex items-center justify-center rounded-lg transition-all shadow-sm ${\n                            ticket.label === 'B1' \n                              ? 'bg-red-50 dark:bg-red-500/10 text-red-600 dark:text-red-400 hover:bg-red-100 dark:hover:bg-red-500/20' \n                              : 'bg-orange-50 dark:bg-orange-500/10 text-orange-600 dark:text-orange-400 hover:bg-orange-100 dark:hover:bg-orange-500/20'\n                          }`}\n                          title={`Ver Bilhete ${ticket.label}`}\n                          onClick={(e) => e.stopPropagation()}\n                        >\n                          <FileText className=\"w-4 h-4\" />\n                        </a>\n                      ))}\n                      {(!sale.items || !sale.items.some(item => item.ticket_url || item.ticket_url2)) && (\n                        <span className=\"text-[10px] font-bold text-gray-300 dark:text-gray-600 italic\">Nenhum</span>\n                      )}\n                    </div>\n                  </td>\n\n                  {/* 11. A├º├Áes */}\n                  <td className=\"px-6 py-3\">\n                    <div className=\"flex gap-1 justify-end\">\n                      {(currentUser?.role === 'Administrador' || currentUser?.role === 'Gerente' || sale.emissor === `${currentUser?.name} ${currentUser?.lastName || ''}`.trim()) ? (\n                        <>\n                          <button onClick={() => onEditSale(sale)} className=\"p-1.5 text-gray-400 dark:text-gray-500 hover:text-purple-600 cursor-pointer transition-colors\" title=\"Editar Venda\"><Settings className=\"w-4 h-4\" /></button>\n                          <button onClick={() => onDeleteSale(sale.id)} className=\"p-1.5 text-gray-400 dark:text-gray-500 hover:text-red-500 cursor-pointer transition-colors\" title=\"Excluir Venda\"><Trash2 className=\"w-4 h-4\" /></button>\n                        </>\n                      ) : (\n                        <div className=\"p-1.5 text-gray-300 dark:text-gray-600 italic text-[10px]\">Restrito</div>\n                      )}\n                    </div>\n                  </td>\n                </tr>\n              ))}\n            </tbody>\n          </table>\n          {filteredSales.length === 0 && (\n            <div className=\"p-20 text-center text-gray-400 text-sm italic\">\n              Nenhuma venda encontrada para {monthYearLabel}.\n            </div>\n          )}\n        </div>\n      </div>\n\n      <AnimatePresence>\n        {isModelHelpOpen && (\n          <div className=\"fixed inset-0 z-[70] flex items-center justify-center p-4 bg-gray-900/40 backdrop-blur-sm\">\n            <motion.div \n              initial={{ opacity: 0, scale: 0.95, y: 20 }}\n              animate={{ opacity: 1, scale: 1, y: 0 }}\n              exit={{ opacity: 0, scale: 0.95, y: 20 }}\n              className=\"bg-white dark:bg-[#1e293b] rounded-[32px] w-full max-w-4xl border border-gray-100 dark:border-slate-700/50 max-h-[90vh] overflow-y-auto shadow-2xl relative\"\n            >\n              <div className=\"p-8 border-b border-gray-100 dark:border-slate-700/50 flex items-center justify-between sticky top-0 bg-white dark:bg-[#1e293b] z-10\">\n                <h2 className=\"text-xl font-black text-gray-900 dark:text-gray-100 uppercase tracking-tight\">Modelos de venda</h2>\n                <button onClick={() => setIsModelHelpOpen(false)} className=\"p-2 hover:bg-gray-100 dark:hover:bg-slate-800 rounded-full transition-all text-gray-400\">\n                  <X className=\"w-5 h-5\" />\n                </button>\n              </div>\n\n              <div className=\"p-8 space-y-8\">\n                <p className=\"text-sm font-bold text-gray-400\">Conhe├ºa os modelos de venda dispon├¡veis e como cada um gera lan├ºamentos financeiros.</p>\n                \n                <div className=\"grid grid-cols-1 md:grid-cols-2 gap-6\">\n                  {/* CUSTOMIZADO */}\n                  <div className=\"p-6 border border-gray-100 dark:border-slate-700/50 rounded-3xl space-y-4 hover:border-cyan-100 transition-all group\">\n                    <div className=\"flex items-center gap-3\">\n                      <div className=\"w-10 h-10 rounded-xl bg-green-600 flex items-center justify-center text-white shadow-lg shadow-green-500/20\">\n                        <LayoutGrid className=\"w-5 h-5\" />\n                      </div>\n                      <h3 className=\"text-lg font-black text-gray-800 dark:text-gray-200\">Customizado</h3>\n                    </div>\n                    <p className=\"text-sm font-bold text-gray-400 leading-relaxed\">Nenhum lan├ºamento ├® criado automaticamente. Os lan├ºamentos financeiros devem ser feitos manualmente.</p>\n                  </div>\n\n                  {/* COMISS├âO DIRETA */}\n                  <div className=\"p-6 border border-gray-100 dark:border-slate-700/50 rounded-3xl space-y-4 hover:border-cyan-100 transition-all group\">\n                    <div className=\"flex items-center gap-3\">\n                      <div className=\"w-10 h-10 rounded-xl bg-blue-600 flex items-center justify-center text-white shadow-lg shadow-blue-500/20\">\n                        <DollarSign className=\"w-5 h-5\" />\n                      </div>\n                      <h3 className=\"text-lg font-black text-gray-800 dark:text-gray-200\">Comiss├úo direta</h3>\n                    </div>\n                    <p className=\"text-sm font-bold text-gray-400 leading-relaxed\">O cliente paga diretamente o fornecedor ou consolidadora. A ag├¬ncia recebe apenas a comiss├úo/lucro.</p>\n                    <div className=\"flex flex-wrap gap-2 pt-2\">\n                       <span className=\"px-3 py-1.5 bg-green-50 dark:bg-green-500/10 text-green-600 dark:text-green-400 rounded-full text-[10px] font-black uppercase tracking-tighter border border-green-100 dark:border-green-500/20\">Receita (comiss├úo/lucro)</span>\n                    </div>\n                  </div>\n\n                  {/* COMISS├âO COM REPASSE */}\n                  <div className=\"p-6 border border-gray-100 dark:border-slate-700/50 rounded-3xl space-y-4 hover:border-cyan-100 transition-all group\">\n                    <div className=\"flex items-center gap-3\">\n                      <div className=\"w-10 h-10 rounded-xl bg-yellow-500 flex items-center justify-center text-white shadow-lg shadow-yellow-500/20\">\n                        <RefreshCw className=\"w-5 h-5\" />\n                      </div>\n                      <h3 className=\"text-lg font-black text-gray-800 dark:text-gray-200\">Comiss├úo com repasse</h3>\n                    </div>\n                    <p className=\"text-sm font-bold text-gray-400 leading-relaxed\">O cliente paga a ag├¬ncia, e a ag├¬ncia repassa o valor total ao fornecedor.</p>\n                    <div className=\"flex flex-wrap gap-2 pt-1 border-t border-gray-50 dark:border-slate-700/50 mt-2\">\n                       <span className=\"px-2 py-1 bg-blue-50 dark:bg-blue-500/10 text-blue-600 dark:text-blue-400 rounded-lg text-[9px] font-black uppercase tracking-tighter\">Entrada (Cliente)</span>\n                       <span className=\"px-2 py-1 bg-red-50 dark:bg-red-500/10 text-red-600 dark:text-red-400 rounded-lg text-[9px] font-black uppercase tracking-tighter\">Sa├¡da (Fornecedor)</span>\n                       <span className=\"px-2 py-1 bg-green-50 dark:bg-green-500/10 text-green-600 dark:text-green-400 rounded-lg text-[9px] font-black uppercase tracking-tighter\">Receita (Lucro)</span>\n                    </div>\n                  </div>\n\n                  {/* REVENDA */}\n                  <div className=\"p-6 border border-gray-100 dark:border-slate-700/50 rounded-3xl space-y-4 hover:border-cyan-100 transition-all group\">\n                    <div className=\"flex items-center gap-3\">\n                      <div className=\"w-10 h-10 rounded-xl bg-gray-900 dark:bg-slate-700 flex items-center justify-center text-white shadow-lg shadow-gray-500/20\">\n                        <ArrowLeftRight className=\"w-5 h-5\" />\n                      </div>\n                      <h3 className=\"text-lg font-black text-gray-800 dark:text-gray-200\">Revenda</h3>\n                    </div>\n                    <p className=\"text-sm font-bold text-gray-400 leading-relaxed\">O cliente paga a ag├¬ncia e a ag├¬ncia paga o fornecedor.</p>\n                    <div className=\"flex flex-wrap gap-2 pt-2\">\n                      <span className=\"px-3 py-1.5 bg-green-50 dark:bg-green-500/10 text-green-600 dark:text-green-400 rounded-full text-[10px] font-black uppercase tracking-tighter border border-green-100 dark:border-green-500/20\">Receita (Total)</span>\n                      <span className=\"px-3 py-1.5 bg-red-50 dark:bg-red-500/10 text-red-600 dark:text-red-400 rounded-full text-[10px] font-black uppercase tracking-tighter border border-red-100 dark:border-red-500/20\">Despesa (Custo)</span>\n                    </div>\n                  </div>\n                </div>\n              </div>\n\n              <div className=\"p-8 border-t border-gray-100 dark:border-slate-700/50 flex justify-end\">\n                <button \n                  onClick={() => setIsModelHelpOpen(false)}\n                  className=\"px-6 py-2.5 bg-gray-50 dark:bg-slate-800 text-gray-900 dark:text-gray-100 font-bold rounded-xl hover:bg-gray-100 dark:hover:bg-slate-700 transition-all flex items-center gap-2\"\n                >\n                  <ArrowLeft className=\"w-4 h-4\" /> Voltar\n                </button>\n              </div>\n            </motion.div>\n          </div>\n        )}\n      </AnimatePresence>\n    </div>\n  );\n}","usedDeprecatedRules":[]},{"filePath":"C:\\Users\\Cleber\\Documents\\EASY FLY\\SISTEMA\\Easy Fly\\components\\SupabaseSyncHandler.tsx","messages":[{"ruleId":"react-hooks/immutability","severity":2,"message":"Error: Cannot access variable before it is declared\n\n`checkConnection` is accessed before it is declared, which prevents the earlier access from updating when this value changes over time.\n\nC:\\Users\\Cleber\\Documents\\EASY FLY\\SISTEMA\\Easy Fly\\components\\SupabaseSyncHandler.tsx:21:5\n  19 |\n  20 |   useEffect(() => {\n> 21 |     checkConnection();\n     |     ^^^^^^^^^^^^^^^ `checkConnection` accessed before it is declared\n  22 |     supabase.auth.getSession().then(({ data: { session } }) => {\n  23 |       setSession(session);\n  24 |       if (session?.user?.email) fetchTeamMember(session.user.email);\n\nC:\\Users\\Cleber\\Documents\\EASY FLY\\SISTEMA\\Easy Fly\\components\\SupabaseSyncHandler.tsx:59:3\n  57 |   };\n  58 |\n> 59 |   async function checkConnection() {\n     |   ^^^^^^^^^^^^^^^^^^^^^^^^^^^^^^^^^^\n> 60 |     setIsSyncing(true);\n     | ^^^^^^^^^^^^^^^^^^^^^^^\n> 61 |     const connected = await syncService.checkConnection();\n     | ^^^^^^^^^^^^^^^^^^^^^^^\n> 62 |     setIsConnected(connected);\n     | ^^^^^^^^^^^^^^^^^^^^^^^\n> 63 |     if (connected) await onRefresh();\n     | ^^^^^^^^^^^^^^^^^^^^^^^\n> 64 |     setIsSyncing(false);\n     | ^^^^^^^^^^^^^^^^^^^^^^^\n> 65 |   }\n     | ^^^^ `checkConnection` is declared here\n  66 |\n  67 |   const handleLogin = async () => {\n  68 |     const email = prompt(\"Digite seu e-mail (banco teste):\", \"teste@easyfly.com\");","line":21,"column":5,"nodeType":null,"endLine":21,"endColumn":20},{"ruleId":"react-hooks/immutability","severity":2,"message":"Error: Cannot access variable before it is declared\n\n`fetchTeamMember` is accessed before it is declared, which prevents the earlier access from updating when this value changes over time.\n\nC:\\Users\\Cleber\\Documents\\EASY FLY\\SISTEMA\\Easy Fly\\components\\SupabaseSyncHandler.tsx:24:33\n  22 |     supabase.auth.getSession().then(({ data: { session } }) => {\n  23 |       setSession(session);\n> 24 |       if (session?.user?.email) fetchTeamMember(session.user.email);\n     |                                 ^^^^^^^^^^^^^^^ `fetchTeamMember` accessed before it is declared\n  25 |     });\n  26 |\n  27 |     const { data: { subscription: authSub } } = supabase.auth.onAuthStateChange((_event, session) => {\n\nC:\\Users\\Cleber\\Documents\\EASY FLY\\SISTEMA\\Easy Fly\\components\\SupabaseSyncHandler.tsx:54:3\n  52 |   }, []);\n  53 |\n> 54 |   const fetchTeamMember = async (email: string) => {\n     |   ^^^^^^^^^^^^^^^^^^^^^^^^^^^^^^^^^^^^^^^^^^^^^^^^^^\n> 55 |     const { data } = await supabase.from('team_members').select('*').eq('email', email).single();\n     | ^^^^^^^^^^^^^^^^^^^^^^^^^^^^^^^^^^^^^^^^^^^^^^^^^^^^^^^^^^^^^^^^^^^^^^^^^^^^^^^^^^^^^^^^^^^^^^^^^\n> 56 |     if (data) setTeamMember(data);\n     | ^^^^^^^^^^^^^^^^^^^^^^^^^^^^^^^^^^^^^^^^^^^^^^^^^^^^^^^^^^^^^^^^^^^^^^^^^^^^^^^^^^^^^^^^^^^^^^^^^\n> 57 |   };\n     | ^^^^^ `fetchTeamMember` is declared here\n  58 |\n  59 |   async function checkConnection() {\n  60 |     setIsSyncing(true);","line":24,"column":33,"nodeType":null,"endLine":24,"endColumn":48},{"ruleId":"react-hooks/exhaustive-deps","severity":1,"message":"React Hook useEffect has missing dependencies: 'checkConnection', 'onRefresh', and 'session.user.email'. Either include them or remove the dependency array.","line":52,"column":6,"nodeType":"ArrayExpression","endLine":52,"endColumn":8,"suggestions":[{"desc":"Update the dependencies array to be: [checkConnection, onRefresh, session.user.email]","fix":{"range":[1804,1806],"text":"[checkConnection, onRefresh, session.user.email]"}}]},{"ruleId":"@next/next/no-img-element","severity":1,"message":"Using `<img>` could result in slower LCP and higher bandwidth. Consider using `<Image />` from `next/image` or a custom image loader to automatically optimize images. This may incur additional usage or cost from your provider. See: https://nextjs.org/docs/messages/no-img-element","line":95,"column":19,"nodeType":"JSXOpeningElement","endLine":95,"endColumn":106}],"suppressedMessages":[],"errorCount":2,"fatalErrorCount":0,"warningCount":2,"fixableErrorCount":0,"fixableWarningCount":0,"source":"'use client';\n\nimport React, { useEffect, useState } from 'react';\nimport { supabase } from '../lib/supabase';\nimport { syncService } from '../services/syncService';\nimport { Cloud, CloudOff, RefreshCw, LogIn, User } from 'lucide-react';\nimport { motion, AnimatePresence } from 'motion/react';\n\ninterface Props {\n  onRefresh: () => Promise<void>;\n  collapsed?: boolean;\n}\n\nexport const SupabaseSyncHandler: React.FC<Props> = ({ onRefresh, collapsed }) => {\n  const [isConnected, setIsConnected] = useState<boolean | null>(null);\n  const [isSyncing, setIsSyncing] = useState(false);\n  const [session, setSession] = useState<any>(null);\n  const [teamMember, setTeamMember] = useState<any>(null);\n\n  useEffect(() => {\n    checkConnection();\n    supabase.auth.getSession().then(({ data: { session } }) => {\n      setSession(session);\n      if (session?.user?.email) fetchTeamMember(session.user.email);\n    });\n\n    const { data: { subscription: authSub } } = supabase.auth.onAuthStateChange((_event, session) => {\n      setSession(session);\n      if (session?.user?.email) fetchTeamMember(session.user.email);\n      else setTeamMember(null);\n    });\n\n    const channels = [\n      syncService.subscribe('customers', onRefresh),\n      syncService.subscribe('sales', onRefresh),\n      syncService.subscribe('suppliers', onRefresh)\n    ];\n\n    const stopAutoSync = syncService.startAutoSync(onRefresh, 300000);\n\n    const handleProfileUpdated = (e: any) => {\n      if (session?.user?.email) fetchTeamMember(session.user.email);\n    };\n    window.addEventListener('profile-updated', handleProfileUpdated);\n\n    return () => {\n      authSub.unsubscribe();\n      channels.forEach(ch => ch.unsubscribe());\n      stopAutoSync();\n      window.removeEventListener('profile-updated', handleProfileUpdated);\n    };\n  }, []);\n\n  const fetchTeamMember = async (email: string) => {\n    const { data } = await supabase.from('team_members').select('*').eq('email', email).single();\n    if (data) setTeamMember(data);\n  };\n\n  async function checkConnection() {\n    setIsSyncing(true);\n    const connected = await syncService.checkConnection();\n    setIsConnected(connected);\n    if (connected) await onRefresh();\n    setIsSyncing(false);\n  }\n\n  const handleLogin = async () => {\n    const email = prompt(\"Digite seu e-mail (banco teste):\", \"teste@easyfly.com\");\n    const password = prompt(\"Digite sua senha:\", \"123456\");\n    if (email && password) {\n      try {\n        const { error } = await supabase.auth.signInWithPassword({ email, password });\n        if (error) alert(error.message);\n      } catch (err) { console.error(err); }\n    }\n  };\n\n  const openMyProfile = () => {\n    window.dispatchEvent(new CustomEvent('open-my-profile'));\n  };\n\n  return (\n    <div className={`p-4 border-t border-[#145d66] bg-[#19727d] transition-all ${collapsed ? 'items-center' : 'items-start'}`}>\n      <div className=\"flex flex-col gap-3 w-full\">\n        {/* Auth status */}\n        <div className=\"flex items-center gap-3 w-full\">\n          {session ? (\n            <button \n              onClick={openMyProfile}\n              className={`flex items-center gap-3 text-left hover:bg-white/10 p-2 -ml-2 rounded-xl transition-all cursor-pointer w-full ${collapsed ? 'justify-center' : ''}`}\n              title=\"Meu Perfil\"\n            >\n              <div className=\"w-8 h-8 rounded-full overflow-hidden flex-shrink-0 bg-white/20 flex items-center justify-center text-white font-bold text-xs ring-2 ring-white/10\">\n                {teamMember?.avatar_url ? (\n                  <img src={teamMember.avatar_url} alt=\"Avatar\" className=\"w-full h-full object-cover\" />\n                ) : (\n                  <span>{teamMember?.name?.charAt(0) || session.user.email?.charAt(0).toUpperCase()}</span>\n                )}\n              </div>\n              {!collapsed && (\n                <div className=\"flex flex-col overflow-hidden\">\n                  <span className=\"text-xs font-bold text-white truncate w-full\">{teamMember ? `${teamMember.name} ${teamMember.last_name || ''}` : session.user.email?.split('@')[0]}</span>\n                  <span className=\"text-[9px] text-cyan-200 uppercase tracking-widest\">{teamMember?.role || 'Usu├írio'}</span>\n                </div>\n              )}\n            </button>\n          ) : (\n            <button \n              onClick={handleLogin}\n              className={`flex items-center gap-2 text-[11px] bg-white/10 px-2 py-1.5 rounded-lg hover:bg-white/20 text-white transition-colors cursor-pointer ${collapsed ? 'justify-center w-full' : ''}`}\n            >\n              <LogIn className=\"w-3 h-3\" />\n              {!collapsed && <span>Acessar Conta</span>}\n            </button>\n          )}\n        </div>\n\n        {/* Sync Status Info */}\n        <div className={`flex items-center gap-3 pt-2 border-t border-white/5 ${collapsed ? 'justify-center' : ''}`}>\n          <div className=\"relative\">\n            {isConnected ? (\n              <Cloud className=\"w-4 h-4 text-emerald-400\" />\n            ) : isConnected === false ? (\n              <CloudOff className=\"w-4 h-4 text-rose-400\" />\n            ) : (\n              <RefreshCw className=\"w-4 h-4 text-cyan-400 animate-spin\" />\n            )}\n            \n            <AnimatePresence>\n              {isSyncing && (\n                <motion.div \n                  initial={{ opacity: 0, scale: 0.8 }}\n                  animate={{ opacity: 1, scale: 1 }}\n                  exit={{ opacity: 0, scale: 0.8 }}\n                  className=\"absolute -top-1 -right-1 w-2 h-2 bg-cyan-500 rounded-full animate-pulse border border-[#19727d]\"\n                />\n              )}\n            </AnimatePresence>\n          </div>\n          \n          {!collapsed && (\n            <div className=\"flex flex-col\">\n              <span className=\"text-[10px] font-bold text-white uppercase tracking-wider\">\n                {isConnected ? 'Sincronizado' : isConnected === false ? 'Offline' : 'Conectando'}\n              </span>\n              <span className=\"text-[9px] text-cyan-200\">\n                {isSyncing ? 'Atualizando dados...' : 'Tempo Real Ativo'}\n              </span>\n            </div>\n          )}\n        </div>\n      </div>\n    </div>\n  );\n};\n","usedDeprecatedRules":[]},{"filePath":"C:\\Users\\Cleber\\Documents\\EASY FLY\\SISTEMA\\Easy Fly\\components\\SupplierModal.tsx","messages":[],"suppressedMessages":[],"errorCount":0,"fatalErrorCount":0,"warningCount":0,"fixableErrorCount":0,"fixableWarningCount":0,"usedDeprecatedRules":[]},{"filePath":"C:\\Users\\Cleber\\Documents\\EASY FLY\\SISTEMA\\Easy Fly\\components\\SuppliersView.tsx","messages":[],"suppressedMessages":[],"errorCount":0,"fatalErrorCount":0,"warningCount":0,"fixableErrorCount":0,"fixableWarningCount":0,"usedDeprecatedRules":[]},{"filePath":"C:\\Users\\Cleber\\Documents\\EASY FLY\\SISTEMA\\Easy Fly\\components\\UI.tsx","messages":[],"suppressedMessages":[],"errorCount":0,"fatalErrorCount":0,"warningCount":0,"fixableErrorCount":0,"fixableWarningCount":0,"usedDeprecatedRules":[]},{"filePath":"C:\\Users\\Cleber\\Documents\\EASY FLY\\SISTEMA\\Easy Fly\\components\\UsersView.tsx","messages":[{"ruleId":"@next/next/no-img-element","severity":1,"message":"Using `<img>` could result in slower LCP and higher bandwidth. Consider using `<Image />` from `next/image` or a custom image loader to automatically optimize images. This may incur additional usage or cost from your provider. See: https://nextjs.org/docs/messages/no-img-element","line":319,"column":49,"nodeType":"JSXOpeningElement","endLine":319,"endColumn":144},{"ruleId":"@next/next/no-img-element","severity":1,"message":"Using `<img>` could result in slower LCP and higher bandwidth. Consider using `<Image />` from `next/image` or a custom image loader to automatically optimize images. This may incur additional usage or cost from your provider. See: https://nextjs.org/docs/messages/no-img-element","line":425,"column":45,"nodeType":"JSXOpeningElement","endLine":425,"endColumn":131}],"suppressedMessages":[],"errorCount":0,"fatalErrorCount":0,"warningCount":2,"fixableErrorCount":0,"fixableWarningCount":0,"source":"'use client';\r\n\r\nimport React, { useState } from 'react';\r\nimport {\r\n    Users, UserPlus, Calculator, Trophy, Info,\r\n    MoreVertical, CheckCircle2, XCircle, Plus,\r\n    ChevronLeft, ChevronRight, X, Shield,\r\n    BadgeDollarSign, Target, Percent, Trash2, Edit3,\r\n    Settings\r\n} from 'lucide-react';\r\n\r\nimport { supabase } from '@/lib/supabase';\r\n\r\n// --- UTILS DE FORMATA├ç├âO ---\r\nconst formatCurrency = (value: number) => {\r\n    return new Intl.NumberFormat('pt-BR', {\r\n        style: 'currency',\r\n        currency: 'BRL',\r\n    }).format(value);\r\n};\r\n\r\nconst parseCurrency = (value: string) => {\r\n    return Number(value.replace(/\\D/g, \"\")) / 100;\r\n};\r\n\r\n// --- CONFIGURA├ç├âO DE PERMISS├òES PADR├âO POR CARGO ---\r\nconst ROLE_PERMISSIONS: Record<string, number> = {\r\n    'Administrador': 56,\r\n    'Gerente': 42,\r\n    'Vendedor': 28,\r\n    'Representante': 20,\r\n    'Suporte': 15,\r\n};\r\n\r\ninterface TeamMember {\r\n    id: string;\r\n    name: string;\r\n    last_name?: string;\r\n    email: string;\r\n    role: 'Administrador' | 'Gerente' | 'Vendedor' | 'Suporte' | 'Representante' | 'Contador';\r\n    status: 'Ativo' | 'Inativo';\r\n    salary: number;\r\n    commission_percent?: number;\r\n    permissionsCount: number;\r\n    birth_date?: string;\r\n    address?: string;\r\n    avatar_url?: string;\r\n}\r\n\r\n// Tipo de status de permiss├úo para renderizar ├¡cones/tags\r\ntype PermissionStatus = 'check' | 'x' | 'only_me' | 'del';\r\n\r\ninterface UsersViewProps {\r\n    currentUser: any;\r\n}\r\n\r\nexport function UsersView({ currentUser }: UsersViewProps) {\r\n    const [isInviteModalOpen, setIsInviteModalOpen] = useState(false);\r\n    const [isAccountantModalOpen, setIsAccountantModalOpen] = useState(false);\r\n    const [isPermissionsModalOpen, setIsPermissionsModalOpen] = useState(false);\r\n    const [isUploading, setIsUploading] = useState(false);\r\n    const [password, setPassword] = useState('');\r\n    \r\n    // --- ESTADO DO FORMUL├üRIO ---\r\n    const [formData, setFormData] = useState({\r\n        id: undefined as string | undefined,\r\n        name: '',\r\n        last_name: '',\r\n        email: '',\r\n        role: '' as TeamMember['role'],\r\n        salary: 0,\r\n        commission_percent: 0,\r\n        status: 'Ativo' as TeamMember['status'],\r\n        birth_date: '',\r\n        address: '',\r\n        avatar_url: ''\r\n    });\r\n\r\n    const handleEditMember = (member: TeamMember) => {\r\n        setFormData({\r\n            id: member.id,\r\n            name: member.name,\r\n            last_name: member.last_name || '',\r\n            email: member.email,\r\n            role: member.role,\r\n            salary: member.salary,\r\n            commission_percent: member.commission_percent || 0,\r\n            status: member.status,\r\n            birth_date: member.birth_date || '',\r\n            address: member.address || '',\r\n            avatar_url: member.avatar_url || ''\r\n        });\r\n        setPassword('');\r\n        setIsInviteModalOpen(true);\r\n    };\r\n\r\n    // --- ESTADO DE DADOS ---\r\n    const [members, setMembers] = useState<TeamMember[]>([]);\r\n\r\n    // --- CARREGAR DADOS ---\r\n    const fetchMembers = async () => {\r\n        const { data, error } = await supabase.from('team_members').select('*').order('name');\r\n        if (!error && data) {\r\n            setMembers(data.map(m => ({\r\n                id: m.id,\r\n                name: m.name,\r\n                last_name: m.last_name,\r\n                email: m.email,\r\n                role: m.role,\r\n                status: m.status,\r\n                salary: m.salary,\r\n                commission_percent: m.commission_percent,\r\n                permissionsCount: m.permissions_count,\r\n                birth_date: m.birth_date,\r\n                address: m.address,\r\n                avatar_url: m.avatar_url\r\n            })));\r\n        }\r\n    };\r\n\r\n    const isAdmin = currentUser?.role === 'Administrador';\r\n\r\n    React.useEffect(() => {\r\n        fetchMembers();\r\n    }, []);\r\n\r\n    const resetForm = () => setFormData({ \r\n        id: undefined, name: '', last_name: '', email: '', role: '' as any, salary: 0, commission_percent: 0, status: 'Ativo', birth_date: '', address: '', avatar_url: '' \r\n    });\r\n\r\n    const handleSaveMember = async () => {\r\n        if (!formData.name || !formData.role || !formData.email) {\r\n            alert(\"Por favor, preencha Nome, Email e Fun├º├úo.\");\r\n            return;\r\n        }\r\n\r\n        let isNewMember = !formData.id;\r\n\r\n        // Se for novo membro, precisamos da senha para criar conta\r\n        if (isNewMember && !password) {\r\n            alert(\"Por favor, defina uma senha tempor├íria para a cria├º├úo do logon do novo membro.\");\r\n            return;\r\n        }\r\n\r\n        if (isNewMember) {\r\n            // Usa Edge Function para criar Auth User\r\n            const { data, error } = await supabase.functions.invoke('create_user', {\r\n                body: { email: formData.email, password: password, name: formData.name, role: formData.role }\r\n            });\r\n\r\n            if (error) {\r\n                console.error(\"Edge function error:\", error);\r\n                let errMsg = error.message;\r\n                try {\r\n                    // Algumas vers├Áes do Supabase colocam o res.json() na propriedade error se n├úo for ok\r\n                    if ((error as any).context && typeof (error as any).context.json === 'function') {\r\n                        const errBody = await (error as any).context.json();\r\n                        if (errBody && errBody.error) errMsg = errBody.error;\r\n                    }\r\n                } catch(e) {}\r\n                alert(\"Falha na valida├º├úo de Logon: \" + (errMsg || \"A├º├úo rejeitada pelo sistema.\"));\r\n                return;\r\n            }\r\n        }\r\n\r\n        const payload: any = {\r\n            name: formData.name,\r\n            last_name: formData.last_name,\r\n            email: formData.email,\r\n            role: formData.role,\r\n            status: 'Ativo',\r\n            salary: formData.salary,\r\n            commission_percent: formData.commission_percent,\r\n            birth_date: formData.birth_date || null,\r\n            address: formData.address,\r\n            avatar_url: formData.avatar_url,\r\n            permissions_count: ROLE_PERMISSIONS[formData.role] || 0\r\n        };\r\n\r\n        if (formData.id) payload.id = formData.id;\r\n\r\n        const { error } = await supabase.from('team_members').upsert([payload], { onConflict: 'email' });\r\n        \r\n        if (error) {\r\n            console.error(\"Erro ao salvar membro:\", error);\r\n            alert(\"Erro ao salvar: \" + error.message);\r\n        } else {\r\n            fetchMembers();\r\n            setIsInviteModalOpen(false);\r\n            resetForm();\r\n            setPassword('');\r\n            alert(isNewMember ? \"Conta criada com sucesso!\" : \"Perfil atualizado com sucesso!\");\r\n        }\r\n    };\r\n\r\n    const handleUploadAvatar = async (e: React.ChangeEvent<HTMLInputElement>) => {\r\n        if (!e.target.files || e.target.files.length === 0) return;\r\n        const file = e.target.files[0];\r\n        const fileExt = file.name.split('.').pop();\r\n        const fileName = `${Math.random()}.${fileExt}`;\r\n        const filePath = `${fileName}`;\r\n\r\n        setIsUploading(true);\r\n        try {\r\n            const { error: uploadError } = await supabase.storage.from('avatars').upload(filePath, file);\r\n            if (uploadError) throw uploadError;\r\n\r\n            const { data } = supabase.storage.from('avatars').getPublicUrl(filePath);\r\n            setFormData(prev => ({ ...prev, avatar_url: data.publicUrl }));\r\n        } catch (error: any) {\r\n            alert('Erro ao fazer upload da imagem: ' + error.message);\r\n        } finally {\r\n            setIsUploading(false);\r\n        }\r\n    };\r\n\r\n    const handleInviteAccountant = async () => {\r\n        if (!formData.name || !formData.email) {\r\n            alert(\"Preencha Nome e Email do contador.\");\r\n            return;\r\n        }\r\n\r\n        const payload = {\r\n            name: formData.name,\r\n            email: formData.email,\r\n            role: 'Contador',\r\n            status: 'Ativo',\r\n            salary: 0,\r\n            permissions_count: 2, // Financeiro + Notas Fiscais\r\n            is_external: true\r\n        };\r\n\r\n        const { error } = await supabase.from('team_members').insert([payload]);\r\n        \r\n        if (error) {\r\n            alert(\"Erro ao convidar contador: \" + error.message);\r\n        } else {\r\n            fetchMembers();\r\n            setIsAccountantModalOpen(false);\r\n            resetForm();\r\n            alert(\"Convite enviado ao contador com sucesso!\");\r\n        }\r\n    };\r\n\r\n    return (\r\n        <div className=\"w-full space-y-6 animate-in fade-in duration-500\">\r\n\r\n            {/* NAVEGA├ç├âO SUPERIOR (TAB) */}\r\n            <div className=\"flex gap-8 border-b border-gray-200 dark:border-slate-700/50 text-sm font-medium text-gray-400 pb-px\">\r\n                {['Equipe', 'Clientes', 'Fornecedores', 'Passageiros'].map((tab, i) => (\r\n                    <button key={tab} className={`pb-3 relative cursor-pointer ${i === 0 ? 'text-purple-600 font-bold' : 'hover:text-gray-600 dark:hover:text-gray-300'}`}>\r\n                        {tab}\r\n                        {i === 0 && <div className=\"absolute bottom-0 left-0 w-full h-0.5 bg-purple-600\" />}\r\n                    </button>\r\n                ))}\r\n            </div>\r\n\r\n            {/* CARD GERENCIAR EQUIPE */}\r\n            <div className=\"bg-white dark:bg-[#1e293b] rounded-3xl border border-gray-100 dark:border-slate-700/50 shadow-sm p-8\">\r\n                <div className=\"flex flex-col md:flex-row justify-between items-start md:items-center gap-4 mb-8\">\r\n                    <div>\r\n                        <h2 className=\"text-2xl font-black text-gray-800 dark:text-gray-200\">Gerenciar Equipe</h2>\r\n                        <p className=\"text-sm text-gray-400 dark:text-gray-500 font-medium\">Convide membros e gerencie suas permiss├Áes</p>\r\n                    </div>\r\n\r\n                    <div className=\"flex flex-wrap items-center gap-3\">\r\n                        <div className=\"bg-white dark:bg-slate-800 border border-gray-100 dark:border-slate-700/50 px-3 py-2 rounded-xl flex items-center gap-2\">\r\n                            <Users className=\"w-4 h-4 text-gray-400 dark:text-gray-500\" />\r\n                            <span className=\"text-xs font-bold text-gray-600 dark:text-gray-300\">{members.length}/40 assentos</span>\r\n                            <Info className=\"w-3.5 h-3.5 text-gray-300 dark:text-gray-500\" />\r\n                        </div>\r\n                        {isAdmin && (\r\n                            <>\r\n                                <button \r\n                                    onClick={() => setIsAccountantModalOpen(true)}\r\n                                    className=\"flex items-center gap-2 px-4 py-2 bg-white dark:bg-slate-800 border border-gray-100 dark:border-slate-700/50 rounded-xl text-xs font-bold text-gray-600 dark:text-gray-300 hover:bg-gray-50 dark:hover:bg-slate-700/50 cursor-pointer\"\r\n                                >\r\n                                    Convidar Contador\r\n                                </button>\r\n                                <button className=\"flex items-center gap-2 px-4 py-2 bg-white dark:bg-slate-800 border border-gray-100 dark:border-slate-700/50 rounded-xl text-xs font-bold text-gray-600 dark:text-gray-300 hover:bg-gray-50 dark:hover:bg-slate-700/50 cursor-pointer\">\r\n                                    <Trophy className=\"w-4 h-4\" /> Metas & Comiss├Áes\r\n                                </button>\r\n                                <button\r\n                                    onClick={() => { resetForm(); setPassword(''); setIsInviteModalOpen(true); }}\r\n                                    className=\"flex items-center gap-2 px-5 py-2.5 bg-[#8B5CF6] text-white rounded-xl text-xs font-bold hover:bg-[#7C3AED] shadow-lg shadow-purple-200 dark:shadow-purple-900/20 cursor-pointer transition-all\"\r\n                                >\r\n                                    <UserPlus className=\"w-4 h-4\" /> Convidar Membro\r\n                                </button>\r\n                            </>\r\n                        )}\r\n                    </div>\r\n                </div>\r\n\r\n                {/* TABELA DE MEMBROS */}\r\n                <div className=\"overflow-x-auto\">\r\n                    <table className=\"w-full text-left\">\r\n                        <thead>\r\n                            <tr className=\"text-[11px] font-bold text-gray-400 dark:text-gray-500 uppercase tracking-widest border-b border-gray-50 dark:border-slate-700/50\">\r\n                                <th className=\"px-4 py-4\">Nome</th>\r\n                                <th className=\"px-4 py-4\">Email</th>\r\n                                <th className=\"px-4 py-4\">T├¡tulo/Cargo</th>\r\n                                {isAdmin && (\r\n                                    <>\r\n                                        <th className=\"px-4 py-4\">Sal├írio</th>\r\n                                        <th className=\"px-4 py-4\">Comiss├úo</th>\r\n                                    </>\r\n                                )}\r\n                                <th className=\"px-4 py-4\">Permiss├Áes</th>\r\n                                <th className=\"px-4 py-4 text-center\">Status</th>\r\n                                <th className=\"px-4 py-4 text-right\">A├º├Áes</th>\r\n                            </tr>\r\n                        </thead>\r\n                        <tbody className=\"divide-y divide-gray-50 dark:divide-slate-700/50\">\r\n                            {members.map(member => (\r\n                                <tr key={member.id} className=\"group hover:bg-gray-50/50 dark:hover:bg-slate-800/30 transition-colors\">\r\n                                    <td className=\"px-4 py-4 text-sm font-bold text-gray-900 dark:text-gray-200\">\r\n                                        <div className=\"flex items-center gap-3\">\r\n                                            {member.avatar_url ? (\r\n                                                <img src={member.avatar_url} alt={member.name} className=\"w-8 h-8 rounded-full object-cover\" />\r\n                                            ) : (\r\n                                                <div className=\"w-8 h-8 rounded-full bg-purple-100 dark:bg-purple-900/40 text-purple-600 dark:text-purple-400 flex items-center justify-center text-xs font-bold\">\r\n                                                    {member.name.charAt(0)}\r\n                                                </div>\r\n                                            )}\r\n                                            {member.name} {member.last_name || ''}\r\n                                        </div>\r\n                                    </td>\r\n                                    <td className=\"px-4 py-4 text-sm text-gray-500 dark:text-gray-400\">{member.email}</td>\r\n                                    <td className=\"px-4 py-4 text-sm font-medium text-gray-700 dark:text-gray-300\">{member.role || '-'}</td>\r\n                                    {isAdmin && (\r\n                                        <>\r\n                                            <td className=\"px-4 py-4 text-sm text-gray-500 dark:text-gray-400\">{formatCurrency(member.salary || 0)}</td>\r\n                                            <td className=\"px-4 py-4 text-sm text-gray-500 dark:text-gray-400\">{member.commission_percent ? `${member.commission_percent}%` : '-'}</td>\r\n                                        </>\r\n                                    )}\r\n                                    <td className=\"px-4 py-4\">\r\n                                        <button\r\n                                            onClick={() => setIsPermissionsModalOpen(true)}\r\n                                            className=\"px-3 py-1 bg-gray-100 dark:bg-slate-800 hover:bg-purple-50 dark:hover:bg-purple-500/10 hover:text-purple-600 dark:hover:text-purple-400 rounded-full text-[10px] font-bold text-gray-500 dark:text-gray-400 cursor-pointer transition-colors\"\r\n                                        >\r\n                                            {member.permissionsCount} permiss├Áes\r\n                                        </button>\r\n                                    </td>\r\n                                    <td className=\"px-4 py-4\">\r\n                                        <div className=\"flex flex-col items-center gap-1\">\r\n                                            <span className=\"flex items-center gap-1 px-3 py-1 bg-[#8B5CF6] text-white text-[10px] font-bold rounded-full uppercase\">\r\n                                                <CheckCircle2 className=\"w-3 h-3\" /> {member.status}\r\n                                            </span>\r\n                                            <span className=\"text-[9px] font-bold text-gray-400 dark:text-gray-500 border border-gray-200 dark:border-slate-700 px-2 rounded\">Emissor</span>\r\n                                        </div>\r\n                                    </td>\r\n                                    <td className=\"px-4 py-4 text-right\">\r\n                                        {isAdmin && (\r\n                                            <div className=\"flex justify-end gap-2\">\r\n                                                <button \r\n                                                    onClick={() => handleEditMember(member)}\r\n                                                    className=\"p-2 hover:bg-purple-50 dark:hover:bg-purple-500/10 text-gray-400 dark:text-gray-500 hover:text-purple-600 dark:hover:text-purple-400 rounded-lg transition-colors cursor-pointer\"\r\n                                                >\r\n                                                    <Edit3 className=\"w-4 h-4\" />\r\n                                                </button>\r\n                                                <button \r\n                                                    onClick={async () => {\r\n                                                        if (confirm(`Excluir ${member.name}?`)) {\r\n                                                            await supabase.from('team_members').delete().eq('id', member.id);\r\n                                                            fetchMembers();\r\n                                                        }\r\n                                                    }}\r\n                                                    className=\"p-2 hover:bg-red-50 dark:hover:bg-red-500/10 text-gray-400 dark:text-gray-500 hover:text-red-500 dark:hover:text-red-400 rounded-lg transition-colors cursor-pointer\"\r\n                                                >\r\n                                                    <Trash2 className=\"w-4 h-4\" />\r\n                                                </button>\r\n                                            </div>\r\n                                        )}\r\n                                    </td>\r\n                                </tr>\r\n                            ))}\r\n                        </tbody>\r\n                    </table>\r\n                </div>\r\n            </div>\r\n\r\n            {/* CARD ATIVIDADES DA EQUIPE */}\r\n            <div className=\"bg-white dark:bg-[#1e293b] rounded-3xl border border-gray-100 dark:border-slate-700/50 shadow-sm p-8 min-h-[500px]\">\r\n                <div className=\"flex justify-between items-center mb-8\">\r\n                    <h2 className=\"text-xl font-black text-gray-800 dark:text-gray-200\">Atividades da Equipe <span className=\"text-gray-300 dark:text-gray-600 font-medium\">(0 tarefas)</span></h2>\r\n                    <button className=\"flex items-center gap-2 px-4 py-2 bg-[#8B5CF6] text-white rounded-xl text-xs font-bold hover:bg-[#7C3AED] cursor-pointer\">\r\n                        <Plus className=\"w-4 h-4\" /> Nova Tarefa\r\n                    </button>\r\n                </div>\r\n\r\n                {/* BOARD DE TAREFAS */}\r\n                <div className=\"w-72 bg-gray-50/50 dark:bg-slate-800/20 rounded-2xl border border-gray-100 dark:border-slate-700/50 overflow-hidden\">\r\n                    <div className=\"p-4 border-b border-gray-100 dark:border-slate-700/50 flex items-center justify-between bg-white dark:bg-slate-800/50\">\r\n                        <div className=\"flex items-center gap-3\">\r\n                            <ChevronLeft className=\"w-4 h-4 text-gray-300 dark:text-gray-500 cursor-pointer\" />\r\n                            <div className=\"w-8 h-8 bg-purple-100 dark:bg-purple-500/20 rounded-full flex items-center justify-center text-purple-600 dark:text-purple-400 text-[10px] font-bold\">CA</div>\r\n                            <div>\r\n                                <p className=\"text-[10px] font-bold text-gray-800 dark:text-gray-200 leading-tight\">Cleber Antonio Silv...</p>\r\n                                <p className=\"text-[9px] text-gray-400 dark:text-gray-500\">Administrador</p>\r\n                            </div>\r\n                            <ChevronRight className=\"w-4 h-4 text-gray-300 dark:text-gray-500 cursor-pointer\" />\r\n                        </div>\r\n                        <span className=\"text-xs font-bold text-gray-300 dark:text-gray-600\">0</span>\r\n                    </div>\r\n                    <div className=\"p-10 flex flex-col items-center justify-center gap-4 text-gray-300 dark:text-gray-600\">\r\n                        <p className=\"text-xs font-medium italic\">Nenhuma tarefa</p>\r\n                    </div>\r\n                    <button className=\"w-full p-4 border-t border-gray-100 dark:border-slate-700/50 text-xs font-bold text-gray-400 dark:text-gray-500 hover:text-purple-600 dark:hover:text-purple-400 flex items-center gap-2 transition-colors cursor-pointer bg-white dark:bg-slate-800/50\">\r\n                        <Plus className=\"w-4 h-4\" /> Adicionar tarefa\r\n                    </button>\r\n                </div>\r\n            </div>\r\n\r\n            {/* MODAL CONVIDAR MEMBRO / CONFIGURAR COMISS├âO */}\r\n            {isInviteModalOpen && (\r\n                <div className=\"fixed inset-0 z-[100] flex items-center justify-center p-4 bg-black/40 backdrop-blur-sm\">\r\n                    <div className=\"bg-white dark:bg-[#1e293b] w-full max-w-4xl rounded-[2.5rem] shadow-2xl overflow-hidden animate-in zoom-in duration-300 border border-gray-100 dark:border-slate-700/50\">\r\n                        <div className=\"p-8 space-y-8\">\r\n                            <h3 className=\"text-lg font-bold text-gray-500 dark:text-gray-400 border-b border-gray-100 dark:border-slate-700/50 pb-4\">Informa├º├Áes B├ísicas</h3>\r\n\r\n                            <div className=\"flex items-center gap-6 mb-6\">\r\n                                <div className=\"relative group\">\r\n                                    <div className=\"w-24 h-24 rounded-full bg-gray-100 dark:bg-slate-800 border-2 dashed border-gray-300 dark:border-slate-700 flex items-center justify-center overflow-hidden\">\r\n                                        {formData.avatar_url ? (\r\n                                            <img src={formData.avatar_url} alt=\"Profile\" className=\"w-full h-full object-cover\" />\r\n                                        ) : (\r\n                                            <span className=\"text-gray-400 text-xs\">Sem Foto</span>\r\n                                        )}\r\n                                        <label className=\"absolute inset-0 bg-black/50 hidden group-hover:flex items-center justify-center flex-col transition-all cursor-pointer\">\r\n                                            <span className=\"text-[10px] text-white font-bold\">{isUploading ? 'Enviando...' : 'Alterar'}</span>\r\n                                            <input type=\"file\" accept=\"image/*\" className=\"hidden\" disabled={isUploading} onChange={handleUploadAvatar} />\r\n                                        </label>\r\n                                    </div>\r\n                                </div>\r\n                                <div className=\"flex-1 grid grid-cols-1 md:grid-cols-2 gap-4\">\r\n                                    <InputField \r\n                                        label=\"Nome *\" \r\n                                        placeholder=\"Nome\" \r\n                                        value={formData.name}\r\n                                        onChange={(val: string) => setFormData({...formData, name: val})}\r\n                                    />\r\n                                    <InputField \r\n                                        label=\"Sobrenome\" \r\n                                        placeholder=\"Sobrenome\" \r\n                                        value={formData.last_name}\r\n                                        onChange={(val: string) => setFormData({...formData, last_name: val})}\r\n                                    />\r\n                                </div>\r\n                            </div>\r\n\r\n                            <div className=\"grid grid-cols-1 md:grid-cols-3 gap-6\">\r\n                                <InputField \r\n                                    label=\"E-mail *\" \r\n                                    placeholder=\"exemplo@email.com\"\r\n                                    value={formData.email}\r\n                                    onChange={(val: string) => setFormData({...formData, email: val})}\r\n                                />\r\n                                <div className=\"space-y-2 flex-1\">\r\n                                    <label className=\"text-xs font-bold text-gray-500 dark:text-gray-400\">Senha{!formData.id ? ' *' : ' (Deixe vazio para n├úo mudar)'}</label>\r\n                                    <input\r\n                                        type=\"text\"\r\n                                        placeholder={!formData.id ? 'Defina senha tempor├íria' : 'ÔÇóÔÇóÔÇóÔÇóÔÇóÔÇóÔÇóÔÇó'}\r\n                                        value={password}\r\n                                        onChange={(e) => setPassword(e.target.value)}\r\n                                        className=\"w-full p-3 bg-gray-50 dark:bg-slate-900 border border-gray-100 dark:border-slate-700 rounded-xl text-sm font-medium outline-none focus:ring-2 focus:ring-purple-500/20 text-gray-900 dark:text-white\"\r\n                                    />\r\n                                </div>\r\n                                <InputField \r\n                                    label=\"Data Nasc.\" \r\n                                    type=\"date\"\r\n                                    value={formData.birth_date}\r\n                                    onChange={(val: string) => setFormData({...formData, birth_date: val})}\r\n                                />\r\n                            </div>\r\n\r\n                            <div className=\"grid grid-cols-1 md:grid-cols-2 gap-6 pt-4\">\r\n                                <InputField \r\n                                    label=\"Endere├ºo Completo\" \r\n                                    placeholder=\"Cidade, Rua...\"\r\n                                    value={formData.address}\r\n                                    onChange={(val: string) => setFormData({...formData, address: val})}\r\n                                />\r\n\r\n                                <div className=\"space-y-2\">\r\n                                    <div className=\"flex items-center gap-2\">\r\n                                        <label className=\"text-xs font-bold text-gray-500 dark:text-gray-400\">Fun├º├úo *</label>\r\n                                        <Info\r\n                                            onClick={() => setIsPermissionsModalOpen(true)}\r\n                                            className=\"w-4 h-4 text-cyan-400 cursor-pointer hover:text-cyan-600 transition-colors\"\r\n                                        />\r\n                                    </div>\r\n                                    <select\r\n                                        value={formData.role}\r\n                                        onChange={(e) => {\r\n                                            const role = e.target.value as TeamMember['role'];\r\n                                            setFormData({...formData, role});\r\n                                        }}\r\n                                        className=\"w-full p-3 bg-gray-50 dark:bg-slate-900 border border-gray-100 dark:border-slate-700 rounded-xl text-sm font-medium focus:ring-2 focus:ring-purple-500/20 outline-none cursor-pointer text-gray-900 dark:text-white\"\r\n                                    >\r\n                                        <option value=\"\">Selecione uma fun├º├úo</option>\r\n                                        <option value=\"Administrador\">Administrador</option>\r\n                                        <option value=\"Gerente\">Gerente</option>\r\n                                        <option value=\"Vendedor\">Vendedor</option>\r\n                                        <option value=\"Representante\">Representante</option>\r\n                                        <option value=\"Suporte\">Suporte</option>\r\n                                    </select>\r\n                                </div>\r\n\r\n                                <div className=\"space-y-2\">\r\n                                    <label className=\"text-xs font-bold text-gray-500 dark:text-gray-400\">Sal├írio Base (R$)</label>\r\n                                    <div className=\"flex items-center gap-4\">\r\n                                        <InputField \r\n                                            isCurrency={true} \r\n                                            value={formatCurrency(formData.salary)}\r\n                                            onChange={(val: number) => setFormData({...formData, salary: val})}\r\n                                        />\r\n                                        <label className=\"flex items-center gap-2 cursor-pointer group\">\r\n                                            <div className=\"w-10 h-5 bg-gray-200 dark:bg-slate-700 rounded-full relative transition-colors group-hover:bg-gray-300 dark:group-hover:bg-slate-600\">\r\n                                                <div className=\"absolute left-1 top-1 w-3 h-3 bg-white rounded-full transition-transform\" />\r\n                                            </div>\r\n                                            <span className=\"text-[10px] text-gray-400 dark:text-gray-500 font-medium whitespace-nowrap\">Ocultar custo/lucro</span>\r\n                                        </label>\r\n                                    </div>\r\n                                    <p className=\"text-[10px] text-gray-300 dark:text-gray-600\">Sal├írio fixo mensal do colaborador</p>\r\n                                </div>\r\n                            </div>\r\n\r\n                            {/* SE├ç├âO COMISS├âO (CONDICIONAL PARA VENDEDOR OU REPRESENTANTE) */}\r\n                            {(formData.role === 'Vendedor' || formData.role === 'Representante') && (\r\n                                <div className=\"pt-8 border-t border-gray-100 dark:border-slate-700/50 space-y-6 animate-in slide-in-from-top duration-500\">\r\n                                    <div className=\"flex items-center gap-2\">\r\n                                        <h3 className=\"text-xs font-bold text-gray-800 dark:text-gray-200\">Configura├º├úo de Comiss├úo</h3>\r\n                                        <span className=\"text-[9px] text-gray-300 dark:text-gray-600 font-medium\">(Opcional - aplic├ível para vendedores e representantes)</span>\r\n                                    </div>\r\n\r\n                                    <div className=\"grid grid-cols-1 md:grid-cols-3 gap-6\">\r\n                                        <SelectField label=\"Base da Comiss├úo\" options={['Lucro', 'Receita']} sub=\"Lucro = valor da venda menos custos\" />\r\n                                        <InputField \r\n                                            label=\"Percentual de Comiss├úo (%)\" \r\n                                            placeholder=\"0%\" \r\n                                            isPercentage={true}\r\n                                            value={formData.commission_percent ? String(formData.commission_percent) : \"\"}\r\n                                            onChange={(val: number) => setFormData({...formData, commission_percent: val})} \r\n                                        />\r\n                                        <SelectField label=\"Status\" options={['Ativo', 'Inativo']} />\r\n                                    </div>\r\n\r\n                                    <div className=\"grid grid-cols-1 md:grid-cols-3 gap-6 pt-4 border-t border-gray-50 dark:border-slate-700/50\">\r\n                                        <InputField \r\n                                            label=\"Meta Mensal (R$)\" \r\n                                            placeholder=\"R$ 0,00\" \r\n                                            isCurrency={true}\r\n                                            onChange={(val: number) => setFormData({...formData, ...{ monthlyMeta: val } as any })}\r\n                                        />\r\n                                        <InputField \r\n                                            label=\"B├┤nus por Meta (R$)\" \r\n                                            placeholder=\"R$ 0,00\" \r\n                                            isCurrency={true}\r\n                                            onChange={(val: number) => setFormData({...formData, ...{ metaBonus: val } as any })}\r\n                                        />\r\n                                        <InputField \r\n                                            label=\"B├┤nus Percentual (%)\" \r\n                                            placeholder=\"0%\" \r\n                                            isPercentage={true}\r\n                                            onChange={(val: number) => setFormData({...formData, ...{ bonusPercent: val } as any })}\r\n                                        />\r\n                                    </div>\r\n\r\n                                    <div className=\"space-y-2\">\r\n                                        <label className=\"text-xs font-bold text-gray-500 dark:text-gray-400\">Descri├º├úo</label>\r\n                                        <textarea\r\n                                            placeholder=\"Descri├º├úo opcional da configura├º├úo de comiss├úo...\"\r\n                                            className=\"w-full p-4 bg-gray-50 dark:bg-slate-900 border border-gray-100 dark:border-slate-700 rounded-2xl text-sm min-h-[100px] outline-none text-gray-900 dark:text-white\"\r\n                                        />\r\n                                    </div>\r\n                                </div>\r\n                            )}\r\n\r\n                            <div className=\"flex justify-end gap-3 pt-6 border-t border-gray-100 dark:border-slate-700/50\">\r\n                                <button onClick={() => setIsInviteModalOpen(false)} className=\"px-6 py-2.5 text-sm font-bold text-gray-400 dark:text-gray-500 hover:text-gray-600 dark:hover:text-gray-300 cursor-pointer\">Cancelar</button>\r\n                                <button onClick={handleSaveMember} className=\"px-8 py-2.5 bg-[#8B5CF6] text-white rounded-xl text-sm font-bold hover:bg-[#7C3AED] shadow-lg shadow-purple-200 dark:shadow-purple-900/20 cursor-pointer transition-all\">Salvar</button>\r\n                            </div>\r\n                        </div>\r\n                    </div>\r\n                </div>\r\n            )}\r\n\r\n            {/* MODAL CONVIDAR CONTADOR (ESTILO MOCKUP) */}\r\n            {isAccountantModalOpen && (\r\n                <div className=\"fixed inset-0 z-[120] flex items-center justify-center p-4 bg-black/40 backdrop-blur-sm\">\r\n                    <div className=\"bg-white dark:bg-[#1e293b] w-full max-w-md rounded-[2.5rem] shadow-2xl p-8 animate-in zoom-in duration-300 border border-gray-100 dark:border-slate-700/50\">\r\n                        <div className=\"space-y-8\">\r\n                            <div className=\"flex justify-between items-start\">\r\n                                <div>\r\n                                    <h2 className=\"text-xl font-black text-gray-800 dark:text-gray-200 leading-tight\">Convidar Contador</h2>\r\n                                    <p className=\"text-[11px] text-gray-400 dark:text-gray-500 font-medium mt-1\">Acesso gratuito ao Financeiro e Notas Fiscais</p>\r\n                                </div>\r\n                                <button onClick={() => setIsAccountantModalOpen(false)} className=\"text-gray-300 dark:text-gray-500 hover:text-gray-500 dark:hover:text-gray-300 transition-colors p-1\">\r\n                                    <X className=\"w-5 h-5\" />\r\n                                </button>\r\n                            </div>\r\n\r\n                            <div className=\"space-y-5\">\r\n                                <InputField \r\n                                    label=\"Nome do Contador *\" \r\n                                    placeholder=\"Nome completo\" \r\n                                    onChange={(v: string) => setFormData({...formData, name: v})}\r\n                                />\r\n                                <InputField \r\n                                    label=\"Email *\" \r\n                                    placeholder=\"email@contabilidade.com\" \r\n                                    onChange={(v: string) => setFormData({...formData, email: v})}\r\n                                />\r\n                            </div>\r\n\r\n                            <div className=\"bg-gray-50/50 dark:bg-slate-800/50 p-6 rounded-3xl border border-gray-100 dark:border-slate-700/50 space-y-4\">\r\n                                <label className=\"text-[10px] font-bold text-gray-500 dark:text-gray-400 uppercase tracking-widest leading-none\">Permiss├Áes inclu├¡das</label>\r\n                                <div className=\"flex gap-2\">\r\n                                    <span className=\"px-4 py-1.5 bg-purple-50 dark:bg-purple-500/10 text-purple-600 dark:text-purple-400 text-[10px] font-bold rounded-full border border-purple-100 dark:border-purple-500/20\">Financeiro</span>\r\n                                    <span className=\"px-4 py-1.5 bg-cyan-50 dark:bg-cyan-500/10 text-cyan-600 dark:text-cyan-400 text-[10px] font-bold rounded-full border border-cyan-100 dark:border-cyan-500/20\">Notas Fiscais</span>\r\n                                </div>\r\n                            </div>\r\n\r\n                            <div className=\"flex gap-3 pt-2\">\r\n                                <button \r\n                                    onClick={() => setIsAccountantModalOpen(false)}\r\n                                    className=\"flex-1 py-4 bg-gray-50 dark:bg-slate-800 text-gray-400 dark:text-gray-500 text-sm font-bold rounded-2xl hover:bg-gray-100 dark:hover:bg-slate-700 transition-all cursor-pointer\"\r\n                                >\r\n                                    Cancelar\r\n                                </button>\r\n                                <button \r\n                                    onClick={handleInviteAccountant}\r\n                                    className=\"flex-1 py-4 bg-[#8B5CF6] text-white text-sm font-bold rounded-2xl hover:bg-[#7C3AED] shadow-lg shadow-purple-200 dark:shadow-purple-900/20 transition-all cursor-pointer\"\r\n                                >\r\n                                    Enviar Convite\r\n                                </button>\r\n                            </div>\r\n                        </div>\r\n                    </div>\r\n                </div>\r\n            )}\r\n\r\n            {/* MODAL LISTA DE PERMISS├òES (VISUAL DARK) - O z-index superior garante que fique por cima */}\r\n            {isPermissionsModalOpen && (\r\n                <div className=\"fixed inset-0 z-[110] flex items-center justify-center p-4 bg-black/60 backdrop-blur-md\">\r\n                    <div className=\"bg-[#2D333B] w-full max-w-5xl rounded-xl overflow-hidden shadow-2xl animate-in fade-in zoom-in duration-300 border border-white/5\">\r\n                        {/* Header Dark */}\r\n                        <div className=\"p-4 bg-[#373E47] flex items-center justify-between border-b border-white/5\">\r\n                            <div className=\"flex items-center gap-2 text-white font-bold text-sm\">\r\n                                <Shield className=\"w-4 h-4 text-gray-400\" /> Permiss├Áes por Fun├º├úo\r\n                            </div>\r\n                            <button onClick={() => setIsPermissionsModalOpen(false)} className=\"text-gray-400 hover:text-white cursor-pointer p-1\">\r\n                                <X className=\"w-5 h-5\" />\r\n                            </button>\r\n                        </div>\r\n\r\n                        {/* Corpo da Tabela Dark */}\r\n                        <div className=\"overflow-y-auto max-h-[80vh]\">\r\n                            <table className=\"w-full text-left text-xs text-gray-300\">\r\n                                <thead className=\"bg-[#1C2128] text-center sticky top-0 z-10 border-b border-white/5\">\r\n                                    <tr>\r\n                                        <th className=\"p-4 bg-[#373E47]\"></th>\r\n                                        {['Admin', 'Gerente', 'Vendedor', 'Suporte', 'Represent.'].map(role => (\r\n                                            <th key={role} className=\"p-4 border-l border-white/5 font-bold uppercase tracking-wider\">{role}</th>\r\n                                        ))}\r\n                                    </tr>\r\n                                </thead>\r\n                                <tbody className=\"divide-y divide-white/5\">\r\n                                    {/* GRUPO 1: A├ç├òES / PERMISS├òES */}\r\n                                    <PermissionGroupHeader title=\"A├º├Áes / Permiss├Áes\" />\r\n                                    <PermissionRow label=\"Ver todas as vendas\" states={['check', 'check', 'only_me', 'only_me', 'only_me']} />\r\n                                    <PermissionRow label=\"Alterar status pgto\" states={['check', 'check', 'x', 'x', 'x']} />\r\n                                    <PermissionRow label=\"Transferir vendas\" states={['check', 'check', 'x', 'x', 'x']} />\r\n                                    <PermissionRow label=\"Excluir vendas\" states={['check', 'check', 'del', 'del', 'x']} />\r\n                                    <PermissionRow label=\"Comiss├Áes (config)\" states={['check', 'check', 'x', 'x', 'x']} />\r\n                                    <PermissionRow label=\"Gerenciar usu├írios\" states={['check', 'check', 'x', 'x', 'x']} />\r\n                                    <PermissionRow label=\"Criar voos\" states={['check', 'check', 'check', 'x', 'x']} />\r\n                                    <PermissionRow label=\"Importa├º├úo CSV\" states={['check', 'x', 'x', 'x', 'x']} />\r\n\r\n                                    {/* GRUPO 2: MENUS VIS├ìVEIS */}\r\n                                    <PermissionGroupHeader title=\"Menus Vis├¡veis\" />\r\n                                    <PermissionRow label=\"Dashboard\" states={['check', 'check', 'x', 'x', 'x']} />\r\n                                    <PermissionRow label=\"Desempenho\" states={['check', 'check', 'check', 'check', 'check']} />\r\n                                    <PermissionRow label=\"Financeiro\" states={['check', 'check', 'x', 'x', 'x']} />\r\n                                    <PermissionRow label=\"Vendas\" states={['check', 'check', 'check', 'check', 'x']} />\r\n                                    <PermissionRow label=\"Clientes\" states={['check', 'check', 'check', 'check', 'x']} />\r\n                                    <PermissionRow label=\"Relat├│rios\" states={['check', 'check', 'x', 'x', 'x']} />\r\n                                    <PermissionRow label=\"Voos\" states={['check', 'check', 'check', 'check', 'x']} />\r\n                                    <PermissionRow label=\"Suporte\" states={['check', 'check', 'check', 'check', 'check']} />\r\n                                    <PermissionRow label=\"Calend├írio\" states={['check', 'check', 'check', 'check', 'check']} />\r\n                                    <PermissionRow label=\"Produtos\" states={['check', 'check', 'x', 'x', 'x']} />\r\n                                    <PermissionRow label=\"Forma Pagamento\" states={['check', 'check', 'x', 'x', 'x']} />\r\n                                    <PermissionRow label=\"Fornecedores\" states={['check', 'check', 'x', 'x', 'x']} />\r\n                                    <PermissionRow label=\"Usu├írios\" states={['check', 'check', 'x', 'x', 'x']} />\r\n                                </tbody>\r\n                            </table>\r\n                        </div>\r\n\r\n                        {/* Footer com Bot├úo Roxo */}\r\n                        <div className=\"p-4 bg-[#373E47] flex justify-end border-t border-white/5\">\r\n                            <button\r\n                                onClick={() => setIsPermissionsModalOpen(false)}\r\n                                className=\"px-8 py-2 bg-purple-600 text-white font-bold rounded-lg hover:bg-purple-700 cursor-pointer transition-all shadow-lg shadow-purple-900/50\"\r\n                            >\r\n                                Fechar\r\n                            </button>\r\n                        </div>\r\n                    </div>\r\n                </div>\r\n            )}\r\n\r\n        </div>\r\n    );\r\n}\r\n\r\n// --- SUBCOMPONENTES AUXILIARES ---\r\n\r\nfunction InputField({ label, placeholder = \"\", value = \"\", type = \"text\", sub = \"\", isCurrency = false, isPercentage = false, onChange }: any) {\r\n    const [displayValue, setDisplayValue] = useState(value);\r\n\r\n    const handleFocus = (e: React.FocusEvent<HTMLInputElement>) => {\r\n        e.target.select();\r\n    };\r\n\r\n    const handleChange = (e: React.ChangeEvent<HTMLInputElement>) => {\r\n        let val = e.target.value;\r\n        \r\n        if (isCurrency) {\r\n            const numericValue = val.replace(/\\D/g, \"\");\r\n            const floatValue = Number(numericValue) / 100;\r\n            const formatted = formatCurrency(floatValue);\r\n            setDisplayValue(formatted);\r\n            if (onChange) onChange(floatValue);\r\n        } else if (isPercentage) {\r\n            const numericValue = val.replace(/\\D/g, \"\");\r\n            const numValue = Number(numericValue);\r\n            setDisplayValue(`${numValue}%`);\r\n            if (onChange) onChange(numValue);\r\n        } else {\r\n            setDisplayValue(val);\r\n            if (onChange) onChange(val);\r\n        }\r\n    };\r\n\r\n    return (\r\n        <div className=\"space-y-2 flex-1\">\r\n            {label && <label className=\"text-xs font-bold text-gray-500 dark:text-gray-400\">{label}</label>}\r\n            <input\r\n                type={type}\r\n                autoComplete=\"off\"\r\n                value={displayValue}\r\n                placeholder={placeholder}\r\n                onFocus={handleFocus}\r\n                onChange={handleChange}\r\n                className=\"w-full p-3 bg-gray-50 dark:bg-slate-900 border border-gray-100 dark:border-slate-700 rounded-xl text-sm font-medium outline-none focus:ring-2 focus:ring-purple-500/20 text-gray-900 dark:text-white\"\r\n            />\r\n            {sub && <p className=\"text-[10px] text-gray-300 dark:text-gray-500\">{sub}</p>}\r\n        </div>\r\n    );\r\n}\r\n\r\nfunction SelectField({ label, options, sub }: any) {\r\n    return (\r\n        <div className=\"space-y-2\">\r\n            <label className=\"text-xs font-bold text-gray-500 dark:text-gray-400\">{label}</label>\r\n            <select className=\"w-full p-3 bg-gray-50 dark:bg-slate-900 border border-gray-100 dark:border-slate-700 rounded-xl text-sm font-medium outline-none cursor-pointer text-gray-900 dark:text-white\">\r\n                {options.map((o: any) => <option key={o}>{o}</option>)}\r\n            </select>\r\n            {sub && <p className=\"text-[10px] text-gray-300 dark:text-gray-500\">{sub}</p>}\r\n        </div>\r\n    );\r\n}\r\n\r\nfunction PermissionGroupHeader({ title }: { title: string }) {\r\n    return (\r\n        <tr className=\"bg-[#1C2128]\">\r\n            <td colSpan={6} className=\"p-3 text-purple-400 font-black flex items-center gap-2\">\r\n                <Settings className=\"w-3.5 h-3.5\" /> {title}\r\n            </td>\r\n        </tr>\r\n    );\r\n}\r\n\r\n// Renderiza o ├¡cone ou tag correspondente ao status da permiss├úo\r\nfunction PermissionRow({ label, states }: { label: string, states: PermissionStatus[] }) {\r\n    const renderIcon = (state: PermissionStatus) => {\r\n        switch (state) {\r\n            case 'check': return <CheckCircle2 className=\"w-5 h-5 text-green-500 mx-auto\" />;\r\n            case 'x': return <XCircle className=\"w-5 h-5 text-red-500/80 mx-auto\" />;\r\n            case 'only_me': return <span className=\"bg-red-500/10 text-red-400 px-2 py-0.5 rounded-full text-[9px] font-bold mx-auto flex items-center justify-center w-fit\">Ô£û s├│ dele</span>;\r\n            case 'del': return <span className=\"bg-green-500/10 text-green-400 px-2 py-0.5 rounded-full text-[9px] font-bold mx-auto flex items-center justify-center w-fit\">Ô£ö dele</span>;\r\n            default: return null;\r\n        }\r\n    };\r\n\r\n    return (\r\n        <tr className=\"border-b border-white/5 hover:bg-white/5 transition-colors\">\r\n            <td className=\"p-4 font-medium text-gray-400\">{label}</td>\r\n            {states.map((state, i) => (\r\n                <td key={i} className=\"p-4 border-l border-white/5 text-center\">{renderIcon(state)}</td>\r\n            ))}\r\n        </tr>\r\n    );\r\n}","usedDeprecatedRules":[]},{"filePath":"C:\\Users\\Cleber\\Documents\\EASY FLY\\SISTEMA\\Easy Fly\\eslint.config.mjs","messages":[],"suppressedMessages":[],"errorCount":0,"fatalErrorCount":0,"warningCount":0,"fixableErrorCount":0,"fixableWarningCount":0,"usedDeprecatedRules":[]},{"filePath":"C:\\Users\\Cleber\\Documents\\EASY FLY\\SISTEMA\\Easy Fly\\hooks\\use-mobile.ts","messages":[],"suppressedMessages":[],"errorCount":0,"fatalErrorCount":0,"warningCount":0,"fixableErrorCount":0,"fixableWarningCount":0,"usedDeprecatedRules":[]},{"filePath":"C:\\Users\\Cleber\\Documents\\EASY FLY\\SISTEMA\\Easy Fly\\hooks\\useCustomers.ts","messages":[],"suppressedMessages":[],"errorCount":0,"fatalErrorCount":0,"warningCount":0,"fixableErrorCount":0,"fixableWarningCount":0,"usedDeprecatedRules":[]},{"filePath":"C:\\Users\\Cleber\\Documents\\EASY FLY\\SISTEMA\\Easy Fly\\hooks\\useGroups.ts","messages":[],"suppressedMessages":[],"errorCount":0,"fatalErrorCount":0,"warningCount":0,"fixableErrorCount":0,"fixableWarningCount":0,"usedDeprecatedRules":[]},{"filePath":"C:\\Users\\Cleber\\Documents\\EASY FLY\\SISTEMA\\Easy Fly\\hooks\\useInactivityTimeout.ts","messages":[],"suppressedMessages":[],"errorCount":0,"fatalErrorCount":0,"warningCount":0,"fixableErrorCount":0,"fixableWarningCount":0,"usedDeprecatedRules":[]},{"filePath":"C:\\Users\\Cleber\\Documents\\EASY FLY\\SISTEMA\\Easy Fly\\hooks\\useLeads.ts","messages":[],"suppressedMessages":[],"errorCount":0,"fatalErrorCount":0,"warningCount":0,"fixableErrorCount":0,"fixableWarningCount":0,"usedDeprecatedRules":[]},{"filePath":"C:\\Users\\Cleber\\Documents\\EASY FLY\\SISTEMA\\Easy Fly\\hooks\\useSales.ts","messages":[],"suppressedMessages":[],"errorCount":0,"fatalErrorCount":0,"warningCount":0,"fixableErrorCount":0,"fixableWarningCount":0,"usedDeprecatedRules":[]},{"filePath":"C:\\Users\\Cleber\\Documents\\EASY FLY\\SISTEMA\\Easy Fly\\hooks\\useSuppliers.ts","messages":[],"suppressedMessages":[],"errorCount":0,"fatalErrorCount":0,"warningCount":0,"fixableErrorCount":0,"fixableWarningCount":0,"usedDeprecatedRules":[]},{"filePath":"C:\\Users\\Cleber\\Documents\\EASY FLY\\SISTEMA\\Easy Fly\\hooks\\useTheme.ts","messages":[],"suppressedMessages":[],"errorCount":0,"fatalErrorCount":0,"warningCount":0,"fixableErrorCount":0,"fixableWarningCount":0,"usedDeprecatedRules":[]},{"filePath":"C:\\Users\\Cleber\\Documents\\EASY FLY\\SISTEMA\\Easy Fly\\lib\\supabase.ts","messages":[],"suppressedMessages":[],"errorCount":0,"fatalErrorCount":0,"warningCount":0,"fixableErrorCount":0,"fixableWarningCount":0,"usedDeprecatedRules":[]},{"filePath":"C:\\Users\\Cleber\\Documents\\EASY FLY\\SISTEMA\\Easy Fly\\lib\\utils.ts","messages":[],"suppressedMessages":[],"errorCount":0,"fatalErrorCount":0,"warningCount":0,"fixableErrorCount":0,"fixableWarningCount":0,"usedDeprecatedRules":[]},{"filePath":"C:\\Users\\Cleber\\Documents\\EASY FLY\\SISTEMA\\Easy Fly\\next.config.ts","messages":[],"suppressedMessages":[],"errorCount":0,"fatalErrorCount":0,"warningCount":0,"fixableErrorCount":0,"fixableWarningCount":0,"usedDeprecatedRules":[]},{"filePath":"C:\\Users\\Cleber\\Documents\\EASY FLY\\SISTEMA\\Easy Fly\\postcss.config.mjs","messages":[],"suppressedMessages":[],"errorCount":0,"fatalErrorCount":0,"warningCount":0,"fixableErrorCount":0,"fixableWarningCount":0,"usedDeprecatedRules":[]},{"filePath":"C:\\Users\\Cleber\\Documents\\EASY FLY\\SISTEMA\\Easy Fly\\services\\mapperService.ts","messages":[],"suppressedMessages":[],"errorCount":0,"fatalErrorCount":0,"warningCount":0,"fixableErrorCount":0,"fixableWarningCount":0,"usedDeprecatedRules":[]},{"filePath":"C:\\Users\\Cleber\\Documents\\EASY FLY\\SISTEMA\\Easy Fly\\services\\supabaseService.ts","messages":[],"suppressedMessages":[],"errorCount":0,"fatalErrorCount":0,"warningCount":0,"fixableErrorCount":0,"fixableWarningCount":0,"usedDeprecatedRules":[]},{"filePath":"C:\\Users\\Cleber\\Documents\\EASY FLY\\SISTEMA\\Easy Fly\\services\\syncService.ts","messages":[],"suppressedMessages":[],"errorCount":0,"fatalErrorCount":0,"warningCount":0,"fixableErrorCount":0,"fixableWarningCount":0,"usedDeprecatedRules":[]},{"filePath":"C:\\Users\\Cleber\\Documents\\EASY FLY\\SISTEMA\\Easy Fly\\tmp\\debug_flight.js","messages":[],"suppressedMessages":[],"errorCount":0,"fatalErrorCount":0,"warningCount":0,"fixableErrorCount":0,"fixableWarningCount":0,"usedDeprecatedRules":[]},{"filePath":"C:\\Users\\Cleber\\Documents\\EASY FLY\\SISTEMA\\Easy Fly\\types.ts","messages":[],"suppressedMessages":[],"errorCount":0,"fatalErrorCount":0,"warningCount":0,"fixableErrorCount":0,"fixableWarningCount":0,"usedDeprecatedRules":[]}]
